Listening to port 4567
Connected!!!
Previous Path size :0
dist increment = 0.5
end S = 0
0
Car X =909.48
Car y =1128.67
End S  =124.834
new S = 124.834
Current S passed in conversion module :124.834
Current d vector calculated :0.99999
Current S =124.834
Current X =909.486
Current Y =1127.84
new S = 125.234
Current S passed in conversion module :125.234
Current d vector calculated :0.999989
Current S =125.234
Current X =909.888
Current Y =1127.84
new S = 125.634
Current S passed in conversion module :125.634
Current d vector calculated :0.999988
Current S =125.634
Current X =910.291
Current Y =1127.84
new S = 126.034
Current S passed in conversion module :126.034
Current d vector calculated :0.999988
Current S =126.034
Current X =910.694
Current Y =1127.85
new S = 126.434
Current S passed in conversion module :126.434
Current d vector calculated :0.999987
Current S =126.434
Current X =911.097
Current Y =1127.85
new S = 126.834
Current S passed in conversion module :126.834
Current d vector calculated :0.999986
Current S =126.834
Current X =911.5
Current Y =1127.85
new S = 127.234
Current S passed in conversion module :127.234
Current d vector calculated :0.999985
Current S =127.234
Current X =911.903
Current Y =1127.86
new S = 127.634
Current S passed in conversion module :127.634
Current d vector calculated :0.999984
Current S =127.634
Current X =912.306
Current Y =1127.86
new S = 128.034
Current S passed in conversion module :128.034
Current d vector calculated :0.999983
Current S =128.034
Current X =912.71
Current Y =1127.86
new S = 128.434
Current S passed in conversion module :128.434
Current d vector calculated :0.999982
Current S =128.434
Current X =913.113
Current Y =1127.87
new S = 128.834
Current S passed in conversion module :128.834
Current d vector calculated :0.999981
Current S =128.834
Current X =913.516
Current Y =1127.87
new S = 129.234
Current S passed in conversion module :129.234
Current d vector calculated :0.99998
Current S =129.234
Current X =913.92
Current Y =1127.87
new S = 129.634
Current S passed in conversion module :129.634
Current d vector calculated :0.999979
Current S =129.634
Current X =914.323
Current Y =1127.88
new S = 130.034
Current S passed in conversion module :130.034
Current d vector calculated :0.999978
Current S =130.034
Current X =914.727
Current Y =1127.88
new S = 130.434
Current S passed in conversion module :130.434
Current d vector calculated :0.999977
Current S =130.434
Current X =915.13
Current Y =1127.88
new S = 130.834
Current S passed in conversion module :130.834
Current d vector calculated :0.999976
Current S =130.834
Current X =915.534
Current Y =1127.89
new S = 131.234
Current S passed in conversion module :131.234
Current d vector calculated :0.999975
Current S =131.234
Current X =915.938
Current Y =1127.89
new S = 131.634
Current S passed in conversion module :131.634
Current d vector calculated :0.999974
Current S =131.634
Current X =916.342
Current Y =1127.89
new S = 132.034
Current S passed in conversion module :132.034
Current d vector calculated :0.999973
Current S =132.034
Current X =916.746
Current Y =1127.9
new S = 132.434
Current S passed in conversion module :132.434
Current d vector calculated :0.999972
Current S =132.434
Current X =917.15
Current Y =1127.9
new S = 132.834
Current S passed in conversion module :132.834
Current d vector calculated :0.999971
Current S =132.834
Current X =917.554
Current Y =1127.91
new S = 133.234
Current S passed in conversion module :133.234
Current d vector calculated :0.99997
Current S =133.234
Current X =917.958
Current Y =1127.91
new S = 133.634
Current S passed in conversion module :133.634
Current d vector calculated :0.999969
Current S =133.634
Current X =918.362
Current Y =1127.91
new S = 134.034
Current S passed in conversion module :134.034
Current d vector calculated :0.999968
Current S =134.034
Current X =918.766
Current Y =1127.92
new S = 134.434
Current S passed in conversion module :134.434
Current d vector calculated :0.999967
Current S =134.434
Current X =919.17
Current Y =1127.92
new S = 134.834
Current S passed in conversion module :134.834
Current d vector calculated :0.999966
Current S =134.834
Current X =919.575
Current Y =1127.92
new S = 135.234
Current S passed in conversion module :135.234
Current d vector calculated :0.999965
Current S =135.234
Current X =919.979
Current Y =1127.93
new S = 135.634
Current S passed in conversion module :135.634
Current d vector calculated :0.999964
Current S =135.634
Current X =920.383
Current Y =1127.93
new S = 136.034
Current S passed in conversion module :136.034
Current d vector calculated :0.999963
Current S =136.034
Current X =920.788
Current Y =1127.93
new S = 136.434
Current S passed in conversion module :136.434
Current d vector calculated :0.999962
Current S =136.434
Current X =921.192
Current Y =1127.94
new S = 136.834
Current S passed in conversion module :136.834
Current d vector calculated :0.999961
Current S =136.834
Current X =921.597
Current Y =1127.94
new S = 137.234
Current S passed in conversion module :137.234
Current d vector calculated :0.99996
Current S =137.234
Current X =922.002
Current Y =1127.94
new S = 137.634
Current S passed in conversion module :137.634
Current d vector calculated :0.99996
Current S =137.634
Current X =922.406
Current Y =1127.95
new S = 138.034
Current S passed in conversion module :138.034
Current d vector calculated :0.999959
Current S =138.034
Current X =922.811
Current Y =1127.95
new S = 138.434
Current S passed in conversion module :138.434
Current d vector calculated :0.999958
Current S =138.434
Current X =923.216
Current Y =1127.96
new S = 138.834
Current S passed in conversion module :138.834
Current d vector calculated :0.999957
Current S =138.834
Current X =923.621
Current Y =1127.96
new S = 139.234
Current S passed in conversion module :139.234
Current d vector calculated :0.999957
Current S =139.234
Current X =924.026
Current Y =1127.96
new S = 139.634
Current S passed in conversion module :139.634
Current d vector calculated :0.999956
Current S =139.634
Current X =924.431
Current Y =1127.97
new S = 140.034
Current S passed in conversion module :140.034
Current d vector calculated :0.999956
Current S =140.034
Current X =924.836
Current Y =1127.97
new S = 140.434
Current S passed in conversion module :140.434
Current d vector calculated :0.999956
Current S =140.434
Current X =925.241
Current Y =1127.97
new S = 140.834
Current S passed in conversion module :140.834
Current d vector calculated :0.999955
Current S =140.834
Current X =925.647
Current Y =1127.98
new S = 141.234
Current S passed in conversion module :141.234
Current d vector calculated :0.999955
Current S =141.234
Current X =926.052
Current Y =1127.98
new S = 141.634
Current S passed in conversion module :141.634
Current d vector calculated :0.999955
Current S =141.634
Current X =926.457
Current Y =1127.98
new S = 142.034
Current S passed in conversion module :142.034
Current d vector calculated :0.999955
Current S =142.034
Current X =926.863
Current Y =1127.99
new S = 142.434
Current S passed in conversion module :142.434
Current d vector calculated :0.999955
Current S =142.434
Current X =927.268
Current Y =1127.99
new S = 142.834
Current S passed in conversion module :142.834
Current d vector calculated :0.999956
Current S =142.834
Current X =927.674
Current Y =1128
new S = 143.234
Current S passed in conversion module :143.234
Current d vector calculated :0.999956
Current S =143.234
Current X =928.079
Current Y =1128
new S = 143.634
Current S passed in conversion module :143.634
Current d vector calculated :0.999957
Current S =143.634
Current X =928.485
Current Y =1128
new S = 144.034
Current S passed in conversion module :144.034
Current d vector calculated :0.999958
Current S =144.034
Current X =928.891
Current Y =1128.01
Previous Path size :47
dist increment = 0.5
end S = 144.238
47
new S = 144.238
Current S passed in conversion module :144.238
Current d vector calculated :0.999958
Current S =144.238
Current X =929.098
Current Y =1128.01
new S = 144.688
Current S passed in conversion module :144.688
Current d vector calculated :0.999959
Current S =144.688
Current X =929.554
Current Y =1128.01
new S = 145.138
Current S passed in conversion module :145.138
Current d vector calculated :0.999961
Current S =145.138
Current X =930.011
Current Y =1128.02
Previous Path size :47
dist increment = 0.5
end S = 145.358
47
new S = 145.358
Current S passed in conversion module :145.358
Current d vector calculated :0.999962
Current S =145.358
Current X =930.234
Current Y =1128.02
new S = 145.808
Current S passed in conversion module :145.808
Current d vector calculated :0.999964
Current S =145.808
Current X =930.691
Current Y =1128.02
new S = 146.258
Current S passed in conversion module :146.258
Current d vector calculated :0.999966
Current S =146.258
Current X =931.148
Current Y =1128.03
Previous Path size :45
dist increment = 0.5
end S = 146.495
45
new S = 146.495
Current S passed in conversion module :146.495
Current d vector calculated :0.999967
Current S =146.495
Current X =931.388
Current Y =1128.03
new S = 146.945
Current S passed in conversion module :146.945
Current d vector calculated :0.999969
Current S =146.945
Current X =931.845
Current Y =1128.03
new S = 147.395
Current S passed in conversion module :147.395
Current d vector calculated :0.999972
Current S =147.395
Current X =932.302
Current Y =1128.04
new S = 147.845
Current S passed in conversion module :147.845
Current d vector calculated :0.999975
Current S =147.845
Current X =932.759
Current Y =1128.04
new S = 148.295
Current S passed in conversion module :148.295
Current d vector calculated :0.999979
Current S =148.295
Current X =933.216
Current Y =1128.05
Previous Path size :44
dist increment = 0.5
end S = 148.563
44
new S = 148.563
Current S passed in conversion module :148.563
Current d vector calculated :0.999981
Current S =148.563
Current X =933.489
Current Y =1128.05
new S = 149.013
Current S passed in conversion module :149.013
Current d vector calculated :0.999985
Current S =149.013
Current X =933.946
Current Y =1128.05
new S = 149.463
Current S passed in conversion module :149.463
Current d vector calculated :0.99999
Current S =149.463
Current X =934.403
Current Y =1128.06
new S = 149.913
Current S passed in conversion module :149.913
Current d vector calculated :0.999995
Current S =149.913
Current X =934.861
Current Y =1128.06
new S = 150.363
Current S passed in conversion module :150.363
Current d vector calculated :1
Current S =150.363
Current X =935.318
Current Y =1128.07
new S = 150.813
Current S passed in conversion module :150.813
Current d vector calculated :1.00001
Current S =150.813
Current X =935.873
Current Y =1128.12
Previous Path size :44
dist increment = 0.5
end S = 151.221
44
new S = 151.221
Current S passed in conversion module :151.221
Current d vector calculated :1.00001
Current S =151.221
Current X =936.286
Current Y =1128.16
new S = 151.671
Current S passed in conversion module :151.671
Current d vector calculated :1.00002
Current S =151.671
Current X =936.741
Current Y =1128.21
new S = 152.121
Current S passed in conversion module :152.121
Current d vector calculated :1.00002
Current S =152.121
Current X =937.196
Current Y =1128.26
new S = 152.571
Current S passed in conversion module :152.571
Current d vector calculated :1.00003
Current S =152.571
Current X =937.651
Current Y =1128.31
new S = 153.021
Current S passed in conversion module :153.021
Current d vector calculated :1.00004
Current S =153.021
Current X =938.106
Current Y =1128.36
new S = 153.471
Current S passed in conversion module :153.471
Current d vector calculated :1.00005
Current S =153.471
Current X =938.561
Current Y =1128.41
Previous Path size :44
dist increment = 0.5
end S = 153.225
44
new S = 153.225
Current S passed in conversion module :153.225
Current d vector calculated :1.00004
Current S =153.225
Current X =938.312
Current Y =1128.38
new S = 153.675
Current S passed in conversion module :153.675
Current d vector calculated :1.00005
Current S =153.675
Current X =938.768
Current Y =1128.43
new S = 154.125
Current S passed in conversion module :154.125
Current d vector calculated :1.00006
Current S =154.125
Current X =939.223
Current Y =1128.48
new S = 154.575
Current S passed in conversion module :154.575
Current d vector calculated :1.00007
Current S =154.575
Current X =939.679
Current Y =1128.53
new S = 155.025
Current S passed in conversion module :155.025
Current d vector calculated :1.00007
Current S =155.025
Current X =940.134
Current Y =1128.58
new S = 155.475
Current S passed in conversion module :155.475
Current d vector calculated :1.00008
Current S =155.475
Current X =940.59
Current Y =1128.63
Previous Path size :44
dist increment = 0.5
end S = 155.265
44
new S = 155.265
Current S passed in conversion module :155.265
Current d vector calculated :1.00008
Current S =155.265
Current X =940.377
Current Y =1128.61
new S = 155.715
Current S passed in conversion module :155.715
Current d vector calculated :1.00009
Current S =155.715
Current X =940.833
Current Y =1128.66
new S = 156.165
Current S passed in conversion module :156.165
Current d vector calculated :1.0001
Current S =156.165
Current X =941.289
Current Y =1128.71
new S = 156.615
Current S passed in conversion module :156.615
Current d vector calculated :1.0001
Current S =156.615
Current X =941.744
Current Y =1128.76
new S = 157.065
Current S passed in conversion module :157.065
Current d vector calculated :1.00011
Current S =157.065
Current X =942.2
Current Y =1128.81
new S = 157.515
Current S passed in conversion module :157.515
Current d vector calculated :1.00012
Current S =157.515
Current X =942.656
Current Y =1128.86
Previous Path size :44
dist increment = 0.5
end S = 157.344
44
new S = 157.344
Current S passed in conversion module :157.344
Current d vector calculated :1.00012
Current S =157.344
Current X =942.483
Current Y =1128.84
new S = 157.794
Current S passed in conversion module :157.794
Current d vector calculated :1.00013
Current S =157.794
Current X =942.939
Current Y =1128.89
new S = 158.244
Current S passed in conversion module :158.244
Current d vector calculated :1.00014
Current S =158.244
Current X =943.395
Current Y =1128.94
new S = 158.694
Current S passed in conversion module :158.694
Current d vector calculated :1.00014
Current S =158.694
Current X =943.851
Current Y =1128.99
new S = 159.144
Current S passed in conversion module :159.144
Current d vector calculated :1.00015
Current S =159.144
Current X =944.307
Current Y =1129.04
new S = 159.594
Current S passed in conversion module :159.594
Current d vector calculated :1.00016
Current S =159.594
Current X =944.763
Current Y =1129.09
Previous Path size :45
dist increment = 0.5
end S = 159.463
45
new S = 159.463
Current S passed in conversion module :159.463
Current d vector calculated :1.00016
Current S =159.463
Current X =944.631
Current Y =1129.07
new S = 159.913
Current S passed in conversion module :159.913
Current d vector calculated :1.00017
Current S =159.913
Current X =945.087
Current Y =1129.12
new S = 160.363
Current S passed in conversion module :160.363
Current d vector calculated :1.00017
Current S =160.363
Current X =945.543
Current Y =1129.17
new S = 160.813
Current S passed in conversion module :160.813
Current d vector calculated :1.00018
Current S =160.813
Current X =946
Current Y =1129.22
new S = 161.263
Current S passed in conversion module :161.263
Current d vector calculated :1.00019
Current S =161.263
Current X =946.456
Current Y =1129.27
Previous Path size :44
dist increment = 0.5
end S = 161.167
44
new S = 161.167
Current S passed in conversion module :161.167
Current d vector calculated :1.00019
Current S =161.167
Current X =946.358
Current Y =1129.26
new S = 161.617
Current S passed in conversion module :161.617
Current d vector calculated :1.00019
Current S =161.617
Current X =946.814
Current Y =1129.31
new S = 162.067
Current S passed in conversion module :162.067
Current d vector calculated :1.0002
Current S =162.067
Current X =947.271
Current Y =1129.36
new S = 162.517
Current S passed in conversion module :162.517
Current d vector calculated :1.00021
Current S =162.517
Current X =947.728
Current Y =1129.41
new S = 162.967
Current S passed in conversion module :162.967
Current d vector calculated :1.00021
Current S =162.967
Current X =948.184
Current Y =1129.46
new S = 163.417
Current S passed in conversion module :163.417
Current d vector calculated :1.00022
Current S =163.417
Current X =948.641
Current Y =1129.51
Previous Path size :44
dist increment = 0.5
end S = 163.365
44
new S = 163.365
Current S passed in conversion module :163.365
Current d vector calculated :1.00022
Current S =163.365
Current X =948.589
Current Y =1129.5
new S = 163.815
Current S passed in conversion module :163.815
Current d vector calculated :1.00023
Current S =163.815
Current X =949.045
Current Y =1129.55
new S = 164.265
Current S passed in conversion module :164.265
Current d vector calculated :1.00023
Current S =164.265
Current X =949.502
Current Y =1129.6
new S = 164.715
Current S passed in conversion module :164.715
Current d vector calculated :1.00024
Current S =164.715
Current X =949.959
Current Y =1129.65
new S = 165.165
Current S passed in conversion module :165.165
Current d vector calculated :1.00024
Current S =165.165
Current X =950.417
Current Y =1129.7
new S = 165.615
Current S passed in conversion module :165.615
Current d vector calculated :1.00024
Current S =165.615
Current X =950.874
Current Y =1129.75
Previous Path size :44
dist increment = 0.5
end S = 165.61
44
new S = 165.61
Current S passed in conversion module :165.61
Current d vector calculated :1.00024
Current S =165.61
Current X =950.869
Current Y =1129.75
new S = 166.06
Current S passed in conversion module :166.06
Current d vector calculated :1.00025
Current S =166.06
Current X =951.327
Current Y =1129.8
new S = 166.51
Current S passed in conversion module :166.51
Current d vector calculated :1.00025
Current S =166.51
Current X =951.784
Current Y =1129.85
new S = 166.96
Current S passed in conversion module :166.96
Current d vector calculated :1.00025
Current S =166.96
Current X =952.241
Current Y =1129.9
new S = 167.41
Current S passed in conversion module :167.41
Current d vector calculated :1.00025
Current S =167.41
Current X =952.699
Current Y =1129.95
new S = 167.86
Current S passed in conversion module :167.86
Current d vector calculated :1.00026
Current S =167.86
Current X =953.156
Current Y =1130
Previous Path size :45
dist increment = 0.5
end S = 167.906
45
new S = 167.906
Current S passed in conversion module :167.906
Current d vector calculated :1.00026
Current S =167.906
Current X =953.203
Current Y =1130.01
new S = 168.356
Current S passed in conversion module :168.356
Current d vector calculated :1.00026
Current S =168.356
Current X =953.66
Current Y =1130.06
new S = 168.806
Current S passed in conversion module :168.806
Current d vector calculated :1.00026
Current S =168.806
Current X =954.118
Current Y =1130.11
new S = 169.256
Current S passed in conversion module :169.256
Current d vector calculated :1.00026
Current S =169.256
Current X =954.576
Current Y =1130.16
new S = 169.706
Current S passed in conversion module :169.706
Current d vector calculated :1.00026
Current S =169.706
Current X =955.034
Current Y =1130.21
Previous Path size :44
dist increment = 0.5
end S = 169.795
44
new S = 169.795
Current S passed in conversion module :169.795
Current d vector calculated :1.00025
Current S =169.795
Current X =955.124
Current Y =1130.22
new S = 170.245
Current S passed in conversion module :170.245
Current d vector calculated :1.00025
Current S =170.245
Current X =955.581
Current Y =1130.27
new S = 170.695
Current S passed in conversion module :170.695
Current d vector calculated :1.00025
Current S =170.695
Current X =956.039
Current Y =1130.32
new S = 171.145
Current S passed in conversion module :171.145
Current d vector calculated :1.00025
Current S =171.145
Current X =956.497
Current Y =1130.37
new S = 171.595
Current S passed in conversion module :171.595
Current d vector calculated :1.00024
Current S =171.595
Current X =956.955
Current Y =1130.42
new S = 172.045
Current S passed in conversion module :172.045
Current d vector calculated :1.00024
Current S =172.045
Current X =957.413
Current Y =1130.47
Previous Path size :44
dist increment = 0.5
end S = 172.189
44
new S = 172.189
Current S passed in conversion module :172.189
Current d vector calculated :1.00024
Current S =172.189
Current X =957.56
Current Y =1130.49
new S = 172.639
Current S passed in conversion module :172.639
Current d vector calculated :1.00023
Current S =172.639
Current X =958.019
Current Y =1130.54
new S = 173.089
Current S passed in conversion module :173.089
Current d vector calculated :1.00022
Current S =173.089
Current X =958.477
Current Y =1130.59
new S = 173.539
Current S passed in conversion module :173.539
Current d vector calculated :1.00022
Current S =173.539
Current X =958.935
Current Y =1130.64
new S = 173.989
Current S passed in conversion module :173.989
Current d vector calculated :1.00021
Current S =173.989
Current X =959.393
Current Y =1130.69
new S = 174.439
Current S passed in conversion module :174.439
Current d vector calculated :1.0002
Current S =174.439
Current X =959.852
Current Y =1130.74
Previous Path size :43
dist increment = 0.5
end S = 174.643
43
new S = 174.643
Current S passed in conversion module :174.643
Current d vector calculated :1.0002
Current S =174.643
Current X =960.059
Current Y =1130.76
new S = 175.093
Current S passed in conversion module :175.093
Current d vector calculated :1.00019
Current S =175.093
Current X =960.518
Current Y =1130.81
new S = 175.543
Current S passed in conversion module :175.543
Current d vector calculated :1.00017
Current S =175.543
Current X =960.976
Current Y =1130.86
new S = 175.993
Current S passed in conversion module :175.993
Current d vector calculated :1.00016
Current S =175.993
Current X =961.435
Current Y =1130.91
new S = 176.443
Current S passed in conversion module :176.443
Current d vector calculated :1.00015
Current S =176.443
Current X =961.894
Current Y =1130.97
new S = 176.893
Current S passed in conversion module :176.893
Current d vector calculated :1.00014
Current S =176.893
Current X =962.352
Current Y =1131.02
new S = 177.343
Current S passed in conversion module :177.343
Current d vector calculated :1.00012
Current S =177.343
Current X =962.811
Current Y =1131.07
Previous Path size :44
dist increment = 0.5
end S = 177.62
44
new S = 177.62
Current S passed in conversion module :177.62
Current d vector calculated :1.00011
Current S =177.62
Current X =963.094
Current Y =1131.1
new S = 178.07
Current S passed in conversion module :178.07
Current d vector calculated :1.0001
Current S =178.07
Current X =963.553
Current Y =1131.15
new S = 178.52
Current S passed in conversion module :178.52
Current d vector calculated :1.00008
Current S =178.52
Current X =964.012
Current Y =1131.2
new S = 178.97
Current S passed in conversion module :178.97
Current d vector calculated :1.00006
Current S =178.97
Current X =964.471
Current Y =1131.25
new S = 179.42
Current S passed in conversion module :179.42
Current d vector calculated :1.00004
Current S =179.42
Current X =964.93
Current Y =1131.3
new S = 179.87
Current S passed in conversion module :179.87
Current d vector calculated :1.00002
Current S =179.87
Current X =965.389
Current Y =1131.35
Previous Path size :44
dist increment = 0.5
end S = 180.214
44
new S = 180.214
Current S passed in conversion module :180.214
Current d vector calculated :1.00001
Current S =180.214
Current X =965.74
Current Y =1131.39
new S = 180.664
Current S passed in conversion module :180.664
Current d vector calculated :0.999985
Current S =180.664
Current X =966.309
Current Y =1131.5
new S = 181.114
Current S passed in conversion module :181.114
Current d vector calculated :0.999963
Current S =181.114
Current X =966.759
Current Y =1131.6
new S = 181.564
Current S passed in conversion module :181.564
Current d vector calculated :0.99994
Current S =181.564
Current X =967.21
Current Y =1131.7
new S = 182.014
Current S passed in conversion module :182.014
Current d vector calculated :0.999916
Current S =182.014
Current X =967.661
Current Y =1131.81
new S = 182.464
Current S passed in conversion module :182.464
Current d vector calculated :0.999891
Current S =182.464
Current X =968.112
Current Y =1131.91
Previous Path size :43
dist increment = 0.5
end S = 182.981
43
new S = 182.981
Current S passed in conversion module :182.981
Current d vector calculated :0.999863
Current S =182.981
Current X =968.629
Current Y =1132.03
new S = 183.43
Current S passed in conversion module :183.43
Current d vector calculated :0.999837
Current S =183.43
Current X =969.08
Current Y =1132.13
new S = 183.881
Current S passed in conversion module :183.881
Current d vector calculated :0.999812
Current S =183.881
Current X =969.531
Current Y =1132.23
new S = 184.331
Current S passed in conversion module :184.331
Current d vector calculated :0.999787
Current S =184.331
Current X =969.982
Current Y =1132.34
new S = 184.781
Current S passed in conversion module :184.781
Current d vector calculated :0.999761
Current S =184.781
Current X =970.433
Current Y =1132.44
new S = 185.231
Current S passed in conversion module :185.231
Current d vector calculated :0.999736
Current S =185.231
Current X =970.884
Current Y =1132.54
new S = 185.68
Current S passed in conversion module :185.68
Current d vector calculated :0.999711
Current S =185.68
Current X =971.335
Current Y =1132.65
Previous Path size :44
dist increment = 0.5
end S = 185.486
44
new S = 185.486
Current S passed in conversion module :185.486
Current d vector calculated :0.999722
Current S =185.486
Current X =971.14
Current Y =1132.6
new S = 185.936
Current S passed in conversion module :185.936
Current d vector calculated :0.999697
Current S =185.936
Current X =971.592
Current Y =1132.71
new S = 186.386
Current S passed in conversion module :186.386
Current d vector calculated :0.999672
Current S =186.386
Current X =972.043
Current Y =1132.81
new S = 186.836
Current S passed in conversion module :186.836
Current d vector calculated :0.999648
Current S =186.836
Current X =972.494
Current Y =1132.91
new S = 187.286
Current S passed in conversion module :187.286
Current d vector calculated :0.999625
Current S =187.286
Current X =972.945
Current Y =1133.02
new S = 187.736
Current S passed in conversion module :187.736
Current d vector calculated :0.999602
Current S =187.736
Current X =973.396
Current Y =1133.12
Previous Path size :44
dist increment = 0.5
end S = 187.601
44
new S = 187.601
Current S passed in conversion module :187.601
Current d vector calculated :0.999609
Current S =187.601
Current X =973.261
Current Y =1133.09
new S = 188.051
Current S passed in conversion module :188.051
Current d vector calculated :0.999587
Current S =188.051
Current X =973.712
Current Y =1133.19
new S = 188.501
Current S passed in conversion module :188.501
Current d vector calculated :0.999565
Current S =188.501
Current X =974.163
Current Y =1133.3
new S = 188.951
Current S passed in conversion module :188.951
Current d vector calculated :0.999544
Current S =188.951
Current X =974.614
Current Y =1133.4
new S = 189.401
Current S passed in conversion module :189.401
Current d vector calculated :0.999524
Current S =189.401
Current X =975.066
Current Y =1133.5
new S = 189.851
Current S passed in conversion module :189.851
Current d vector calculated :0.999505
Current S =189.851
Current X =975.517
Current Y =1133.61
Previous Path size :44
dist increment = 0.5
end S = 189.776
44
new S = 189.776
Current S passed in conversion module :189.776
Current d vector calculated :0.999509
Current S =189.776
Current X =975.443
Current Y =1133.59
new S = 190.226
Current S passed in conversion module :190.226
Current d vector calculated :0.99949
Current S =190.226
Current X =975.894
Current Y =1133.69
new S = 190.677
Current S passed in conversion module :190.677
Current d vector calculated :0.999473
Current S =190.677
Current X =976.345
Current Y =1133.8
new S = 191.126
Current S passed in conversion module :191.126
Current d vector calculated :0.999458
Current S =191.126
Current X =976.797
Current Y =1133.9
new S = 191.577
Current S passed in conversion module :191.577
Current d vector calculated :0.999443
Current S =191.577
Current X =977.248
Current Y =1134
new S = 192.026
Current S passed in conversion module :192.026
Current d vector calculated :0.999429
Current S =192.026
Current X =977.699
Current Y =1134.11
Previous Path size :44
dist increment = 0.5
end S = 192.015
44
new S = 192.015
Current S passed in conversion module :192.015
Current d vector calculated :0.99943
Current S =192.015
Current X =977.688
Current Y =1134.1
new S = 192.465
Current S passed in conversion module :192.465
Current d vector calculated :0.999417
Current S =192.465
Current X =978.139
Current Y =1134.21
new S = 192.915
Current S passed in conversion module :192.915
Current d vector calculated :0.999406
Current S =192.915
Current X =978.591
Current Y =1134.31
new S = 193.365
Current S passed in conversion module :193.365
Current d vector calculated :0.999396
Current S =193.365
Current X =979.042
Current Y =1134.42
new S = 193.815
Current S passed in conversion module :193.815
Current d vector calculated :0.999388
Current S =193.815
Current X =979.493
Current Y =1134.52
new S = 194.265
Current S passed in conversion module :194.265
Current d vector calculated :0.999381
Current S =194.265
Current X =979.945
Current Y =1134.62
Previous Path size :44
dist increment = 0.5
end S = 194.319
44
new S = 194.319
Current S passed in conversion module :194.319
Current d vector calculated :0.99938
Current S =194.319
Current X =979.999
Current Y =1134.64
new S = 194.769
Current S passed in conversion module :194.769
Current d vector calculated :0.999375
Current S =194.769
Current X =980.45
Current Y =1134.74
new S = 195.219
Current S passed in conversion module :195.219
Current d vector calculated :0.99937
Current S =195.219
Current X =980.901
Current Y =1134.84
new S = 195.669
Current S passed in conversion module :195.669
Current d vector calculated :0.999368
Current S =195.669
Current X =981.352
Current Y =1134.95
new S = 196.119
Current S passed in conversion module :196.119
Current d vector calculated :0.999366
Current S =196.119
Current X =981.804
Current Y =1135.05
new S = 196.569
Current S passed in conversion module :196.569
Current d vector calculated :0.999367
Current S =196.569
Current X =982.255
Current Y =1135.15
Previous Path size :44
dist increment = 0.5
end S = 196.69
44
new S = 196.69
Current S passed in conversion module :196.69
Current d vector calculated :0.999367
Current S =196.69
Current X =982.376
Current Y =1135.18
new S = 197.14
Current S passed in conversion module :197.14
Current d vector calculated :0.999369
Current S =197.14
Current X =982.827
Current Y =1135.29
new S = 197.59
Current S passed in conversion module :197.59
Current d vector calculated :0.999372
Current S =197.59
Current X =983.278
Current Y =1135.39
new S = 198.04
Current S passed in conversion module :198.04
Current d vector calculated :0.999377
Current S =198.04
Current X =983.729
Current Y =1135.49
new S = 198.49
Current S passed in conversion module :198.49
Current d vector calculated :0.999383
Current S =198.49
Current X =984.18
Current Y =1135.6
new S = 198.94
Current S passed in conversion module :198.94
Current d vector calculated :0.999391
Current S =198.94
Current X =984.631
Current Y =1135.7
Previous Path size :44
dist increment = 0.5
end S = 199.128
44
new S = 199.128
Current S passed in conversion module :199.128
Current d vector calculated :0.999394
Current S =199.128
Current X =984.819
Current Y =1135.74
new S = 199.578
Current S passed in conversion module :199.578
Current d vector calculated :0.999404
Current S =199.578
Current X =985.27
Current Y =1135.85
new S = 200.028
Current S passed in conversion module :200.028
Current d vector calculated :0.999414
Current S =200.028
Current X =985.721
Current Y =1135.95
new S = 200.478
Current S passed in conversion module :200.478
Current d vector calculated :0.999427
Current S =200.478
Current X =986.172
Current Y =1136.06
new S = 200.928
Current S passed in conversion module :200.928
Current d vector calculated :0.99944
Current S =200.928
Current X =986.623
Current Y =1136.16
new S = 201.378
Current S passed in conversion module :201.378
Current d vector calculated :0.999455
Current S =201.378
Current X =987.074
Current Y =1136.26
Previous Path size :44
dist increment = 0.5
end S = 201.635
44
new S = 201.635
Current S passed in conversion module :201.635
Current d vector calculated :0.999464
Current S =201.635
Current X =987.331
Current Y =1136.32
new S = 202.085
Current S passed in conversion module :202.085
Current d vector calculated :0.99948
Current S =202.085
Current X =987.781
Current Y =1136.43
new S = 202.535
Current S passed in conversion module :202.535
Current d vector calculated :0.999498
Current S =202.535
Current X =988.232
Current Y =1136.53
new S = 202.985
Current S passed in conversion module :202.985
Current d vector calculated :0.999516
Current S =202.985
Current X =988.682
Current Y =1136.64
new S = 203.435
Current S passed in conversion module :203.435
Current d vector calculated :0.999536
Current S =203.435
Current X =989.133
Current Y =1136.74
new S = 203.885
Current S passed in conversion module :203.885
Current d vector calculated :0.999557
Current S =203.885
Current X =989.583
Current Y =1136.84
Previous Path size :44
dist increment = 0.5
end S = 204.21
44
new S = 204.21
Current S passed in conversion module :204.21
Current d vector calculated :0.999573
Current S =204.21
Current X =989.909
Current Y =1136.92
new S = 204.66
Current S passed in conversion module :204.66
Current d vector calculated :0.999595
Current S =204.66
Current X =990.359
Current Y =1137.02
new S = 205.11
Current S passed in conversion module :205.11
Current d vector calculated :0.999618
Current S =205.11
Current X =990.81
Current Y =1137.13
new S = 205.56
Current S passed in conversion module :205.56
Current d vector calculated :0.999642
Current S =205.56
Current X =991.26
Current Y =1137.23
new S = 206.01
Current S passed in conversion module :206.01
Current d vector calculated :0.999666
Current S =206.01
Current X =991.71
Current Y =1137.33
new S = 206.46
Current S passed in conversion module :206.46
Current d vector calculated :0.999692
Current S =206.46
Current X =992.16
Current Y =1137.44
Previous Path size :43
dist increment = 0.5
end S = 206.854
43
new S = 206.854
Current S passed in conversion module :206.854
Current d vector calculated :0.999714
Current S =206.854
Current X =992.553
Current Y =1137.53
new S = 207.304
Current S passed in conversion module :207.304
Current d vector calculated :0.99974
Current S =207.304
Current X =993.003
Current Y =1137.63
new S = 207.754
Current S passed in conversion module :207.754
Current d vector calculated :0.999767
Current S =207.754
Current X =993.453
Current Y =1137.74
new S = 208.204
Current S passed in conversion module :208.204
Current d vector calculated :0.999794
Current S =208.204
Current X =993.902
Current Y =1137.84
new S = 208.654
Current S passed in conversion module :208.654
Current d vector calculated :0.999821
Current S =208.654
Current X =994.352
Current Y =1137.94
new S = 209.104
Current S passed in conversion module :209.104
Current d vector calculated :0.999848
Current S =209.104
Current X =994.801
Current Y =1138.05
new S = 209.554
Current S passed in conversion module :209.554
Current d vector calculated :0.999875
Current S =209.554
Current X =995.251
Current Y =1138.15
Previous Path size :44
dist increment = 0.5
end S = 210.027
44
new S = 210.027
Current S passed in conversion module :210.027
Current d vector calculated :0.999904
Current S =210.027
Current X =995.722
Current Y =1138.26
new S = 210.477
Current S passed in conversion module :210.477
Current d vector calculated :0.999931
Current S =210.477
Current X =996.171
Current Y =1138.36
new S = 210.927
Current S passed in conversion module :210.927
Current d vector calculated :0.999958
Current S =210.927
Current X =996.62
Current Y =1138.47
new S = 211.377
Current S passed in conversion module :211.377
Current d vector calculated :0.999984
Current S =211.377
Current X =997.069
Current Y =1138.57
new S = 211.827
Current S passed in conversion module :211.827
Current d vector calculated :1.00001
Current S =211.827
Current X =997.672
Current Y =1138.76
new S = 212.277
Current S passed in conversion module :212.277
Current d vector calculated :1.00004
Current S =212.277
Current X =998.096
Current Y =1138.93
Previous Path size :44
dist increment = 0.5
end S = 212.975
44
new S = 212.975
Current S passed in conversion module :212.975
Current d vector calculated :1.00007
Current S =212.975
Current X =998.756
Current Y =1139.21
new S = 213.425
Current S passed in conversion module :213.425
Current d vector calculated :1.0001
Current S =213.425
Current X =999.181
Current Y =1139.39
new S = 213.875
Current S passed in conversion module :213.875
Current d vector calculated :1.00012
Current S =213.875
Current X =999.605
Current Y =1139.56
new S = 214.325
Current S passed in conversion module :214.325
Current d vector calculated :1.00014
Current S =214.325
Current X =1000.03
Current Y =1139.74
new S = 214.775
Current S passed in conversion module :214.775
Current d vector calculated :1.00017
Current S =214.775
Current X =1000.45
Current Y =1139.92
new S = 215.225
Current S passed in conversion module :215.225
Current d vector calculated :1.00019
Current S =215.225
Current X =1000.88
Current Y =1140.1
Previous Path size :44
dist increment = 0.5
end S = 214.798
44
new S = 214.798
Current S passed in conversion module :214.798
Current d vector calculated :1.00017
Current S =214.798
Current X =1000.48
Current Y =1139.93
new S = 215.248
Current S passed in conversion module :215.248
Current d vector calculated :1.00019
Current S =215.248
Current X =1000.9
Current Y =1140.1
new S = 215.698
Current S passed in conversion module :215.698
Current d vector calculated :1.00021
Current S =215.698
Current X =1001.32
Current Y =1140.28
new S = 216.148
Current S passed in conversion module :216.148
Current d vector calculated :1.00023
Current S =216.148
Current X =1001.75
Current Y =1140.46
new S = 216.598
Current S passed in conversion module :216.598
Current d vector calculated :1.00025
Current S =216.598
Current X =1002.17
Current Y =1140.64
new S = 217.048
Current S passed in conversion module :217.048
Current d vector calculated :1.00027
Current S =217.048
Current X =1002.6
Current Y =1140.81
Previous Path size :43
dist increment = 0.5
end S = 216.66
43
new S = 216.66
Current S passed in conversion module :216.66
Current d vector calculated :1.00025
Current S =216.66
Current X =1002.23
Current Y =1140.66
new S = 217.11
Current S passed in conversion module :217.11
Current d vector calculated :1.00027
Current S =217.11
Current X =1002.65
Current Y =1140.84
new S = 217.56
Current S passed in conversion module :217.56
Current d vector calculated :1.00029
Current S =217.56
Current X =1003.08
Current Y =1141.01
new S = 218.01
Current S passed in conversion module :218.01
Current d vector calculated :1.0003
Current S =218.01
Current X =1003.5
Current Y =1141.19
new S = 218.46
Current S passed in conversion module :218.46
Current d vector calculated :1.00032
Current S =218.46
Current X =1003.92
Current Y =1141.37
new S = 218.91
Current S passed in conversion module :218.91
Current d vector calculated :1.00033
Current S =218.91
Current X =1004.35
Current Y =1141.55
new S = 219.36
Current S passed in conversion module :219.36
Current d vector calculated :1.00035
Current S =219.36
Current X =1004.77
Current Y =1141.72
Previous Path size :44
dist increment = 0.5
end S = 219.018
44
new S = 219.018
Current S passed in conversion module :219.018
Current d vector calculated :1.00034
Current S =219.018
Current X =1004.45
Current Y =1141.59
new S = 219.468
Current S passed in conversion module :219.468
Current d vector calculated :1.00035
Current S =219.468
Current X =1004.87
Current Y =1141.76
new S = 219.918
Current S passed in conversion module :219.918
Current d vector calculated :1.00036
Current S =219.918
Current X =1005.29
Current Y =1141.94
new S = 220.368
Current S passed in conversion module :220.368
Current d vector calculated :1.00038
Current S =220.368
Current X =1005.72
Current Y =1142.12
new S = 220.818
Current S passed in conversion module :220.818
Current d vector calculated :1.00039
Current S =220.818
Current X =1006.14
Current Y =1142.3
new S = 221.268
Current S passed in conversion module :221.268
Current d vector calculated :1.0004
Current S =221.268
Current X =1006.56
Current Y =1142.47
Previous Path size :44
dist increment = 0.5
end S = 220.96
44
new S = 220.96
Current S passed in conversion module :220.96
Current d vector calculated :1.00039
Current S =220.96
Current X =1006.27
Current Y =1142.35
new S = 221.41
Current S passed in conversion module :221.41
Current d vector calculated :1.0004
Current S =221.41
Current X =1006.7
Current Y =1142.53
new S = 221.86
Current S passed in conversion module :221.86
Current d vector calculated :1.00041
Current S =221.86
Current X =1007.12
Current Y =1142.71
new S = 222.31
Current S passed in conversion module :222.31
Current d vector calculated :1.00042
Current S =222.31
Current X =1007.54
Current Y =1142.88
new S = 222.76
Current S passed in conversion module :222.76
Current d vector calculated :1.00043
Current S =222.76
Current X =1007.96
Current Y =1143.06
new S = 223.21
Current S passed in conversion module :223.21
Current d vector calculated :1.00043
Current S =223.21
Current X =1008.39
Current Y =1143.24
Previous Path size :44
dist increment = 0.5
end S = 222.938
44
new S = 222.938
Current S passed in conversion module :222.938
Current d vector calculated :1.00043
Current S =222.938
Current X =1008.13
Current Y =1143.13
new S = 223.388
Current S passed in conversion module :223.388
Current d vector calculated :1.00044
Current S =223.388
Current X =1008.55
Current Y =1143.31
new S = 223.838
Current S passed in conversion module :223.838
Current d vector calculated :1.00044
Current S =223.838
Current X =1008.98
Current Y =1143.48
new S = 224.288
Current S passed in conversion module :224.288
Current d vector calculated :1.00045
Current S =224.288
Current X =1009.4
Current Y =1143.66
new S = 224.738
Current S passed in conversion module :224.738
Current d vector calculated :1.00045
Current S =224.738
Current X =1009.82
Current Y =1143.84
new S = 225.188
Current S passed in conversion module :225.188
Current d vector calculated :1.00045
Current S =225.188
Current X =1010.24
Current Y =1144.01
Previous Path size :44
dist increment = 0.5
end S = 224.948
44
new S = 224.948
Current S passed in conversion module :224.948
Current d vector calculated :1.00045
Current S =224.948
Current X =1010.02
Current Y =1143.92
new S = 225.398
Current S passed in conversion module :225.398
Current d vector calculated :1.00045
Current S =225.398
Current X =1010.44
Current Y =1144.1
new S = 225.848
Current S passed in conversion module :225.848
Current d vector calculated :1.00045
Current S =225.848
Current X =1010.86
Current Y =1144.27
new S = 226.298
Current S passed in conversion module :226.298
Current d vector calculated :1.00045
Current S =226.298
Current X =1011.28
Current Y =1144.45
new S = 226.748
Current S passed in conversion module :226.748
Current d vector calculated :1.00045
Current S =226.748
Current X =1011.7
Current Y =1144.63
new S = 227.198
Current S passed in conversion module :227.198
Current d vector calculated :1.00045
Current S =227.198
Current X =1012.12
Current Y =1144.8
Previous Path size :44
dist increment = 0.5
end S = 226.99
44
new S = 226.99
Current S passed in conversion module :226.99
Current d vector calculated :1.00045
Current S =226.99
Current X =1011.93
Current Y =1144.72
new S = 227.44
Current S passed in conversion module :227.44
Current d vector calculated :1.00045
Current S =227.44
Current X =1012.35
Current Y =1144.9
new S = 227.89
Current S passed in conversion module :227.89
Current d vector calculated :1.00045
Current S =227.89
Current X =1012.77
Current Y =1145.07
new S = 228.34
Current S passed in conversion module :228.34
Current d vector calculated :1.00045
Current S =228.34
Current X =1013.19
Current Y =1145.25
new S = 228.79
Current S passed in conversion module :228.79
Current d vector calculated :1.00044
Current S =228.79
Current X =1013.61
Current Y =1145.43
new S = 229.24
Current S passed in conversion module :229.24
Current d vector calculated :1.00044
Current S =229.24
Current X =1014.03
Current Y =1145.6
Previous Path size :44
dist increment = 0.5
end S = 229.061
44
new S = 229.061
Current S passed in conversion module :229.061
Current d vector calculated :1.00044
Current S =229.061
Current X =1013.87
Current Y =1145.53
new S = 229.511
Current S passed in conversion module :229.511
Current d vector calculated :1.00043
Current S =229.511
Current X =1014.29
Current Y =1145.71
new S = 229.961
Current S passed in conversion module :229.961
Current d vector calculated :1.00043
Current S =229.961
Current X =1014.71
Current Y =1145.89
new S = 230.411
Current S passed in conversion module :230.411
Current d vector calculated :1.00042
Current S =230.411
Current X =1015.13
Current Y =1146.06
new S = 230.861
Current S passed in conversion module :230.861
Current d vector calculated :1.00041
Current S =230.861
Current X =1015.55
Current Y =1146.24
new S = 231.311
Current S passed in conversion module :231.311
Current d vector calculated :1.00041
Current S =231.311
Current X =1015.97
Current Y =1146.41
Previous Path size :45
dist increment = 0.5
end S = 231.159
45
new S = 231.159
Current S passed in conversion module :231.159
Current d vector calculated :1.00041
Current S =231.159
Current X =1015.83
Current Y =1146.36
new S = 231.609
Current S passed in conversion module :231.609
Current d vector calculated :1.0004
Current S =231.609
Current X =1016.25
Current Y =1146.53
new S = 232.059
Current S passed in conversion module :232.059
Current d vector calculated :1.00039
Current S =232.059
Current X =1016.67
Current Y =1146.71
new S = 232.509
Current S passed in conversion module :232.509
Current d vector calculated :1.00038
Current S =232.509
Current X =1017.09
Current Y =1146.88
new S = 232.959
Current S passed in conversion module :232.959
Current d vector calculated :1.00037
Current S =232.959
Current X =1017.51
Current Y =1147.06
Previous Path size :44
dist increment = 0.5
end S = 232.828
44
new S = 232.828
Current S passed in conversion module :232.828
Current d vector calculated :1.00037
Current S =232.828
Current X =1017.39
Current Y =1147.01
new S = 233.278
Current S passed in conversion module :233.278
Current d vector calculated :1.00036
Current S =233.278
Current X =1017.81
Current Y =1147.19
new S = 233.728
Current S passed in conversion module :233.728
Current d vector calculated :1.00035
Current S =233.728
Current X =1018.23
Current Y =1147.36
new S = 234.178
Current S passed in conversion module :234.178
Current d vector calculated :1.00034
Current S =234.178
Current X =1018.65
Current Y =1147.54
new S = 234.628
Current S passed in conversion module :234.628
Current d vector calculated :1.00033
Current S =234.628
Current X =1019.06
Current Y =1147.71
new S = 235.078
Current S passed in conversion module :235.078
Current d vector calculated :1.00031
Current S =235.078
Current X =1019.48
Current Y =1147.89
Previous Path size :44
dist increment = 0.5
end S = 234.971
44
new S = 234.971
Current S passed in conversion module :234.971
Current d vector calculated :1.00032
Current S =234.971
Current X =1019.38
Current Y =1147.85
new S = 235.421
Current S passed in conversion module :235.421
Current d vector calculated :1.0003
Current S =235.421
Current X =1019.8
Current Y =1148.02
new S = 235.871
Current S passed in conversion module :235.871
Current d vector calculated :1.00029
Current S =235.871
Current X =1020.22
Current Y =1148.2
new S = 236.321
Current S passed in conversion module :236.321
Current d vector calculated :1.00027
Current S =236.321
Current X =1020.64
Current Y =1148.38
new S = 236.771
Current S passed in conversion module :236.771
Current d vector calculated :1.00026
Current S =236.771
Current X =1021.06
Current Y =1148.55
new S = 237.221
Current S passed in conversion module :237.221
Current d vector calculated :1.00024
Current S =237.221
Current X =1021.48
Current Y =1148.73
Previous Path size :45
dist increment = 0.5
end S = 237.137
45
new S = 237.137
Current S passed in conversion module :237.137
Current d vector calculated :1.00025
Current S =237.137
Current X =1021.4
Current Y =1148.7
new S = 237.587
Current S passed in conversion module :237.587
Current d vector calculated :1.00023
Current S =237.587
Current X =1021.82
Current Y =1148.87
new S = 238.037
Current S passed in conversion module :238.037
Current d vector calculated :1.00022
Current S =238.037
Current X =1022.24
Current Y =1149.05
new S = 238.487
Current S passed in conversion module :238.487
Current d vector calculated :1.0002
Current S =238.487
Current X =1022.66
Current Y =1149.22
new S = 238.937
Current S passed in conversion module :238.937
Current d vector calculated :1.00018
Current S =238.937
Current X =1023.08
Current Y =1149.4
Previous Path size :44
dist increment = 0.5
end S = 238.869
44
new S = 238.869
Current S passed in conversion module :238.869
Current d vector calculated :1.00019
Current S =238.869
Current X =1023.01
Current Y =1149.37
new S = 239.319
Current S passed in conversion module :239.319
Current d vector calculated :1.00017
Current S =239.319
Current X =1023.43
Current Y =1149.55
new S = 239.769
Current S passed in conversion module :239.769
Current d vector calculated :1.00015
Current S =239.769
Current X =1023.85
Current Y =1149.72
new S = 240.219
Current S passed in conversion module :240.219
Current d vector calculated :1.00014
Current S =240.219
Current X =1024.27
Current Y =1149.9
new S = 240.669
Current S passed in conversion module :240.669
Current d vector calculated :1.00012
Current S =240.669
Current X =1024.69
Current Y =1150.08
new S = 241.119
Current S passed in conversion module :241.119
Current d vector calculated :1.0001
Current S =241.119
Current X =1025.11
Current Y =1150.25
Previous Path size :44
dist increment = 0.5
end S = 241.07
44
new S = 241.07
Current S passed in conversion module :241.07
Current d vector calculated :1.0001
Current S =241.07
Current X =1025.06
Current Y =1150.23
new S = 241.52
Current S passed in conversion module :241.52
Current d vector calculated :1.00009
Current S =241.52
Current X =1025.48
Current Y =1150.41
new S = 241.97
Current S passed in conversion module :241.97
Current d vector calculated :1.00007
Current S =241.97
Current X =1025.9
Current Y =1150.58
new S = 242.42
Current S passed in conversion module :242.42
Current d vector calculated :1.00005
Current S =242.42
Current X =1026.32
Current Y =1150.76
new S = 242.87
Current S passed in conversion module :242.87
Current d vector calculated :1.00004
Current S =242.87
Current X =1026.73
Current Y =1150.93
new S = 243.32
Current S passed in conversion module :243.32
Current d vector calculated :1.00002
Current S =243.32
Current X =1027.15
Current Y =1151.11
Previous Path size :44
dist increment = 0.5
end S = 243.287
44
new S = 243.287
Current S passed in conversion module :243.287
Current d vector calculated :1.00002
Current S =243.287
Current X =1027.12
Current Y =1151.1
new S = 243.737
Current S passed in conversion module :243.737
Current d vector calculated :1.00001
Current S =243.737
Current X =1027.54
Current Y =1151.27
new S = 244.187
Current S passed in conversion module :244.187
Current d vector calculated :0.999991
Current S =244.187
Current X =1027.95
Current Y =1151.44
new S = 244.637
Current S passed in conversion module :244.637
Current d vector calculated :0.999975
Current S =244.637
Current X =1028.37
Current Y =1151.61
new S = 245.087
Current S passed in conversion module :245.087
Current d vector calculated :0.99996
Current S =245.087
Current X =1028.79
Current Y =1151.78
new S = 245.537
Current S passed in conversion module :245.537
Current d vector calculated :0.999945
Current S =245.537
Current X =1029.2
Current Y =1151.95
Previous Path size :45
dist increment = 0.5
end S = 245.576
45
new S = 245.576
Current S passed in conversion module :245.576
Current d vector calculated :0.999944
Current S =245.576
Current X =1029.24
Current Y =1151.97
new S = 246.026
Current S passed in conversion module :246.026
Current d vector calculated :0.999929
Current S =246.026
Current X =1029.66
Current Y =1152.14
new S = 246.476
Current S passed in conversion module :246.476
Current d vector calculated :0.999915
Current S =246.476
Current X =1030.08
Current Y =1152.31
new S = 246.926
Current S passed in conversion module :246.926
Current d vector calculated :0.999901
Current S =246.926
Current X =1030.5
Current Y =1152.48
new S = 247.376
Current S passed in conversion module :247.376
Current d vector calculated :0.999887
Current S =247.376
Current X =1030.92
Current Y =1152.65
Previous Path size :44
dist increment = 0.5
end S = 247.425
44
new S = 247.425
Current S passed in conversion module :247.425
Current d vector calculated :0.999886
Current S =247.425
Current X =1030.96
Current Y =1152.67
new S = 247.875
Current S passed in conversion module :247.875
Current d vector calculated :0.999872
Current S =247.875
Current X =1031.38
Current Y =1152.84
new S = 248.325
Current S passed in conversion module :248.325
Current d vector calculated :0.999859
Current S =248.325
Current X =1031.8
Current Y =1153.01
new S = 248.775
Current S passed in conversion module :248.775
Current d vector calculated :0.999846
Current S =248.775
Current X =1032.22
Current Y =1153.19
new S = 249.225
Current S passed in conversion module :249.225
Current d vector calculated :0.999833
Current S =249.225
Current X =1032.64
Current Y =1153.36
new S = 249.675
Current S passed in conversion module :249.675
Current d vector calculated :0.999821
Current S =249.675
Current X =1033.05
Current Y =1153.53
Previous Path size :45
dist increment = 0.5
end S = 249.734
45
new S = 249.734
Current S passed in conversion module :249.734
Current d vector calculated :0.999819
Current S =249.734
Current X =1033.11
Current Y =1153.55
new S = 250.184
Current S passed in conversion module :250.184
Current d vector calculated :0.999807
Current S =250.184
Current X =1033.53
Current Y =1153.72
new S = 250.634
Current S passed in conversion module :250.634
Current d vector calculated :0.999795
Current S =250.634
Current X =1033.94
Current Y =1153.89
new S = 251.084
Current S passed in conversion module :251.084
Current d vector calculated :0.999784
Current S =251.084
Current X =1034.36
Current Y =1154.06
new S = 251.534
Current S passed in conversion module :251.534
Current d vector calculated :0.999772
Current S =251.534
Current X =1034.78
Current Y =1154.23
Previous Path size :44
dist increment = 0.5
end S = 251.6
44
new S = 251.6
Current S passed in conversion module :251.6
Current d vector calculated :0.999771
Current S =251.6
Current X =1034.84
Current Y =1154.26
new S = 252.05
Current S passed in conversion module :252.05
Current d vector calculated :0.99976
Current S =252.05
Current X =1035.26
Current Y =1154.43
new S = 252.5
Current S passed in conversion module :252.5
Current d vector calculated :0.999749
Current S =252.5
Current X =1035.68
Current Y =1154.6
new S = 252.95
Current S passed in conversion module :252.95
Current d vector calculated :0.999739
Current S =252.95
Current X =1036.09
Current Y =1154.77
new S = 253.4
Current S passed in conversion module :253.4
Current d vector calculated :0.999729
Current S =253.4
Current X =1036.51
Current Y =1154.94
new S = 253.85
Current S passed in conversion module :253.85
Current d vector calculated :0.999719
Current S =253.85
Current X =1036.93
Current Y =1155.11
Previous Path size :45
dist increment = 0.5
end S = 253.921
45
new S = 253.921
Current S passed in conversion module :253.921
Current d vector calculated :0.999717
Current S =253.921
Current X =1037
Current Y =1155.14
new S = 254.371
Current S passed in conversion module :254.371
Current d vector calculated :0.999708
Current S =254.371
Current X =1037.41
Current Y =1155.31
new S = 254.821
Current S passed in conversion module :254.821
Current d vector calculated :0.999699
Current S =254.821
Current X =1037.83
Current Y =1155.48
new S = 255.271
Current S passed in conversion module :255.271
Current d vector calculated :0.999691
Current S =255.271
Current X =1038.25
Current Y =1155.65
new S = 255.721
Current S passed in conversion module :255.721
Current d vector calculated :0.999683
Current S =255.721
Current X =1038.67
Current Y =1155.82
Previous Path size :45
dist increment = 0.5
end S = 255.796
45
new S = 255.796
Current S passed in conversion module :255.796
Current d vector calculated :0.999681
Current S =255.796
Current X =1038.73
Current Y =1155.85
new S = 256.246
Current S passed in conversion module :256.246
Current d vector calculated :0.999673
Current S =256.246
Current X =1039.15
Current Y =1156.02
new S = 256.696
Current S passed in conversion module :256.696
Current d vector calculated :0.999666
Current S =256.696
Current X =1039.57
Current Y =1156.19
new S = 257.146
Current S passed in conversion module :257.146
Current d vector calculated :0.999659
Current S =257.146
Current X =1039.98
Current Y =1156.36
new S = 257.596
Current S passed in conversion module :257.596
Current d vector calculated :0.999653
Current S =257.596
Current X =1040.4
Current Y =1156.53
Previous Path size :44
dist increment = 0.5
end S = 257.672
44
new S = 257.672
Current S passed in conversion module :257.672
Current d vector calculated :0.999652
Current S =257.672
Current X =1040.47
Current Y =1156.56
new S = 258.122
Current S passed in conversion module :258.122
Current d vector calculated :0.999646
Current S =258.122
Current X =1040.89
Current Y =1156.73
new S = 258.572
Current S passed in conversion module :258.572
Current d vector calculated :0.99964
Current S =258.572
Current X =1041.31
Current Y =1156.9
new S = 259.022
Current S passed in conversion module :259.022
Current d vector calculated :0.999635
Current S =259.022
Current X =1041.72
Current Y =1157.07
new S = 259.472
Current S passed in conversion module :259.472
Current d vector calculated :0.999631
Current S =259.472
Current X =1042.14
Current Y =1157.24
new S = 259.922
Current S passed in conversion module :259.922
Current d vector calculated :0.999627
Current S =259.922
Current X =1042.55
Current Y =1157.41
Previous Path size :45
dist increment = 0.5
end S = 259.997
45
new S = 259.997
Current S passed in conversion module :259.997
Current d vector calculated :0.999627
Current S =259.997
Current X =1042.62
Current Y =1157.44
new S = 260.447
Current S passed in conversion module :260.447
Current d vector calculated :0.999623
Current S =260.447
Current X =1043.04
Current Y =1157.61
new S = 260.897
Current S passed in conversion module :260.897
Current d vector calculated :0.999621
Current S =260.897
Current X =1043.46
Current Y =1157.78
new S = 261.347
Current S passed in conversion module :261.347
Current d vector calculated :0.999618
Current S =261.347
Current X =1043.87
Current Y =1157.95
new S = 261.797
Current S passed in conversion module :261.797
Current d vector calculated :0.999617
Current S =261.797
Current X =1044.29
Current Y =1158.12
Previous Path size :44
dist increment = 0.5
end S = 261.872
44
new S = 261.872
Current S passed in conversion module :261.872
Current d vector calculated :0.999617
Current S =261.872
Current X =1044.36
Current Y =1158.14
new S = 262.322
Current S passed in conversion module :262.322
Current d vector calculated :0.999616
Current S =262.322
Current X =1044.77
Current Y =1158.31
new S = 262.772
Current S passed in conversion module :262.772
Current d vector calculated :0.999616
Current S =262.772
Current X =1045.19
Current Y =1158.48
new S = 263.222
Current S passed in conversion module :263.222
Current d vector calculated :0.999616
Current S =263.222
Current X =1045.61
Current Y =1158.65
new S = 263.672
Current S passed in conversion module :263.672
Current d vector calculated :0.999618
Current S =263.672
Current X =1046.02
Current Y =1158.82
new S = 264.122
Current S passed in conversion module :264.122
Current d vector calculated :0.99962
Current S =264.122
Current X =1046.44
Current Y =1158.99
Previous Path size :44
dist increment = 0.5
end S = 264.192
44
new S = 264.192
Current S passed in conversion module :264.192
Current d vector calculated :0.99962
Current S =264.192
Current X =1046.5
Current Y =1159.02
new S = 264.642
Current S passed in conversion module :264.642
Current d vector calculated :0.999623
Current S =264.642
Current X =1046.92
Current Y =1159.19
new S = 265.092
Current S passed in conversion module :265.092
Current d vector calculated :0.999626
Current S =265.092
Current X =1047.33
Current Y =1159.36
new S = 265.542
Current S passed in conversion module :265.542
Current d vector calculated :0.999631
Current S =265.542
Current X =1047.75
Current Y =1159.53
new S = 265.992
Current S passed in conversion module :265.992
Current d vector calculated :0.999636
Current S =265.992
Current X =1048.17
Current Y =1159.7
new S = 266.442
Current S passed in conversion module :266.442
Current d vector calculated :0.999642
Current S =266.442
Current X =1048.58
Current Y =1159.87
Previous Path size :45
dist increment = 0.5
end S = 266.506
45
new S = 266.506
Current S passed in conversion module :266.506
Current d vector calculated :0.999643
Current S =266.506
Current X =1048.64
Current Y =1159.89
new S = 266.956
Current S passed in conversion module :266.956
Current d vector calculated :0.99965
Current S =266.956
Current X =1049.06
Current Y =1160.06
new S = 267.406
Current S passed in conversion module :267.406
Current d vector calculated :0.999658
Current S =267.406
Current X =1049.47
Current Y =1160.23
new S = 267.856
Current S passed in conversion module :267.856
Current d vector calculated :0.999667
Current S =267.856
Current X =1049.89
Current Y =1160.4
new S = 268.306
Current S passed in conversion module :268.306
Current d vector calculated :0.999676
Current S =268.306
Current X =1050.3
Current Y =1160.57
Previous Path size :45
dist increment = 0.5
end S = 268.365
45
new S = 268.365
Current S passed in conversion module :268.365
Current d vector calculated :0.999678
Current S =268.365
Current X =1050.36
Current Y =1160.59
new S = 268.815
Current S passed in conversion module :268.815
Current d vector calculated :0.999689
Current S =268.815
Current X =1050.77
Current Y =1160.76
new S = 269.265
Current S passed in conversion module :269.265
Current d vector calculated :0.999701
Current S =269.265
Current X =1051.19
Current Y =1160.93
new S = 269.715
Current S passed in conversion module :269.715
Current d vector calculated :0.999713
Current S =269.715
Current X =1051.6
Current Y =1161.1
new S = 270.165
Current S passed in conversion module :270.165
Current d vector calculated :0.999727
Current S =270.165
Current X =1052.02
Current Y =1161.27
Previous Path size :45
dist increment = 0.5
end S = 270.216
45
new S = 270.216
Current S passed in conversion module :270.216
Current d vector calculated :0.999729
Current S =270.216
Current X =1052.06
Current Y =1161.29
new S = 270.666
Current S passed in conversion module :270.666
Current d vector calculated :0.999744
Current S =270.666
Current X =1052.48
Current Y =1161.46
new S = 271.116
Current S passed in conversion module :271.116
Current d vector calculated :0.999761
Current S =271.116
Current X =1052.89
Current Y =1161.63
new S = 271.566
Current S passed in conversion module :271.566
Current d vector calculated :0.999778
Current S =271.566
Current X =1053.31
Current Y =1161.8
new S = 272.016
Current S passed in conversion module :272.016
Current d vector calculated :0.999797
Current S =272.016
Current X =1053.72
Current Y =1161.97
Previous Path size :44
dist increment = 0.5
end S = 272.059
44
new S = 272.059
Current S passed in conversion module :272.059
Current d vector calculated :0.999798
Current S =272.059
Current X =1053.76
Current Y =1161.98
new S = 272.509
Current S passed in conversion module :272.509
Current d vector calculated :0.999818
Current S =272.509
Current X =1054.18
Current Y =1162.15
new S = 272.959
Current S passed in conversion module :272.959
Current d vector calculated :0.999839
Current S =272.959
Current X =1054.59
Current Y =1162.32
new S = 273.409
Current S passed in conversion module :273.409
Current d vector calculated :0.999862
Current S =273.409
Current X =1055.01
Current Y =1162.49
new S = 273.859
Current S passed in conversion module :273.859
Current d vector calculated :0.999885
Current S =273.859
Current X =1055.42
Current Y =1162.66
new S = 274.309
Current S passed in conversion module :274.309
Current d vector calculated :0.99991
Current S =274.309
Current X =1055.83
Current Y =1162.83
Previous Path size :45
dist increment = 0.5
end S = 274.339
45
new S = 274.339
Current S passed in conversion module :274.339
Current d vector calculated :0.999912
Current S =274.339
Current X =1055.86
Current Y =1162.84
new S = 274.789
Current S passed in conversion module :274.789
Current d vector calculated :0.999939
Current S =274.789
Current X =1056.28
Current Y =1163.01
new S = 275.239
Current S passed in conversion module :275.239
Current d vector calculated :0.999966
Current S =275.239
Current X =1056.69
Current Y =1163.18
new S = 275.69
Current S passed in conversion module :275.69
Current d vector calculated :0.999996
Current S =275.69
Current X =1057.11
Current Y =1163.35
new S = 276.139
Current S passed in conversion module :276.139
Current d vector calculated :1.00003
Current S =276.139
Current X =1057.53
Current Y =1163.52
Previous Path size :44
dist increment = 0.5
end S = 276.168
44
new S = 276.168
Current S passed in conversion module :276.168
Current d vector calculated :1.00003
Current S =276.168
Current X =1057.55
Current Y =1163.53
new S = 276.618
Current S passed in conversion module :276.618
Current d vector calculated :1.00006
Current S =276.618
Current X =1057.97
Current Y =1163.7
new S = 277.068
Current S passed in conversion module :277.068
Current d vector calculated :1.00009
Current S =277.068
Current X =1058.38
Current Y =1163.88
new S = 277.518
Current S passed in conversion module :277.518
Current d vector calculated :1.00013
Current S =277.518
Current X =1058.79
Current Y =1164.05
new S = 277.968
Current S passed in conversion module :277.968
Current d vector calculated :1.00016
Current S =277.968
Current X =1059.2
Current Y =1164.22
new S = 278.418
Current S passed in conversion module :278.418
Current d vector calculated :1.0002
Current S =278.418
Current X =1059.62
Current Y =1164.39
Previous Path size :45
dist increment = 0.5
end S = 278.373
45
new S = 278.373
Current S passed in conversion module :278.373
Current d vector calculated :1.00019
Current S =278.373
Current X =1059.57
Current Y =1164.38
new S = 278.823
Current S passed in conversion module :278.823
Current d vector calculated :1.00023
Current S =278.823
Current X =1059.99
Current Y =1164.55
new S = 279.273
Current S passed in conversion module :279.273
Current d vector calculated :1.00027
Current S =279.273
Current X =1060.4
Current Y =1164.72
new S = 279.723
Current S passed in conversion module :279.723
Current d vector calculated :1.0003
Current S =279.723
Current X =1060.81
Current Y =1164.89
new S = 280.173
Current S passed in conversion module :280.173
Current d vector calculated :1.00034
Current S =280.173
Current X =1061.22
Current Y =1165.06
Previous Path size :44
dist increment = 0.5
end S = 280.115
44
new S = 280.115
Current S passed in conversion module :280.115
Current d vector calculated :1.00034
Current S =280.115
Current X =1061.17
Current Y =1165.04
new S = 280.565
Current S passed in conversion module :280.565
Current d vector calculated :1.00037
Current S =280.565
Current X =1061.58
Current Y =1165.21
new S = 281.015
Current S passed in conversion module :281.015
Current d vector calculated :1.00041
Current S =281.015
Current X =1061.99
Current Y =1165.39
new S = 281.465
Current S passed in conversion module :281.465
Current d vector calculated :1.00044
Current S =281.465
Current X =1062.41
Current Y =1165.56
new S = 281.915
Current S passed in conversion module :281.915
Current d vector calculated :1.00048
Current S =281.915
Current X =1062.82
Current Y =1165.73
new S = 282.365
Current S passed in conversion module :282.365
Current d vector calculated :1.00051
Current S =282.365
Current X =1063.23
Current Y =1165.9
Previous Path size :45
dist increment = 0.5
end S = 282.29
45
new S = 282.29
Current S passed in conversion module :282.29
Current d vector calculated :1.00051
Current S =282.29
Current X =1063.16
Current Y =1165.87
new S = 282.74
Current S passed in conversion module :282.74
Current d vector calculated :1.00054
Current S =282.74
Current X =1063.57
Current Y =1166.05
new S = 283.19
Current S passed in conversion module :283.19
Current d vector calculated :1.00058
Current S =283.19
Current X =1063.98
Current Y =1166.22
new S = 283.64
Current S passed in conversion module :283.64
Current d vector calculated :1.00061
Current S =283.64
Current X =1064.4
Current Y =1166.39
new S = 284.09
Current S passed in conversion module :284.09
Current d vector calculated :1.00064
Current S =284.09
Current X =1064.81
Current Y =1166.56
Previous Path size :44
dist increment = 0.5
end S = 283.999
44
new S = 283.999
Current S passed in conversion module :283.999
Current d vector calculated :1.00063
Current S =283.999
Current X =1064.72
Current Y =1166.53
new S = 284.449
Current S passed in conversion module :284.449
Current d vector calculated :1.00066
Current S =284.449
Current X =1065.13
Current Y =1166.7
new S = 284.899
Current S passed in conversion module :284.899
Current d vector calculated :1.00069
Current S =284.899
Current X =1065.54
Current Y =1166.87
new S = 285.349
Current S passed in conversion module :285.349
Current d vector calculated :1.00072
Current S =285.349
Current X =1065.96
Current Y =1167.04
new S = 285.799
Current S passed in conversion module :285.799
Current d vector calculated :1.00075
Current S =285.799
Current X =1066.37
Current Y =1167.21
new S = 286.249
Current S passed in conversion module :286.249
Current d vector calculated :1.00077
Current S =286.249
Current X =1066.78
Current Y =1167.38
Previous Path size :45
dist increment = 0.5
end S = 286.135
45
new S = 286.135
Current S passed in conversion module :286.135
Current d vector calculated :1.00076
Current S =286.135
Current X =1066.67
Current Y =1167.34
new S = 286.584
Current S passed in conversion module :286.584
Current d vector calculated :1.00079
Current S =286.584
Current X =1067.08
Current Y =1167.51
new S = 287.034
Current S passed in conversion module :287.034
Current d vector calculated :1.00081
Current S =287.034
Current X =1067.49
Current Y =1167.68
new S = 287.485
Current S passed in conversion module :287.485
Current d vector calculated :1.00083
Current S =287.485
Current X =1067.9
Current Y =1167.86
new S = 287.935
Current S passed in conversion module :287.935
Current d vector calculated :1.00084
Current S =287.935
Current X =1068.31
Current Y =1168.03
Previous Path size :44
dist increment = 0.5
end S = 287.8
44
new S = 287.8
Current S passed in conversion module :287.8
Current d vector calculated :1.00084
Current S =287.8
Current X =1068.19
Current Y =1167.98
new S = 288.25
Current S passed in conversion module :288.25
Current d vector calculated :1.00085
Current S =288.25
Current X =1068.6
Current Y =1168.15
new S = 288.7
Current S passed in conversion module :288.7
Current d vector calculated :1.00087
Current S =288.7
Current X =1069.01
Current Y =1168.32
new S = 289.151
Current S passed in conversion module :289.151
Current d vector calculated :1.00088
Current S =289.151
Current X =1069.42
Current Y =1168.49
new S = 289.601
Current S passed in conversion module :289.601
Current d vector calculated :1.00089
Current S =289.601
Current X =1069.83
Current Y =1168.66
new S = 290.05
Current S passed in conversion module :290.05
Current d vector calculated :1.00089
Current S =290.05
Current X =1070.24
Current Y =1168.83
Previous Path size :44
dist increment = 0.5
end S = 289.887
44
new S = 289.887
Current S passed in conversion module :289.887
Current d vector calculated :1.00089
Current S =289.887
Current X =1070.09
Current Y =1168.77
new S = 290.337
Current S passed in conversion module :290.337
Current d vector calculated :1.0009
Current S =290.337
Current X =1070.5
Current Y =1168.94
new S = 290.787
Current S passed in conversion module :290.787
Current d vector calculated :1.0009
Current S =290.787
Current X =1070.91
Current Y =1169.11
new S = 291.238
Current S passed in conversion module :291.238
Current d vector calculated :1.0009
Current S =291.238
Current X =1071.32
Current Y =1169.28
new S = 291.688
Current S passed in conversion module :291.688
Current d vector calculated :1.00089
Current S =291.688
Current X =1071.73
Current Y =1169.46
new S = 292.137
Current S passed in conversion module :292.137
Current d vector calculated :1.00089
Current S =292.137
Current X =1072.13
Current Y =1169.63
Previous Path size :45
dist increment = 0.5
end S = 291.943
45
new S = 291.943
Current S passed in conversion module :291.943
Current d vector calculated :1.00089
Current S =291.943
Current X =1071.96
Current Y =1169.55
new S = 292.393
Current S passed in conversion module :292.393
Current d vector calculated :1.00088
Current S =292.393
Current X =1072.37
Current Y =1169.72
new S = 292.843
Current S passed in conversion module :292.843
Current d vector calculated :1.00087
Current S =292.843
Current X =1072.77
Current Y =1169.89
new S = 293.293
Current S passed in conversion module :293.293
Current d vector calculated :1.00086
Current S =293.293
Current X =1073.18
Current Y =1170.06
new S = 293.743
Current S passed in conversion module :293.743
Current d vector calculated :1.00084
Current S =293.743
Current X =1073.59
Current Y =1170.24
Previous Path size :44
dist increment = 0.5
end S = 293.52
44
new S = 293.52
Current S passed in conversion module :293.52
Current d vector calculated :1.00085
Current S =293.52
Current X =1073.39
Current Y =1170.15
new S = 293.97
Current S passed in conversion module :293.97
Current d vector calculated :1.00083
Current S =293.97
Current X =1073.8
Current Y =1170.32
new S = 294.42
Current S passed in conversion module :294.42
Current d vector calculated :1.00081
Current S =294.42
Current X =1074.2
Current Y =1170.49
new S = 294.87
Current S passed in conversion module :294.87
Current d vector calculated :1.00079
Current S =294.87
Current X =1074.61
Current Y =1170.66
new S = 295.32
Current S passed in conversion module :295.32
Current d vector calculated :1.00076
Current S =295.32
Current X =1075.02
Current Y =1170.83
new S = 295.77
Current S passed in conversion module :295.77
Current d vector calculated :1.00074
Current S =295.77
Current X =1075.42
Current Y =1171.01
Previous Path size :45
dist increment = 0.5
end S = 295.509
45
new S = 295.509
Current S passed in conversion module :295.509
Current d vector calculated :1.00075
Current S =295.509
Current X =1075.19
Current Y =1170.91
new S = 295.959
Current S passed in conversion module :295.959
Current d vector calculated :1.00072
Current S =295.959
Current X =1075.59
Current Y =1171.08
new S = 296.409
Current S passed in conversion module :296.409
Current d vector calculated :1.00069
Current S =296.409
Current X =1076
Current Y =1171.25
new S = 296.859
Current S passed in conversion module :296.859
Current d vector calculated :1.00066
Current S =296.859
Current X =1076.41
Current Y =1171.42
new S = 297.309
Current S passed in conversion module :297.309
Current d vector calculated :1.00062
Current S =297.309
Current X =1076.81
Current Y =1171.59
Previous Path size :44
dist increment = 0.5
end S = 297.015
44
new S = 297.015
Current S passed in conversion module :297.015
Current d vector calculated :1.00064
Current S =297.015
Current X =1076.55
Current Y =1171.48
new S = 297.465
Current S passed in conversion module :297.465
Current d vector calculated :1.0006
Current S =297.465
Current X =1076.95
Current Y =1171.65
new S = 297.915
Current S passed in conversion module :297.915
Current d vector calculated :1.00056
Current S =297.915
Current X =1077.36
Current Y =1171.82
new S = 298.365
Current S passed in conversion module :298.365
Current d vector calculated :1.00052
Current S =298.365
Current X =1077.76
Current Y =1171.99
new S = 298.815
Current S passed in conversion module :298.815
Current d vector calculated :1.00047
Current S =298.815
Current X =1078.17
Current Y =1172.16
new S = 299.265
Current S passed in conversion module :299.265
Current d vector calculated :1.00042
Current S =299.265
Current X =1078.57
Current Y =1172.33
Previous Path size :44
dist increment = 0.5
end S = 298.925
44
new S = 298.925
Current S passed in conversion module :298.925
Current d vector calculated :1.00046
Current S =298.925
Current X =1078.27
Current Y =1172.2
new S = 299.375
Current S passed in conversion module :299.375
Current d vector calculated :1.00041
Current S =299.375
Current X =1078.67
Current Y =1172.37
new S = 299.825
Current S passed in conversion module :299.825
Current d vector calculated :1.00036
Current S =299.825
Current X =1079.08
Current Y =1172.54
new S = 300.275
Current S passed in conversion module :300.275
Current d vector calculated :1.0003
Current S =300.275
Current X =1079.48
Current Y =1172.71
new S = 300.725
Current S passed in conversion module :300.725
Current d vector calculated :1.00025
Current S =300.725
Current X =1079.88
Current Y =1172.88
new S = 301.175
Current S passed in conversion module :301.175
Current d vector calculated :1.00019
Current S =301.175
Current X =1080.29
Current Y =1173.05
Previous Path size :45
dist increment = 0.5
end S = 300.787
45
new S = 300.787
Current S passed in conversion module :300.787
Current d vector calculated :1.00024
Current S =300.787
Current X =1079.94
Current Y =1172.9
new S = 301.237
Current S passed in conversion module :301.237
Current d vector calculated :1.00018
Current S =301.237
Current X =1080.34
Current Y =1173.07
new S = 301.687
Current S passed in conversion module :301.687
Current d vector calculated :1.00012
Current S =301.687
Current X =1080.75
Current Y =1173.24
new S = 302.137
Current S passed in conversion module :302.137
Current d vector calculated :1.00006
Current S =302.137
Current X =1081.15
Current Y =1173.41
new S = 302.587
Current S passed in conversion module :302.587
Current d vector calculated :0.999995
Current S =302.587
Current X =1081.41
Current Y =1173.53
Previous Path size :44
dist increment = 0.5
end S = 302.007
44
new S = 302.007
Current S passed in conversion module :302.007
Current d vector calculated :1.00008
Current S =302.007
Current X =1081.03
Current Y =1173.37
new S = 302.457
Current S passed in conversion module :302.457
Current d vector calculated :1.00001
Current S =302.457
Current X =1081.44
Current Y =1173.54
new S = 302.907
Current S passed in conversion module :302.907
Current d vector calculated :0.999949
Current S =302.907
Current X =1081.71
Current Y =1173.61
new S = 303.357
Current S passed in conversion module :303.357
Current d vector calculated :0.999884
Current S =303.357
Current X =1082.14
Current Y =1173.71
new S = 303.807
Current S passed in conversion module :303.807
Current d vector calculated :0.999818
Current S =303.807
Current X =1082.56
Current Y =1173.82
new S = 304.257
Current S passed in conversion module :304.257
Current d vector calculated :0.999752
Current S =304.257
Current X =1082.98
Current Y =1173.92
Previous Path size :44
dist increment = 0.5
end S = 304.692
44
new S = 304.692
Current S passed in conversion module :304.692
Current d vector calculated :0.999688
Current S =304.692
Current X =1083.39
Current Y =1174.02
new S = 305.142
Current S passed in conversion module :305.142
Current d vector calculated :0.999623
Current S =305.142
Current X =1083.82
Current Y =1174.13
new S = 305.592
Current S passed in conversion module :305.592
Current d vector calculated :0.999558
Current S =305.592
Current X =1084.24
Current Y =1174.23
new S = 306.042
Current S passed in conversion module :306.042
Current d vector calculated :0.999495
Current S =306.042
Current X =1084.66
Current Y =1174.34
new S = 306.492
Current S passed in conversion module :306.492
Current d vector calculated :0.999433
Current S =306.492
Current X =1085.08
Current Y =1174.44
new S = 306.942
Current S passed in conversion module :306.942
Current d vector calculated :0.999373
Current S =306.942
Current X =1085.5
Current Y =1174.54
Previous Path size :44
dist increment = 0.5
end S = 307.289
44
new S = 307.289
Current S passed in conversion module :307.289
Current d vector calculated :0.999328
Current S =307.289
Current X =1085.83
Current Y =1174.62
new S = 307.739
Current S passed in conversion module :307.739
Current d vector calculated :0.999271
Current S =307.739
Current X =1086.25
Current Y =1174.73
new S = 308.189
Current S passed in conversion module :308.189
Current d vector calculated :0.999218
Current S =308.189
Current X =1086.67
Current Y =1174.83
new S = 308.639
Current S passed in conversion module :308.639
Current d vector calculated :0.999167
Current S =308.639
Current X =1087.09
Current Y =1174.94
new S = 309.089
Current S passed in conversion module :309.089
Current d vector calculated :0.999119
Current S =309.089
Current X =1087.51
Current Y =1175.04
new S = 309.539
Current S passed in conversion module :309.539
Current d vector calculated :0.999074
Current S =309.539
Current X =1087.94
Current Y =1175.15
Previous Path size :44
dist increment = 0.5
end S = 309.794
44
new S = 309.794
Current S passed in conversion module :309.794
Current d vector calculated :0.99905
Current S =309.794
Current X =1088.17
Current Y =1175.21
new S = 310.244
Current S passed in conversion module :310.244
Current d vector calculated :0.999011
Current S =310.244
Current X =1088.59
Current Y =1175.31
new S = 310.694
Current S passed in conversion module :310.694
Current d vector calculated :0.998975
Current S =310.694
Current X =1089.02
Current Y =1175.41
new S = 311.144
Current S passed in conversion module :311.144
Current d vector calculated :0.998944
Current S =311.144
Current X =1089.44
Current Y =1175.52
new S = 311.594
Current S passed in conversion module :311.594
Current d vector calculated :0.998916
Current S =311.594
Current X =1089.86
Current Y =1175.62
new S = 312.044
Current S passed in conversion module :312.044
Current d vector calculated :0.998893
Current S =312.044
Current X =1090.28
Current Y =1175.73
Previous Path size :45
dist increment = 0.5
end S = 312.205
45
new S = 312.205
Current S passed in conversion module :312.205
Current d vector calculated :0.998885
Current S =312.205
Current X =1090.43
Current Y =1175.76
new S = 312.655
Current S passed in conversion module :312.655
Current d vector calculated :0.998868
Current S =312.655
Current X =1090.85
Current Y =1175.87
new S = 313.105
Current S passed in conversion module :313.105
Current d vector calculated :0.998854
Current S =313.105
Current X =1091.27
Current Y =1175.97
new S = 313.555
Current S passed in conversion module :313.555
Current d vector calculated :0.998846
Current S =313.555
Current X =1091.69
Current Y =1176.08
new S = 314.005
Current S passed in conversion module :314.005
Current d vector calculated :0.998841
Current S =314.005
Current X =1092.11
Current Y =1176.18
Previous Path size :44
dist increment = 0.5
end S = 314.091
44
new S = 314.091
Current S passed in conversion module :314.091
Current d vector calculated :0.998841
Current S =314.091
Current X =1092.19
Current Y =1176.2
new S = 314.541
Current S passed in conversion module :314.541
Current d vector calculated :0.998842
Current S =314.541
Current X =1092.61
Current Y =1176.3
new S = 314.991
Current S passed in conversion module :314.991
Current d vector calculated :0.998847
Current S =314.991
Current X =1093.03
Current Y =1176.41
new S = 315.441
Current S passed in conversion module :315.441
Current d vector calculated :0.998857
Current S =315.441
Current X =1093.45
Current Y =1176.51
new S = 315.891
Current S passed in conversion module :315.891
Current d vector calculated :0.998871
Current S =315.891
Current X =1093.87
Current Y =1176.62
new S = 316.341
Current S passed in conversion module :316.341
Current d vector calculated :0.998889
Current S =316.341
Current X =1094.29
Current Y =1176.72
Previous Path size :44
dist increment = 0.5
end S = 316.338
44
new S = 316.338
Current S passed in conversion module :316.338
Current d vector calculated :0.998889
Current S =316.338
Current X =1094.28
Current Y =1176.72
new S = 316.788
Current S passed in conversion module :316.788
Current d vector calculated :0.998912
Current S =316.788
Current X =1094.7
Current Y =1176.83
new S = 317.238
Current S passed in conversion module :317.238
Current d vector calculated :0.998939
Current S =317.238
Current X =1095.12
Current Y =1176.93
new S = 317.688
Current S passed in conversion module :317.688
Current d vector calculated :0.99897
Current S =317.688
Current X =1095.54
Current Y =1177.03
new S = 318.138
Current S passed in conversion module :318.138
Current d vector calculated :0.999004
Current S =318.138
Current X =1095.96
Current Y =1177.14
new S = 318.588
Current S passed in conversion module :318.588
Current d vector calculated :0.999043
Current S =318.588
Current X =1096.39
Current Y =1177.24
Previous Path size :44
dist increment = 0.5
end S = 318.499
44
new S = 318.499
Current S passed in conversion module :318.499
Current d vector calculated :0.999035
Current S =318.499
Current X =1096.3
Current Y =1177.22
new S = 318.949
Current S passed in conversion module :318.949
Current d vector calculated :0.999076
Current S =318.949
Current X =1096.72
Current Y =1177.33
new S = 319.399
Current S passed in conversion module :319.399
Current d vector calculated :0.999121
Current S =319.399
Current X =1097.14
Current Y =1177.43
new S = 319.849
Current S passed in conversion module :319.849
Current d vector calculated :0.999169
Current S =319.849
Current X =1097.56
Current Y =1177.54
new S = 320.299
Current S passed in conversion module :320.299
Current d vector calculated :0.99922
Current S =320.299
Current X =1097.98
Current Y =1177.64
new S = 320.749
Current S passed in conversion module :320.749
Current d vector calculated :0.999273
Current S =320.749
Current X =1098.4
Current Y =1177.75
Previous Path size :44
dist increment = 0.5
end S = 320.579
44
new S = 320.579
Current S passed in conversion module :320.579
Current d vector calculated :0.999253
Current S =320.579
Current X =1098.24
Current Y =1177.71
new S = 321.029
Current S passed in conversion module :321.029
Current d vector calculated :0.999308
Current S =321.029
Current X =1098.66
Current Y =1177.81
new S = 321.479
Current S passed in conversion module :321.479
Current d vector calculated :0.999365
Current S =321.479
Current X =1099.09
Current Y =1177.91
new S = 321.929
Current S passed in conversion module :321.929
Current d vector calculated :0.999424
Current S =321.929
Current X =1099.51
Current Y =1178.02
new S = 322.379
Current S passed in conversion module :322.379
Current d vector calculated :0.999485
Current S =322.379
Current X =1099.93
Current Y =1178.12
new S = 322.829
Current S passed in conversion module :322.829
Current d vector calculated :0.999547
Current S =322.829
Current X =1100.35
Current Y =1178.23
Previous Path size :45
dist increment = 0.5
end S = 322.583
45
new S = 322.583
Current S passed in conversion module :322.583
Current d vector calculated :0.999513
Current S =322.583
Current X =1100.12
Current Y =1178.17
new S = 323.033
Current S passed in conversion module :323.033
Current d vector calculated :0.999576
Current S =323.033
Current X =1100.54
Current Y =1178.28
new S = 323.483
Current S passed in conversion module :323.483
Current d vector calculated :0.999639
Current S =323.483
Current X =1100.96
Current Y =1178.38
new S = 323.933
Current S passed in conversion module :323.933
Current d vector calculated :0.999703
Current S =323.933
Current X =1101.38
Current Y =1178.49
new S = 324.383
Current S passed in conversion module :324.383
Current d vector calculated :0.999767
Current S =324.383
Current X =1101.8
Current Y =1178.59
Previous Path size :43
dist increment = 0.5
end S = 324.084
43
new S = 324.084
Current S passed in conversion module :324.084
Current d vector calculated :0.999724
Current S =324.084
Current X =1101.52
Current Y =1178.52
new S = 324.534
Current S passed in conversion module :324.534
Current d vector calculated :0.999788
Current S =324.534
Current X =1101.94
Current Y =1178.63
new S = 324.984
Current S passed in conversion module :324.984
Current d vector calculated :0.999851
Current S =324.984
Current X =1102.37
Current Y =1178.73
new S = 325.434
Current S passed in conversion module :325.434
Current d vector calculated :0.999914
Current S =325.434
Current X =1102.79
Current Y =1178.84
new S = 325.884
Current S passed in conversion module :325.884
Current d vector calculated :0.999975
Current S =325.884
Current X =1103.21
Current Y =1178.94
new S = 326.334
Current S passed in conversion module :326.334
Current d vector calculated :1.00003
Current S =326.334
Current X =1103.53
Current Y =1179
new S = 326.784
Current S passed in conversion module :326.784
Current d vector calculated :1.00009
Current S =326.784
Current X =1103.96
Current Y =1179.05
Previous Path size :45
dist increment = 0.5
end S = 326.285
45
new S = 326.285
Current S passed in conversion module :326.285
Current d vector calculated :1.00003
Current S =326.285
Current X =1103.48
Current Y =1178.99
new S = 326.735
Current S passed in conversion module :326.735
Current d vector calculated :1.00009
Current S =326.735
Current X =1103.91
Current Y =1179.05
new S = 327.185
Current S passed in conversion module :327.185
Current d vector calculated :1.00014
Current S =327.185
Current X =1104.34
Current Y =1179.1
new S = 327.635
Current S passed in conversion module :327.635
Current d vector calculated :1.00019
Current S =327.635
Current X =1104.78
Current Y =1179.16
new S = 328.085
Current S passed in conversion module :328.085
Current d vector calculated :1.00024
Current S =328.085
Current X =1105.21
Current Y =1179.21
Previous Path size :44
dist increment = 0.5
end S = 327.539
44
new S = 327.539
Current S passed in conversion module :327.539
Current d vector calculated :1.00018
Current S =327.539
Current X =1104.68
Current Y =1179.15
new S = 327.989
Current S passed in conversion module :327.989
Current d vector calculated :1.00023
Current S =327.989
Current X =1105.12
Current Y =1179.2
new S = 328.439
Current S passed in conversion module :328.439
Current d vector calculated :1.00028
Current S =328.439
Current X =1105.55
Current Y =1179.26
new S = 328.889
Current S passed in conversion module :328.889
Current d vector calculated :1.00033
Current S =328.889
Current X =1105.98
Current Y =1179.31
new S = 329.339
Current S passed in conversion module :329.339
Current d vector calculated :1.00037
Current S =329.339
Current X =1106.42
Current Y =1179.37
new S = 329.789
Current S passed in conversion module :329.789
Current d vector calculated :1.00042
Current S =329.789
Current X =1106.85
Current Y =1179.42
Previous Path size :45
dist increment = 0.5
end S = 330.008
45
new S = 330.008
Current S passed in conversion module :330.008
Current d vector calculated :1.00043
Current S =330.008
Current X =1107.06
Current Y =1179.45
new S = 330.458
Current S passed in conversion module :330.458
Current d vector calculated :1.00047
Current S =330.458
Current X =1107.5
Current Y =1179.51
new S = 330.908
Current S passed in conversion module :330.908
Current d vector calculated :1.00051
Current S =330.908
Current X =1107.93
Current Y =1179.56
new S = 331.358
Current S passed in conversion module :331.358
Current d vector calculated :1.00054
Current S =331.358
Current X =1108.37
Current Y =1179.62
new S = 331.808
Current S passed in conversion module :331.808
Current d vector calculated :1.00057
Current S =331.808
Current X =1108.8
Current Y =1179.67
Previous Path size :44
dist increment = 0.5
end S = 331.973
44
new S = 331.973
Current S passed in conversion module :331.973
Current d vector calculated :1.00058
Current S =331.973
Current X =1108.96
Current Y =1179.69
new S = 332.423
Current S passed in conversion module :332.423
Current d vector calculated :1.00061
Current S =332.423
Current X =1109.39
Current Y =1179.75
new S = 332.873
Current S passed in conversion module :332.873
Current d vector calculated :1.00063
Current S =332.873
Current X =1109.83
Current Y =1179.81
new S = 333.323
Current S passed in conversion module :333.323
Current d vector calculated :1.00065
Current S =333.323
Current X =1110.26
Current Y =1179.86
new S = 333.773
Current S passed in conversion module :333.773
Current d vector calculated :1.00067
Current S =333.773
Current X =1110.7
Current Y =1179.92
new S = 334.223
Current S passed in conversion module :334.223
Current d vector calculated :1.00068
Current S =334.223
Current X =1111.14
Current Y =1179.97
Previous Path size :44
dist increment = 0.5
end S = 334.329
44
new S = 334.329
Current S passed in conversion module :334.329
Current d vector calculated :1.00069
Current S =334.329
Current X =1111.24
Current Y =1179.99
new S = 334.779
Current S passed in conversion module :334.779
Current d vector calculated :1.0007
Current S =334.779
Current X =1111.67
Current Y =1180.04
new S = 335.229
Current S passed in conversion module :335.229
Current d vector calculated :1.00071
Current S =335.229
Current X =1112.11
Current Y =1180.1
new S = 335.679
Current S passed in conversion module :335.679
Current d vector calculated :1.00072
Current S =335.679
Current X =1112.55
Current Y =1180.16
new S = 336.129
Current S passed in conversion module :336.129
Current d vector calculated :1.00072
Current S =336.129
Current X =1112.98
Current Y =1180.21
new S = 336.579
Current S passed in conversion module :336.579
Current d vector calculated :1.00072
Current S =336.579
Current X =1113.42
Current Y =1180.27
Previous Path size :45
dist increment = 0.5
end S = 336.631
45
new S = 336.631
Current S passed in conversion module :336.631
Current d vector calculated :1.00072
Current S =336.631
Current X =1113.47
Current Y =1180.28
new S = 337.081
Current S passed in conversion module :337.081
Current d vector calculated :1.00072
Current S =337.081
Current X =1113.91
Current Y =1180.33
new S = 337.531
Current S passed in conversion module :337.531
Current d vector calculated :1.00072
Current S =337.531
Current X =1114.34
Current Y =1180.39
new S = 337.981
Current S passed in conversion module :337.981
Current d vector calculated :1.00072
Current S =337.981
Current X =1114.78
Current Y =1180.45
new S = 338.431
Current S passed in conversion module :338.431
Current d vector calculated :1.00071
Current S =338.431
Current X =1115.22
Current Y =1180.5
Previous Path size :45
dist increment = 0.5
end S = 338.445
45
new S = 338.445
Current S passed in conversion module :338.445
Current d vector calculated :1.00071
Current S =338.445
Current X =1115.23
Current Y =1180.51
new S = 338.895
Current S passed in conversion module :338.895
Current d vector calculated :1.0007
Current S =338.895
Current X =1115.67
Current Y =1180.56
new S = 339.345
Current S passed in conversion module :339.345
Current d vector calculated :1.00069
Current S =339.345
Current X =1116.11
Current Y =1180.62
new S = 339.795
Current S passed in conversion module :339.795
Current d vector calculated :1.00067
Current S =339.795
Current X =1116.54
Current Y =1180.68
new S = 340.245
Current S passed in conversion module :340.245
Current d vector calculated :1.00066
Current S =340.245
Current X =1116.98
Current Y =1180.73
Previous Path size :44
dist increment = 0.5
end S = 340.224
44
new S = 340.224
Current S passed in conversion module :340.224
Current d vector calculated :1.00066
Current S =340.224
Current X =1116.96
Current Y =1180.73
new S = 340.674
Current S passed in conversion module :340.674
Current d vector calculated :1.00064
Current S =340.674
Current X =1117.4
Current Y =1180.79
new S = 341.124
Current S passed in conversion module :341.124
Current d vector calculated :1.00062
Current S =341.124
Current X =1117.84
Current Y =1180.84
new S = 341.574
Current S passed in conversion module :341.574
Current d vector calculated :1.0006
Current S =341.574
Current X =1118.28
Current Y =1180.9
new S = 342.024
Current S passed in conversion module :342.024
Current d vector calculated :1.00058
Current S =342.024
Current X =1118.72
Current Y =1180.96
new S = 342.474
Current S passed in conversion module :342.474
Current d vector calculated :1.00056
Current S =342.474
Current X =1119.15
Current Y =1181.02
Previous Path size :45
dist increment = 0.5
end S = 342.414
45
new S = 342.414
Current S passed in conversion module :342.414
Current d vector calculated :1.00056
Current S =342.414
Current X =1119.1
Current Y =1181.01
new S = 342.864
Current S passed in conversion module :342.864
Current d vector calculated :1.00054
Current S =342.864
Current X =1119.53
Current Y =1181.07
new S = 343.314
Current S passed in conversion module :343.314
Current d vector calculated :1.00051
Current S =343.314
Current X =1119.97
Current Y =1181.12
new S = 343.764
Current S passed in conversion module :343.764
Current d vector calculated :1.00048
Current S =343.764
Current X =1120.41
Current Y =1181.18
new S = 344.214
Current S passed in conversion module :344.214
Current d vector calculated :1.00046
Current S =344.214
Current X =1120.85
Current Y =1181.24
Previous Path size :45
dist increment = 0.5
end S = 344.126
45
new S = 344.126
Current S passed in conversion module :344.126
Current d vector calculated :1.00046
Current S =344.126
Current X =1120.77
Current Y =1181.23
new S = 344.576
Current S passed in conversion module :344.576
Current d vector calculated :1.00043
Current S =344.576
Current X =1121.21
Current Y =1181.28
new S = 345.026
Current S passed in conversion module :345.026
Current d vector calculated :1.0004
Current S =345.026
Current X =1121.65
Current Y =1181.34
new S = 345.476
Current S passed in conversion module :345.476
Current d vector calculated :1.00037
Current S =345.476
Current X =1122.09
Current Y =1181.4
new S = 345.926
Current S passed in conversion module :345.926
Current d vector calculated :1.00034
Current S =345.926
Current X =1122.52
Current Y =1181.46
Previous Path size :45
dist increment = 0.5
end S = 345.814
45
new S = 345.814
Current S passed in conversion module :345.814
Current d vector calculated :1.00035
Current S =345.814
Current X =1122.41
Current Y =1181.44
new S = 346.264
Current S passed in conversion module :346.264
Current d vector calculated :1.00032
Current S =346.264
Current X =1122.85
Current Y =1181.5
new S = 346.714
Current S passed in conversion module :346.714
Current d vector calculated :1.00029
Current S =346.714
Current X =1123.29
Current Y =1181.56
new S = 347.164
Current S passed in conversion module :347.164
Current d vector calculated :1.00026
Current S =347.164
Current X =1123.73
Current Y =1181.61
new S = 347.614
Current S passed in conversion module :347.614
Current d vector calculated :1.00023
Current S =347.614
Current X =1124.18
Current Y =1181.67
Previous Path size :45
dist increment = 0.5
end S = 347.478
45
new S = 347.478
Current S passed in conversion module :347.478
Current d vector calculated :1.00024
Current S =347.478
Current X =1124.04
Current Y =1181.65
new S = 347.928
Current S passed in conversion module :347.928
Current d vector calculated :1.00021
Current S =347.928
Current X =1124.48
Current Y =1181.71
new S = 348.378
Current S passed in conversion module :348.378
Current d vector calculated :1.00018
Current S =348.378
Current X =1124.92
Current Y =1181.77
new S = 348.828
Current S passed in conversion module :348.828
Current d vector calculated :1.00015
Current S =348.828
Current X =1125.36
Current Y =1181.83
new S = 349.278
Current S passed in conversion module :349.278
Current d vector calculated :1.00012
Current S =349.278
Current X =1125.8
Current Y =1181.88
Previous Path size :44
dist increment = 0.5
end S = 349.12
44
new S = 349.12
Current S passed in conversion module :349.12
Current d vector calculated :1.00013
Current S =349.12
Current X =1125.65
Current Y =1181.86
new S = 349.57
Current S passed in conversion module :349.57
Current d vector calculated :1.0001
Current S =349.57
Current X =1126.09
Current Y =1181.92
new S = 350.02
Current S passed in conversion module :350.02
Current d vector calculated :1.00008
Current S =350.02
Current X =1126.53
Current Y =1181.98
new S = 350.47
Current S passed in conversion module :350.47
Current d vector calculated :1.00005
Current S =350.47
Current X =1126.97
Current Y =1182.04
new S = 350.92
Current S passed in conversion module :350.92
Current d vector calculated :1.00002
Current S =350.92
Current X =1127.41
Current Y =1182.09
new S = 351.37
Current S passed in conversion module :351.37
Current d vector calculated :1
Current S =351.37
Current X =1127.86
Current Y =1182.15
Previous Path size :45
dist increment = 0.5
end S = 351.189
45
new S = 351.189
Current S passed in conversion module :351.189
Current d vector calculated :1.00001
Current S =351.189
Current X =1127.68
Current Y =1182.13
new S = 351.639
Current S passed in conversion module :351.639
Current d vector calculated :0.999988
Current S =351.639
Current X =1128.07
Current Y =1182.17
new S = 352.089
Current S passed in conversion module :352.089
Current d vector calculated :0.999966
Current S =352.089
Current X =1128.51
Current Y =1182.2
new S = 352.539
Current S passed in conversion module :352.539
Current d vector calculated :0.999947
Current S =352.539
Current X =1128.95
Current Y =1182.23
new S = 352.989
Current S passed in conversion module :352.989
Current d vector calculated :0.999929
Current S =352.989
Current X =1129.4
Current Y =1182.27
Previous Path size :45
dist increment = 0.5
end S = 352.735
45
new S = 352.735
Current S passed in conversion module :352.735
Current d vector calculated :0.999939
Current S =352.735
Current X =1129.15
Current Y =1182.25
new S = 353.185
Current S passed in conversion module :353.185
Current d vector calculated :0.999921
Current S =353.185
Current X =1129.59
Current Y =1182.28
new S = 353.635
Current S passed in conversion module :353.635
Current d vector calculated :0.999905
Current S =353.635
Current X =1130.04
Current Y =1182.32
new S = 354.085
Current S passed in conversion module :354.085
Current d vector calculated :0.99989
Current S =354.085
Current X =1130.48
Current Y =1182.35
new S = 354.535
Current S passed in conversion module :354.535
Current d vector calculated :0.999877
Current S =354.535
Current X =1130.93
Current Y =1182.38
Previous Path size :43
dist increment = 0.5
end S = 354.641
43
new S = 354.641
Current S passed in conversion module :354.641
Current d vector calculated :0.999874
Current S =354.641
Current X =1131.03
Current Y =1182.39
new S = 355.091
Current S passed in conversion module :355.091
Current d vector calculated :0.999862
Current S =355.091
Current X =1131.47
Current Y =1182.43
new S = 355.541
Current S passed in conversion module :355.541
Current d vector calculated :0.999851
Current S =355.541
Current X =1131.92
Current Y =1182.46
new S = 355.991
Current S passed in conversion module :355.991
Current d vector calculated :0.999841
Current S =355.991
Current X =1132.36
Current Y =1182.49
new S = 356.441
Current S passed in conversion module :356.441
Current d vector calculated :0.999832
Current S =356.441
Current X =1132.81
Current Y =1182.53
new S = 356.891
Current S passed in conversion module :356.891
Current d vector calculated :0.999824
Current S =356.891
Current X =1133.25
Current Y =1182.56
new S = 357.341
Current S passed in conversion module :357.341
Current d vector calculated :0.999817
Current S =357.341
Current X =1133.7
Current Y =1182.59
Previous Path size :44
dist increment = 0.5
end S = 357.423
44
new S = 357.423
Current S passed in conversion module :357.423
Current d vector calculated :0.999816
Current S =357.423
Current X =1133.78
Current Y =1182.6
new S = 357.873
Current S passed in conversion module :357.873
Current d vector calculated :0.99981
Current S =357.873
Current X =1134.22
Current Y =1182.63
new S = 358.323
Current S passed in conversion module :358.323
Current d vector calculated :0.999805
Current S =358.323
Current X =1134.67
Current Y =1182.67
new S = 358.773
Current S passed in conversion module :358.773
Current d vector calculated :0.999801
Current S =358.773
Current X =1135.11
Current Y =1182.7
new S = 359.223
Current S passed in conversion module :359.223
Current d vector calculated :0.999797
Current S =359.223
Current X =1135.56
Current Y =1182.74
new S = 359.673
Current S passed in conversion module :359.673
Current d vector calculated :0.999795
Current S =359.673
Current X =1136.01
Current Y =1182.77
Previous Path size :37
dist increment = 0.5
end S = 359.736
37
new S = 359.736
Current S passed in conversion module :359.736
Current d vector calculated :0.999794
Current S =359.736
Current X =1136.07
Current Y =1182.77
new S = 360.186
Current S passed in conversion module :360.186
Current d vector calculated :0.999792
Current S =360.186
Current X =1136.51
Current Y =1182.81
new S = 360.636
Current S passed in conversion module :360.636
Current d vector calculated :0.999791
Current S =360.636
Current X =1136.96
Current Y =1182.84
new S = 361.086
Current S passed in conversion module :361.086
Current d vector calculated :0.999791
Current S =361.086
Current X =1137.4
Current Y =1182.88
new S = 361.536
Current S passed in conversion module :361.536
Current d vector calculated :0.99979
Current S =361.536
Current X =1137.85
Current Y =1182.91
new S = 361.986
Current S passed in conversion module :361.986
Current d vector calculated :0.999791
Current S =361.986
Current X =1138.3
Current Y =1182.94
new S = 362.436
Current S passed in conversion module :362.436
Current d vector calculated :0.999792
Current S =362.436
Current X =1138.74
Current Y =1182.98
new S = 362.886
Current S passed in conversion module :362.886
Current d vector calculated :0.999793
Current S =362.886
Current X =1139.19
Current Y =1183.01
new S = 363.336
Current S passed in conversion module :363.336
Current d vector calculated :0.999795
Current S =363.336
Current X =1139.63
Current Y =1183.05
new S = 363.786
Current S passed in conversion module :363.786
Current d vector calculated :0.999798
Current S =363.786
Current X =1140.08
Current Y =1183.08
new S = 364.236
Current S passed in conversion module :364.236
Current d vector calculated :0.9998
Current S =364.236
Current X =1140.52
Current Y =1183.11
new S = 364.686
Current S passed in conversion module :364.686
Current d vector calculated :0.999803
Current S =364.686
Current X =1140.97
Current Y =1183.15
new S = 365.136
Current S passed in conversion module :365.136
Current d vector calculated :0.999807
Current S =365.136
Current X =1141.42
Current Y =1183.18
Previous Path size :43
dist increment = 0.5
end S = 365.163
43
new S = 365.163
Current S passed in conversion module :365.163
Current d vector calculated :0.999807
Current S =365.163
Current X =1141.44
Current Y =1183.18
new S = 365.613
Current S passed in conversion module :365.613
Current d vector calculated :0.999811
Current S =365.613
Current X =1141.89
Current Y =1183.22
new S = 366.062
Current S passed in conversion module :366.062
Current d vector calculated :0.999815
Current S =366.062
Current X =1142.33
Current Y =1183.25
new S = 366.513
Current S passed in conversion module :366.513
Current d vector calculated :0.999819
Current S =366.513
Current X =1142.78
Current Y =1183.28
new S = 366.963
Current S passed in conversion module :366.963
Current d vector calculated :0.999824
Current S =366.963
Current X =1143.23
Current Y =1183.32
new S = 367.413
Current S passed in conversion module :367.413
Current d vector calculated :0.999829
Current S =367.413
Current X =1143.67
Current Y =1183.35
new S = 367.863
Current S passed in conversion module :367.863
Current d vector calculated :0.999834
Current S =367.863
Current X =1144.12
Current Y =1183.39
Previous Path size :44
dist increment = 0.5
end S = 367.874
44
new S = 367.874
Current S passed in conversion module :367.874
Current d vector calculated :0.999834
Current S =367.874
Current X =1144.13
Current Y =1183.39
new S = 368.324
Current S passed in conversion module :368.324
Current d vector calculated :0.999839
Current S =368.324
Current X =1144.58
Current Y =1183.42
new S = 368.774
Current S passed in conversion module :368.774
Current d vector calculated :0.999845
Current S =368.774
Current X =1145.02
Current Y =1183.45
new S = 369.224
Current S passed in conversion module :369.224
Current d vector calculated :0.99985
Current S =369.224
Current X =1145.47
Current Y =1183.49
new S = 369.674
Current S passed in conversion module :369.674
Current d vector calculated :0.999856
Current S =369.674
Current X =1145.92
Current Y =1183.52
new S = 370.124
Current S passed in conversion module :370.124
Current d vector calculated :0.999861
Current S =370.124
Current X =1146.36
Current Y =1183.56
Previous Path size :45
dist increment = 0.5
end S = 370.125
45
new S = 370.125
Current S passed in conversion module :370.125
Current d vector calculated :0.999861
Current S =370.125
Current X =1146.36
Current Y =1183.56
new S = 370.575
Current S passed in conversion module :370.575
Current d vector calculated :0.999867
Current S =370.575
Current X =1146.81
Current Y =1183.59
new S = 371.025
Current S passed in conversion module :371.025
Current d vector calculated :0.999873
Current S =371.025
Current X =1147.26
Current Y =1183.62
new S = 371.475
Current S passed in conversion module :371.475
Current d vector calculated :0.999879
Current S =371.475
Current X =1147.7
Current Y =1183.66
new S = 371.925
Current S passed in conversion module :371.925
Current d vector calculated :0.999885
Current S =371.925
Current X =1148.15
Current Y =1183.69
Previous Path size :44
dist increment = 0.5
end S = 371.916
44
new S = 371.916
Current S passed in conversion module :371.916
Current d vector calculated :0.999885
Current S =371.916
Current X =1148.14
Current Y =1183.69
new S = 372.366
Current S passed in conversion module :372.366
Current d vector calculated :0.99989
Current S =372.366
Current X =1148.59
Current Y =1183.72
new S = 372.816
Current S passed in conversion module :372.816
Current d vector calculated :0.999896
Current S =372.816
Current X =1149.03
Current Y =1183.76
new S = 373.266
Current S passed in conversion module :373.266
Current d vector calculated :0.999902
Current S =373.266
Current X =1149.48
Current Y =1183.79
new S = 373.716
Current S passed in conversion module :373.716
Current d vector calculated :0.999908
Current S =373.716
Current X =1149.93
Current Y =1183.83
new S = 374.166
Current S passed in conversion module :374.166
Current d vector calculated :0.999914
Current S =374.166
Current X =1150.37
Current Y =1183.86
Previous Path size :43
dist increment = 0.5
end S = 374.146
43
new S = 374.146
Current S passed in conversion module :374.146
Current d vector calculated :0.999913
Current S =374.146
Current X =1150.35
Current Y =1183.86
new S = 374.596
Current S passed in conversion module :374.596
Current d vector calculated :0.999919
Current S =374.596
Current X =1150.8
Current Y =1183.89
new S = 375.046
Current S passed in conversion module :375.046
Current d vector calculated :0.999925
Current S =375.046
Current X =1151.25
Current Y =1183.93
new S = 375.496
Current S passed in conversion module :375.496
Current d vector calculated :0.99993
Current S =375.496
Current X =1151.69
Current Y =1183.96
new S = 375.946
Current S passed in conversion module :375.946
Current d vector calculated :0.999935
Current S =375.946
Current X =1152.14
Current Y =1183.99
new S = 376.396
Current S passed in conversion module :376.396
Current d vector calculated :0.999941
Current S =376.396
Current X =1152.59
Current Y =1184.03
new S = 376.846
Current S passed in conversion module :376.846
Current d vector calculated :0.999946
Current S =376.846
Current X =1153.03
Current Y =1184.06
Previous Path size :42
dist increment = 0.5
end S = 376.815
42
new S = 376.815
Current S passed in conversion module :376.815
Current d vector calculated :0.999945
Current S =376.815
Current X =1153
Current Y =1184.06
new S = 377.265
Current S passed in conversion module :377.265
Current d vector calculated :0.99995
Current S =377.265
Current X =1153.45
Current Y =1184.09
new S = 377.715
Current S passed in conversion module :377.715
Current d vector calculated :0.999955
Current S =377.715
Current X =1153.9
Current Y =1184.13
new S = 378.165
Current S passed in conversion module :378.165
Current d vector calculated :0.99996
Current S =378.165
Current X =1154.34
Current Y =1184.16
new S = 378.615
Current S passed in conversion module :378.615
Current d vector calculated :0.999964
Current S =378.615
Current X =1154.79
Current Y =1184.19
new S = 379.065
Current S passed in conversion module :379.065
Current d vector calculated :0.999968
Current S =379.065
Current X =1155.24
Current Y =1184.23
new S = 379.515
Current S passed in conversion module :379.515
Current d vector calculated :0.999972
Current S =379.515
Current X =1155.68
Current Y =1184.26
new S = 379.965
Current S passed in conversion module :379.965
Current d vector calculated :0.999976
Current S =379.965
Current X =1156.13
Current Y =1184.3
Previous Path size :43
dist increment = 0.5
end S = 379.919
43
new S = 379.919
Current S passed in conversion module :379.919
Current d vector calculated :0.999976
Current S =379.919
Current X =1156.08
Current Y =1184.29
new S = 380.369
Current S passed in conversion module :380.369
Current d vector calculated :0.999979
Current S =380.369
Current X =1156.53
Current Y =1184.33
new S = 380.819
Current S passed in conversion module :380.819
Current d vector calculated :0.999983
Current S =380.819
Current X =1156.98
Current Y =1184.36
new S = 381.269
Current S passed in conversion module :381.269
Current d vector calculated :0.999986
Current S =381.269
Current X =1157.42
Current Y =1184.39
new S = 381.719
Current S passed in conversion module :381.719
Current d vector calculated :0.999989
Current S =381.719
Current X =1157.87
Current Y =1184.43
new S = 382.169
Current S passed in conversion module :382.169
Current d vector calculated :0.999991
Current S =382.169
Current X =1158.32
Current Y =1184.46
new S = 382.619
Current S passed in conversion module :382.619
Current d vector calculated :0.999993
Current S =382.619
Current X =1158.76
Current Y =1184.5
Previous Path size :42
dist increment = 0.5
end S = 382.56
42
new S = 382.56
Current S passed in conversion module :382.56
Current d vector calculated :0.999993
Current S =382.56
Current X =1158.71
Current Y =1184.49
new S = 383.01
Current S passed in conversion module :383.01
Current d vector calculated :0.999995
Current S =383.01
Current X =1159.15
Current Y =1184.53
new S = 383.46
Current S passed in conversion module :383.46
Current d vector calculated :0.999997
Current S =383.46
Current X =1159.6
Current Y =1184.56
new S = 383.91
Current S passed in conversion module :383.91
Current d vector calculated :0.999999
Current S =383.91
Current X =1160.05
Current Y =1184.59
new S = 384.36
Current S passed in conversion module :384.36
Current d vector calculated :1
Current S =384.36
Current X =1160.49
Current Y =1184.63
new S = 384.81
Current S passed in conversion module :384.81
Current d vector calculated :1
Current S =384.81
Current X =1160.91
Current Y =1184.65
new S = 385.26
Current S passed in conversion module :385.26
Current d vector calculated :1
Current S =385.26
Current X =1161.36
Current Y =1184.67
new S = 385.71
Current S passed in conversion module :385.71
Current d vector calculated :1
Current S =385.71
Current X =1161.8
Current Y =1184.69
Previous Path size :43
dist increment = 0.5
end S = 385.807
43
new S = 385.807
Current S passed in conversion module :385.807
Current d vector calculated :1
Current S =385.807
Current X =1161.9
Current Y =1184.7
new S = 386.257
Current S passed in conversion module :386.257
Current d vector calculated :1
Current S =386.257
Current X =1162.35
Current Y =1184.72
new S = 386.707
Current S passed in conversion module :386.707
Current d vector calculated :1
Current S =386.707
Current X =1162.79
Current Y =1184.74
new S = 387.157
Current S passed in conversion module :387.157
Current d vector calculated :1
Current S =387.157
Current X =1163.24
Current Y =1184.76
new S = 387.607
Current S passed in conversion module :387.607
Current d vector calculated :1
Current S =387.607
Current X =1163.69
Current Y =1184.78
new S = 388.057
Current S passed in conversion module :388.057
Current d vector calculated :1
Current S =388.057
Current X =1164.14
Current Y =1184.8
new S = 388.507
Current S passed in conversion module :388.507
Current d vector calculated :1
Current S =388.507
Current X =1164.58
Current Y =1184.82
Previous Path size :43
dist increment = 0.5
end S = 388.588
43
new S = 388.588
Current S passed in conversion module :388.588
Current d vector calculated :1
Current S =388.588
Current X =1164.66
Current Y =1184.83
new S = 389.038
Current S passed in conversion module :389.038
Current d vector calculated :0.999999
Current S =389.038
Current X =1165.11
Current Y =1184.85
new S = 389.488
Current S passed in conversion module :389.488
Current d vector calculated :0.999998
Current S =389.488
Current X =1165.56
Current Y =1184.87
new S = 389.938
Current S passed in conversion module :389.938
Current d vector calculated :0.999997
Current S =389.938
Current X =1166
Current Y =1184.89
new S = 390.388
Current S passed in conversion module :390.388
Current d vector calculated :0.999996
Current S =390.388
Current X =1166.45
Current Y =1184.91
new S = 390.838
Current S passed in conversion module :390.838
Current d vector calculated :0.999995
Current S =390.838
Current X =1166.9
Current Y =1184.93
new S = 391.288
Current S passed in conversion module :391.288
Current d vector calculated :0.999994
Current S =391.288
Current X =1167.34
Current Y =1184.95
Previous Path size :42
dist increment = 0.5
end S = 391.353
42
new S = 391.353
Current S passed in conversion module :391.353
Current d vector calculated :0.999993
Current S =391.353
Current X =1167.41
Current Y =1184.96
new S = 391.803
Current S passed in conversion module :391.803
Current d vector calculated :0.999992
Current S =391.803
Current X =1167.86
Current Y =1184.98
new S = 392.253
Current S passed in conversion module :392.253
Current d vector calculated :0.999991
Current S =392.253
Current X =1168.3
Current Y =1185
new S = 392.703
Current S passed in conversion module :392.703
Current d vector calculated :0.99999
Current S =392.703
Current X =1168.75
Current Y =1185.02
new S = 393.153
Current S passed in conversion module :393.153
Current d vector calculated :0.999989
Current S =393.153
Current X =1169.2
Current Y =1185.04
new S = 393.603
Current S passed in conversion module :393.603
Current d vector calculated :0.999988
Current S =393.603
Current X =1169.64
Current Y =1185.06
new S = 394.053
Current S passed in conversion module :394.053
Current d vector calculated :0.999987
Current S =394.053
Current X =1170.09
Current Y =1185.08
new S = 394.503
Current S passed in conversion module :394.503
Current d vector calculated :0.999986
Current S =394.503
Current X =1170.54
Current Y =1185.1
Previous Path size :43
dist increment = 0.5
end S = 394.551
43
new S = 394.551
Current S passed in conversion module :394.551
Current d vector calculated :0.999985
Current S =394.551
Current X =1170.59
Current Y =1185.11
new S = 395.001
Current S passed in conversion module :395.001
Current d vector calculated :0.999985
Current S =395.001
Current X =1171.03
Current Y =1185.13
new S = 395.451
Current S passed in conversion module :395.451
Current d vector calculated :0.999984
Current S =395.451
Current X =1171.48
Current Y =1185.15
new S = 395.901
Current S passed in conversion module :395.901
Current d vector calculated :0.999983
Current S =395.901
Current X =1171.93
Current Y =1185.17
new S = 396.351
Current S passed in conversion module :396.351
Current d vector calculated :0.999982
Current S =396.351
Current X =1172.37
Current Y =1185.19
new S = 396.801
Current S passed in conversion module :396.801
Current d vector calculated :0.999982
Current S =396.801
Current X =1172.82
Current Y =1185.21
new S = 397.251
Current S passed in conversion module :397.251
Current d vector calculated :0.999981
Current S =397.251
Current X =1173.27
Current Y =1185.23
Previous Path size :43
dist increment = 0.5
end S = 397.284
43
new S = 397.284
Current S passed in conversion module :397.284
Current d vector calculated :0.999981
Current S =397.284
Current X =1173.3
Current Y =1185.23
new S = 397.734
Current S passed in conversion module :397.734
Current d vector calculated :0.999981
Current S =397.734
Current X =1173.75
Current Y =1185.26
new S = 398.184
Current S passed in conversion module :398.184
Current d vector calculated :0.999981
Current S =398.184
Current X =1174.2
Current Y =1185.28
new S = 398.634
Current S passed in conversion module :398.634
Current d vector calculated :0.99998
Current S =398.634
Current X =1174.64
Current Y =1185.3
new S = 399.084
Current S passed in conversion module :399.084
Current d vector calculated :0.99998
Current S =399.084
Current X =1175.09
Current Y =1185.32
new S = 399.534
Current S passed in conversion module :399.534
Current d vector calculated :0.999981
Current S =399.534
Current X =1175.54
Current Y =1185.34
new S = 399.984
Current S passed in conversion module :399.984
Current d vector calculated :0.999981
Current S =399.984
Current X =1175.98
Current Y =1185.36
Previous Path size :43
dist increment = 0.5
end S = 400.004
43
new S = 400.004
Current S passed in conversion module :400.004
Current d vector calculated :0.999981
Current S =400.004
Current X =1176
Current Y =1185.36
new S = 400.454
Current S passed in conversion module :400.454
Current d vector calculated :0.999981
Current S =400.454
Current X =1176.45
Current Y =1185.38
new S = 400.904
Current S passed in conversion module :400.904
Current d vector calculated :0.999982
Current S =400.904
Current X =1176.9
Current Y =1185.4
new S = 401.354
Current S passed in conversion module :401.354
Current d vector calculated :0.999982
Current S =401.354
Current X =1177.35
Current Y =1185.43
new S = 401.804
Current S passed in conversion module :401.804
Current d vector calculated :0.999983
Current S =401.804
Current X =1177.79
Current Y =1185.45
new S = 402.254
Current S passed in conversion module :402.254
Current d vector calculated :0.999984
Current S =402.254
Current X =1178.24
Current Y =1185.47
new S = 402.704
Current S passed in conversion module :402.704
Current d vector calculated :0.999985
Current S =402.704
Current X =1178.69
Current Y =1185.49
Previous Path size :42
dist increment = 0.5
end S = 402.712
42
new S = 402.712
Current S passed in conversion module :402.712
Current d vector calculated :0.999985
Current S =402.712
Current X =1178.7
Current Y =1185.49
new S = 403.162
Current S passed in conversion module :403.162
Current d vector calculated :0.999986
Current S =403.162
Current X =1179.15
Current Y =1185.51
new S = 403.612
Current S passed in conversion module :403.612
Current d vector calculated :0.999988
Current S =403.612
Current X =1179.59
Current Y =1185.53
new S = 404.062
Current S passed in conversion module :404.062
Current d vector calculated :0.999989
Current S =404.062
Current X =1180.04
Current Y =1185.55
new S = 404.512
Current S passed in conversion module :404.512
Current d vector calculated :0.999991
Current S =404.512
Current X =1180.49
Current Y =1185.57
new S = 404.962
Current S passed in conversion module :404.962
Current d vector calculated :0.999993
Current S =404.962
Current X =1180.94
Current Y =1185.59
new S = 405.412
Current S passed in conversion module :405.412
Current d vector calculated :0.999995
Current S =405.412
Current X =1181.39
Current Y =1185.62
new S = 405.862
Current S passed in conversion module :405.862
Current d vector calculated :0.999997
Current S =405.862
Current X =1181.83
Current Y =1185.64
Previous Path size :43
dist increment = 0.5
end S = 405.86
43
new S = 405.86
Current S passed in conversion module :405.86
Current d vector calculated :0.999997
Current S =405.86
Current X =1181.83
Current Y =1185.64
new S = 406.31
Current S passed in conversion module :406.31
Current d vector calculated :0.999999
Current S =406.31
Current X =1182.28
Current Y =1185.66
new S = 406.76
Current S passed in conversion module :406.76
Current d vector calculated :1
Current S =406.76
Current X =1182.73
Current Y =1185.68
new S = 407.21
Current S passed in conversion module :407.21
Current d vector calculated :1
Current S =407.21
Current X =1183.18
Current Y =1185.7
new S = 407.66
Current S passed in conversion module :407.66
Current d vector calculated :1.00001
Current S =407.66
Current X =1183.63
Current Y =1185.72
new S = 408.11
Current S passed in conversion module :408.11
Current d vector calculated :1.00001
Current S =408.11
Current X =1184.07
Current Y =1185.74
new S = 408.56
Current S passed in conversion module :408.56
Current d vector calculated :1.00001
Current S =408.56
Current X =1184.52
Current Y =1185.76
Previous Path size :43
dist increment = 0.5
end S = 408.552
43
new S = 408.552
Current S passed in conversion module :408.552
Current d vector calculated :1.00001
Current S =408.552
Current X =1184.52
Current Y =1185.76
new S = 409.002
Current S passed in conversion module :409.002
Current d vector calculated :1.00002
Current S =409.002
Current X =1184.96
Current Y =1185.78
new S = 409.452
Current S passed in conversion module :409.452
Current d vector calculated :1.00002
Current S =409.452
Current X =1185.41
Current Y =1185.8
new S = 409.902
Current S passed in conversion module :409.902
Current d vector calculated :1.00002
Current S =409.902
Current X =1185.86
Current Y =1185.82
new S = 410.352
Current S passed in conversion module :410.352
Current d vector calculated :1.00003
Current S =410.352
Current X =1186.31
Current Y =1185.84
new S = 410.802
Current S passed in conversion module :410.802
Current d vector calculated :1.00003
Current S =410.802
Current X =1186.76
Current Y =1185.87
new S = 411.252
Current S passed in conversion module :411.252
Current d vector calculated :1.00003
Current S =411.252
Current X =1187.21
Current Y =1185.89
Previous Path size :43
dist increment = 0.5
end S = 411.241
43
new S = 411.241
Current S passed in conversion module :411.241
Current d vector calculated :1.00003
Current S =411.241
Current X =1187.2
Current Y =1185.89
new S = 411.691
Current S passed in conversion module :411.691
Current d vector calculated :1.00003
Current S =411.691
Current X =1187.65
Current Y =1185.91
new S = 412.141
Current S passed in conversion module :412.141
Current d vector calculated :1.00004
Current S =412.141
Current X =1188.1
Current Y =1185.93
new S = 412.591
Current S passed in conversion module :412.591
Current d vector calculated :1.00004
Current S =412.591
Current X =1188.55
Current Y =1185.95
new S = 413.041
Current S passed in conversion module :413.041
Current d vector calculated :1.00004
Current S =413.041
Current X =1189
Current Y =1185.97
new S = 413.491
Current S passed in conversion module :413.491
Current d vector calculated :1.00005
Current S =413.491
Current X =1189.44
Current Y =1185.99
new S = 413.941
Current S passed in conversion module :413.941
Current d vector calculated :1.00005
Current S =413.941
Current X =1189.89
Current Y =1186.01
Previous Path size :43
dist increment = 0.5
end S = 413.934
43
new S = 413.934
Current S passed in conversion module :413.934
Current d vector calculated :1.00005
Current S =413.934
Current X =1189.89
Current Y =1186.01
new S = 414.384
Current S passed in conversion module :414.384
Current d vector calculated :1.00005
Current S =414.384
Current X =1190.34
Current Y =1186.03
new S = 414.834
Current S passed in conversion module :414.834
Current d vector calculated :1.00006
Current S =414.834
Current X =1190.79
Current Y =1186.05
new S = 415.284
Current S passed in conversion module :415.284
Current d vector calculated :1.00006
Current S =415.284
Current X =1191.24
Current Y =1186.07
new S = 415.734
Current S passed in conversion module :415.734
Current d vector calculated :1.00006
Current S =415.734
Current X =1191.68
Current Y =1186.09
new S = 416.184
Current S passed in conversion module :416.184
Current d vector calculated :1.00006
Current S =416.184
Current X =1192.13
Current Y =1186.11
new S = 416.634
Current S passed in conversion module :416.634
Current d vector calculated :1.00007
Current S =416.634
Current X =1192.58
Current Y =1186.13
Previous Path size :43
dist increment = 0.5
end S = 416.626
43
new S = 416.626
Current S passed in conversion module :416.626
Current d vector calculated :1.00007
Current S =416.626
Current X =1192.58
Current Y =1186.13
new S = 417.076
Current S passed in conversion module :417.076
Current d vector calculated :1.00007
Current S =417.076
Current X =1193.02
Current Y =1186.15
new S = 417.526
Current S passed in conversion module :417.526
Current d vector calculated :1.00007
Current S =417.526
Current X =1193.47
Current Y =1186.18
new S = 417.976
Current S passed in conversion module :417.976
Current d vector calculated :1.00007
Current S =417.976
Current X =1193.92
Current Y =1186.2
new S = 418.426
Current S passed in conversion module :418.426
Current d vector calculated :1.00007
Current S =418.426
Current X =1194.37
Current Y =1186.22
new S = 418.876
Current S passed in conversion module :418.876
Current d vector calculated :1.00008
Current S =418.876
Current X =1194.82
Current Y =1186.24
new S = 419.326
Current S passed in conversion module :419.326
Current d vector calculated :1.00008
Current S =419.326
Current X =1195.27
Current Y =1186.26
Previous Path size :42
dist increment = 0.5
end S = 419.318
42
new S = 419.318
Current S passed in conversion module :419.318
Current d vector calculated :1.00008
Current S =419.318
Current X =1195.26
Current Y =1186.26
new S = 419.768
Current S passed in conversion module :419.768
Current d vector calculated :1.00008
Current S =419.768
Current X =1195.71
Current Y =1186.28
new S = 420.218
Current S passed in conversion module :420.218
Current d vector calculated :1.00008
Current S =420.218
Current X =1196.16
Current Y =1186.3
new S = 420.668
Current S passed in conversion module :420.668
Current d vector calculated :1.00008
Current S =420.668
Current X =1196.61
Current Y =1186.32
new S = 421.118
Current S passed in conversion module :421.118
Current d vector calculated :1.00008
Current S =421.118
Current X =1197.06
Current Y =1186.34
new S = 421.568
Current S passed in conversion module :421.568
Current d vector calculated :1.00008
Current S =421.568
Current X =1197.51
Current Y =1186.36
new S = 422.018
Current S passed in conversion module :422.018
Current d vector calculated :1.00008
Current S =422.018
Current X =1197.96
Current Y =1186.38
new S = 422.468
Current S passed in conversion module :422.468
Current d vector calculated :1.00008
Current S =422.468
Current X =1198.41
Current Y =1186.4
Previous Path size :43
dist increment = 0.5
end S = 422.457
43
new S = 422.457
Current S passed in conversion module :422.457
Current d vector calculated :1.00008
Current S =422.457
Current X =1198.4
Current Y =1186.4
new S = 422.907
Current S passed in conversion module :422.907
Current d vector calculated :1.00008
Current S =422.907
Current X =1198.85
Current Y =1186.42
new S = 423.357
Current S passed in conversion module :423.357
Current d vector calculated :1.00008
Current S =423.357
Current X =1199.3
Current Y =1186.45
new S = 423.808
Current S passed in conversion module :423.808
Current d vector calculated :1.00008
Current S =423.808
Current X =1199.74
Current Y =1186.47
new S = 424.257
Current S passed in conversion module :424.257
Current d vector calculated :1.00008
Current S =424.257
Current X =1200.19
Current Y =1186.49
new S = 424.707
Current S passed in conversion module :424.707
Current d vector calculated :1.00008
Current S =424.707
Current X =1200.64
Current Y =1186.51
new S = 425.157
Current S passed in conversion module :425.157
Current d vector calculated :1.00008
Current S =425.157
Current X =1201.09
Current Y =1186.53
Previous Path size :43
dist increment = 0.5
end S = 425.144
43
new S = 425.144
Current S passed in conversion module :425.144
Current d vector calculated :1.00008
Current S =425.144
Current X =1201.08
Current Y =1186.53
new S = 425.594
Current S passed in conversion module :425.594
Current d vector calculated :1.00007
Current S =425.594
Current X =1201.53
Current Y =1186.55
new S = 426.044
Current S passed in conversion module :426.044
Current d vector calculated :1.00007
Current S =426.044
Current X =1201.98
Current Y =1186.57
new S = 426.494
Current S passed in conversion module :426.494
Current d vector calculated :1.00007
Current S =426.494
Current X =1202.42
Current Y =1186.59
new S = 426.944
Current S passed in conversion module :426.944
Current d vector calculated :1.00007
Current S =426.944
Current X =1202.87
Current Y =1186.61
new S = 427.394
Current S passed in conversion module :427.394
Current d vector calculated :1.00006
Current S =427.394
Current X =1203.32
Current Y =1186.63
new S = 427.844
Current S passed in conversion module :427.844
Current d vector calculated :1.00006
Current S =427.844
Current X =1203.77
Current Y =1186.65
Previous Path size :43
dist increment = 0.5
end S = 427.825
43
new S = 427.825
Current S passed in conversion module :427.825
Current d vector calculated :1.00006
Current S =427.825
Current X =1203.75
Current Y =1186.65
new S = 428.275
Current S passed in conversion module :428.275
Current d vector calculated :1.00006
Current S =428.275
Current X =1204.2
Current Y =1186.67
new S = 428.725
Current S passed in conversion module :428.725
Current d vector calculated :1.00005
Current S =428.725
Current X =1204.65
Current Y =1186.69
new S = 429.175
Current S passed in conversion module :429.175
Current d vector calculated :1.00005
Current S =429.175
Current X =1205.1
Current Y =1186.71
new S = 429.625
Current S passed in conversion module :429.625
Current d vector calculated :1.00004
Current S =429.625
Current X =1205.54
Current Y =1186.73
new S = 430.075
Current S passed in conversion module :430.075
Current d vector calculated :1.00004
Current S =430.075
Current X =1205.99
Current Y =1186.76
new S = 430.525
Current S passed in conversion module :430.525
Current d vector calculated :1.00003
Current S =430.525
Current X =1206.44
Current Y =1186.78
Previous Path size :43
dist increment = 0.5
end S = 430.497
43
new S = 430.497
Current S passed in conversion module :430.497
Current d vector calculated :1.00003
Current S =430.497
Current X =1206.41
Current Y =1186.78
new S = 430.947
Current S passed in conversion module :430.947
Current d vector calculated :1.00003
Current S =430.947
Current X =1206.86
Current Y =1186.8
new S = 431.397
Current S passed in conversion module :431.397
Current d vector calculated :1.00002
Current S =431.397
Current X =1207.31
Current Y =1186.82
new S = 431.847
Current S passed in conversion module :431.847
Current d vector calculated :1.00001
Current S =431.847
Current X =1207.75
Current Y =1186.84
new S = 432.297
Current S passed in conversion module :432.297
Current d vector calculated :1.00001
Current S =432.297
Current X =1208.2
Current Y =1186.86
new S = 432.747
Current S passed in conversion module :432.747
Current d vector calculated :1
Current S =432.747
Current X =1208.64
Current Y =1186.88
new S = 433.197
Current S passed in conversion module :433.197
Current d vector calculated :0.999993
Current S =433.197
Current X =1209.08
Current Y =1186.89
Previous Path size :43
dist increment = 0.5
end S = 433.144
43
new S = 433.144
Current S passed in conversion module :433.144
Current d vector calculated :0.999994
Current S =433.144
Current X =1209.03
Current Y =1186.89
new S = 433.594
Current S passed in conversion module :433.594
Current d vector calculated :0.999986
Current S =433.594
Current X =1209.48
Current Y =1186.91
new S = 434.044
Current S passed in conversion module :434.044
Current d vector calculated :0.999979
Current S =434.044
Current X =1209.92
Current Y =1186.92
new S = 434.494
Current S passed in conversion module :434.494
Current d vector calculated :0.999971
Current S =434.494
Current X =1210.37
Current Y =1186.94
new S = 434.944
Current S passed in conversion module :434.944
Current d vector calculated :0.999963
Current S =434.944
Current X =1210.82
Current Y =1186.95
new S = 435.394
Current S passed in conversion module :435.394
Current d vector calculated :0.999956
Current S =435.394
Current X =1211.26
Current Y =1186.97
new S = 435.844
Current S passed in conversion module :435.844
Current d vector calculated :0.999948
Current S =435.844
Current X =1211.71
Current Y =1186.98
Previous Path size :43
dist increment = 0.5
end S = 435.773
43
new S = 435.773
Current S passed in conversion module :435.773
Current d vector calculated :0.999949
Current S =435.773
Current X =1211.64
Current Y =1186.98
new S = 436.223
Current S passed in conversion module :436.223
Current d vector calculated :0.999941
Current S =436.223
Current X =1212.09
Current Y =1187
new S = 436.673
Current S passed in conversion module :436.673
Current d vector calculated :0.999933
Current S =436.673
Current X =1212.53
Current Y =1187.01
new S = 437.123
Current S passed in conversion module :437.123
Current d vector calculated :0.999925
Current S =437.123
Current X =1212.98
Current Y =1187.03
new S = 437.573
Current S passed in conversion module :437.573
Current d vector calculated :0.999918
Current S =437.573
Current X =1213.43
Current Y =1187.04
new S = 438.023
Current S passed in conversion module :438.023
Current d vector calculated :0.99991
Current S =438.023
Current X =1213.87
Current Y =1187.06
new S = 438.473
Current S passed in conversion module :438.473
Current d vector calculated :0.999902
Current S =438.473
Current X =1214.32
Current Y =1187.07
Previous Path size :44
dist increment = 0.5
end S = 438.469
44
new S = 438.469
Current S passed in conversion module :438.469
Current d vector calculated :0.999902
Current S =438.469
Current X =1214.31
Current Y =1187.07
new S = 438.919
Current S passed in conversion module :438.919
Current d vector calculated :0.999895
Current S =438.919
Current X =1214.76
Current Y =1187.09
new S = 439.369
Current S passed in conversion module :439.369
Current d vector calculated :0.999888
Current S =439.369
Current X =1215.21
Current Y =1187.1
new S = 439.819
Current S passed in conversion module :439.819
Current d vector calculated :0.999881
Current S =439.819
Current X =1215.65
Current Y =1187.12
new S = 440.269
Current S passed in conversion module :440.269
Current d vector calculated :0.999874
Current S =440.269
Current X =1216.1
Current Y =1187.13
new S = 440.719
Current S passed in conversion module :440.719
Current d vector calculated :0.999868
Current S =440.719
Current X =1216.54
Current Y =1187.15
Previous Path size :42
dist increment = 0.5
end S = 440.695
42
new S = 440.695
Current S passed in conversion module :440.695
Current d vector calculated :0.999868
Current S =440.695
Current X =1216.52
Current Y =1187.15
new S = 441.145
Current S passed in conversion module :441.145
Current d vector calculated :0.999862
Current S =441.145
Current X =1216.97
Current Y =1187.16
new S = 441.595
Current S passed in conversion module :441.595
Current d vector calculated :0.999856
Current S =441.595
Current X =1217.41
Current Y =1187.18
new S = 442.045
Current S passed in conversion module :442.045
Current d vector calculated :0.999851
Current S =442.045
Current X =1217.86
Current Y =1187.19
new S = 442.495
Current S passed in conversion module :442.495
Current d vector calculated :0.999846
Current S =442.495
Current X =1218.3
Current Y =1187.21
new S = 442.945
Current S passed in conversion module :442.945
Current d vector calculated :0.999841
Current S =442.945
Current X =1218.75
Current Y =1187.22
new S = 443.395
Current S passed in conversion module :443.395
Current d vector calculated :0.999837
Current S =443.395
Current X =1219.19
Current Y =1187.24
new S = 443.845
Current S passed in conversion module :443.845
Current d vector calculated :0.999833
Current S =443.845
Current X =1219.64
Current Y =1187.25
Previous Path size :43
dist increment = 0.5
end S = 443.791
43
new S = 443.791
Current S passed in conversion module :443.791
Current d vector calculated :0.999834
Current S =443.791
Current X =1219.58
Current Y =1187.25
new S = 444.241
Current S passed in conversion module :444.241
Current d vector calculated :0.99983
Current S =444.241
Current X =1220.03
Current Y =1187.26
new S = 444.691
Current S passed in conversion module :444.691
Current d vector calculated :0.999828
Current S =444.691
Current X =1220.47
Current Y =1187.28
new S = 445.141
Current S passed in conversion module :445.141
Current d vector calculated :0.999825
Current S =445.141
Current X =1220.92
Current Y =1187.29
new S = 445.591
Current S passed in conversion module :445.591
Current d vector calculated :0.999823
Current S =445.591
Current X =1221.36
Current Y =1187.31
new S = 446.041
Current S passed in conversion module :446.041
Current d vector calculated :0.999822
Current S =446.041
Current X =1221.81
Current Y =1187.32
new S = 446.491
Current S passed in conversion module :446.491
Current d vector calculated :0.999821
Current S =446.491
Current X =1222.25
Current Y =1187.34
Previous Path size :43
dist increment = 0.5
end S = 446.409
43
new S = 446.409
Current S passed in conversion module :446.409
Current d vector calculated :0.999821
Current S =446.409
Current X =1222.17
Current Y =1187.34
new S = 446.859
Current S passed in conversion module :446.859
Current d vector calculated :0.99982
Current S =446.859
Current X =1222.62
Current Y =1187.35
new S = 447.309
Current S passed in conversion module :447.309
Current d vector calculated :0.99982
Current S =447.309
Current X =1223.06
Current Y =1187.37
new S = 447.759
Current S passed in conversion module :447.759
Current d vector calculated :0.999821
Current S =447.759
Current X =1223.51
Current Y =1187.38
new S = 448.209
Current S passed in conversion module :448.209
Current d vector calculated :0.999822
Current S =448.209
Current X =1223.95
Current Y =1187.4
new S = 448.659
Current S passed in conversion module :448.659
Current d vector calculated :0.999823
Current S =448.659
Current X =1224.4
Current Y =1187.41
new S = 449.109
Current S passed in conversion module :449.109
Current d vector calculated :0.999825
Current S =449.109
Current X =1224.84
Current Y =1187.43
Previous Path size :43
dist increment = 0.5
end S = 448.998
43
new S = 448.998
Current S passed in conversion module :448.998
Current d vector calculated :0.999825
Current S =448.998
Current X =1224.73
Current Y =1187.42
new S = 449.448
Current S passed in conversion module :449.448
Current d vector calculated :0.999827
Current S =449.448
Current X =1225.18
Current Y =1187.44
new S = 449.898
Current S passed in conversion module :449.898
Current d vector calculated :0.99983
Current S =449.898
Current X =1225.62
Current Y =1187.45
new S = 450.348
Current S passed in conversion module :450.348
Current d vector calculated :0.999834
Current S =450.348
Current X =1226.07
Current Y =1187.47
new S = 450.798
Current S passed in conversion module :450.798
Current d vector calculated :0.999838
Current S =450.798
Current X =1226.51
Current Y =1187.48
new S = 451.248
Current S passed in conversion module :451.248
Current d vector calculated :0.999842
Current S =451.248
Current X =1226.96
Current Y =1187.5
new S = 451.698
Current S passed in conversion module :451.698
Current d vector calculated :0.999847
Current S =451.698
Current X =1227.4
Current Y =1187.51
Previous Path size :43
dist increment = 0.5
end S = 451.56
43
new S = 451.56
Current S passed in conversion module :451.56
Current d vector calculated :0.999846
Current S =451.56
Current X =1227.26
Current Y =1187.51
new S = 452.01
Current S passed in conversion module :452.01
Current d vector calculated :0.999851
Current S =452.01
Current X =1227.71
Current Y =1187.52
new S = 452.46
Current S passed in conversion module :452.46
Current d vector calculated :0.999857
Current S =452.46
Current X =1228.15
Current Y =1187.54
new S = 452.91
Current S passed in conversion module :452.91
Current d vector calculated :0.999863
Current S =452.91
Current X =1228.6
Current Y =1187.55
new S = 453.36
Current S passed in conversion module :453.36
Current d vector calculated :0.99987
Current S =453.36
Current X =1229.04
Current Y =1187.57
new S = 453.81
Current S passed in conversion module :453.81
Current d vector calculated :0.999877
Current S =453.81
Current X =1229.49
Current Y =1187.59
new S = 454.26
Current S passed in conversion module :454.26
Current d vector calculated :0.999884
Current S =454.26
Current X =1229.93
Current Y =1187.6
Previous Path size :42
dist increment = 0.5
end S = 454.093
42
new S = 454.093
Current S passed in conversion module :454.093
Current d vector calculated :0.999881
Current S =454.093
Current X =1229.77
Current Y =1187.59
new S = 454.543
Current S passed in conversion module :454.543
Current d vector calculated :0.999889
Current S =454.543
Current X =1230.21
Current Y =1187.61
new S = 454.993
Current S passed in conversion module :454.993
Current d vector calculated :0.999897
Current S =454.993
Current X =1230.66
Current Y =1187.62
new S = 455.443
Current S passed in conversion module :455.443
Current d vector calculated :0.999905
Current S =455.443
Current X =1231.1
Current Y =1187.64
new S = 455.893
Current S passed in conversion module :455.893
Current d vector calculated :0.999914
Current S =455.893
Current X =1231.55
Current Y =1187.65
new S = 456.343
Current S passed in conversion module :456.343
Current d vector calculated :0.999923
Current S =456.343
Current X =1231.99
Current Y =1187.67
new S = 456.793
Current S passed in conversion module :456.793
Current d vector calculated :0.999932
Current S =456.793
Current X =1232.44
Current Y =1187.69
new S = 457.243
Current S passed in conversion module :457.243
Current d vector calculated :0.999941
Current S =457.243
Current X =1232.88
Current Y =1187.7
Previous Path size :43
dist increment = 0.5
end S = 457.046
43
new S = 457.046
Current S passed in conversion module :457.046
Current d vector calculated :0.999937
Current S =457.046
Current X =1232.69
Current Y =1187.69
new S = 457.496
Current S passed in conversion module :457.496
Current d vector calculated :0.999946
Current S =457.496
Current X =1233.13
Current Y =1187.71
new S = 457.946
Current S passed in conversion module :457.946
Current d vector calculated :0.999956
Current S =457.946
Current X =1233.58
Current Y =1187.72
new S = 458.396
Current S passed in conversion module :458.396
Current d vector calculated :0.999965
Current S =458.396
Current X =1234.02
Current Y =1187.74
new S = 458.846
Current S passed in conversion module :458.846
Current d vector calculated :0.999975
Current S =458.846
Current X =1234.47
Current Y =1187.75
new S = 459.296
Current S passed in conversion module :459.296
Current d vector calculated :0.999985
Current S =459.296
Current X =1234.91
Current Y =1187.77
new S = 459.746
Current S passed in conversion module :459.746
Current d vector calculated :0.999994
Current S =459.746
Current X =1235.36
Current Y =1187.78
Previous Path size :43
dist increment = 0.5
end S = 459.523
43
new S = 459.523
Current S passed in conversion module :459.523
Current d vector calculated :0.999989
Current S =459.523
Current X =1235.14
Current Y =1187.78
new S = 459.973
Current S passed in conversion module :459.973
Current d vector calculated :0.999999
Current S =459.973
Current X =1235.59
Current Y =1187.79
new S = 460.423
Current S passed in conversion module :460.423
Current d vector calculated :1.00001
Current S =460.423
Current X =1235.97
Current Y =1187.78
new S = 460.873
Current S passed in conversion module :460.873
Current d vector calculated :1.00002
Current S =460.873
Current X =1236.41
Current Y =1187.77
new S = 461.323
Current S passed in conversion module :461.323
Current d vector calculated :1.00003
Current S =461.323
Current X =1236.86
Current Y =1187.75
new S = 461.773
Current S passed in conversion module :461.773
Current d vector calculated :1.00004
Current S =461.773
Current X =1237.3
Current Y =1187.74
new S = 462.223
Current S passed in conversion module :462.223
Current d vector calculated :1.00005
Current S =462.223
Current X =1237.75
Current Y =1187.72
Previous Path size :43
dist increment = 0.5
end S = 462.373
43
new S = 462.373
Current S passed in conversion module :462.373
Current d vector calculated :1.00005
Current S =462.373
Current X =1237.9
Current Y =1187.72
new S = 462.823
Current S passed in conversion module :462.823
Current d vector calculated :1.00006
Current S =462.823
Current X =1238.34
Current Y =1187.7
new S = 463.273
Current S passed in conversion module :463.273
Current d vector calculated :1.00007
Current S =463.273
Current X =1238.79
Current Y =1187.69
new S = 463.723
Current S passed in conversion module :463.723
Current d vector calculated :1.00007
Current S =463.723
Current X =1239.24
Current Y =1187.68
new S = 464.173
Current S passed in conversion module :464.173
Current d vector calculated :1.00008
Current S =464.173
Current X =1239.68
Current Y =1187.66
new S = 464.623
Current S passed in conversion module :464.623
Current d vector calculated :1.00009
Current S =464.623
Current X =1240.13
Current Y =1187.65
new S = 465.073
Current S passed in conversion module :465.073
Current d vector calculated :1.0001
Current S =465.073
Current X =1240.57
Current Y =1187.63
Previous Path size :43
dist increment = 0.5
end S = 465.201
43
new S = 465.201
Current S passed in conversion module :465.201
Current d vector calculated :1.0001
Current S =465.201
Current X =1240.7
Current Y =1187.63
new S = 465.651
Current S passed in conversion module :465.651
Current d vector calculated :1.00011
Current S =465.651
Current X =1241.15
Current Y =1187.61
new S = 466.101
Current S passed in conversion module :466.101
Current d vector calculated :1.00011
Current S =466.101
Current X =1241.59
Current Y =1187.6
new S = 466.551
Current S passed in conversion module :466.551
Current d vector calculated :1.00012
Current S =466.551
Current X =1242.04
Current Y =1187.58
new S = 467.001
Current S passed in conversion module :467.001
Current d vector calculated :1.00013
Current S =467.001
Current X =1242.49
Current Y =1187.57
new S = 467.451
Current S passed in conversion module :467.451
Current d vector calculated :1.00013
Current S =467.451
Current X =1242.93
Current Y =1187.56
new S = 467.901
Current S passed in conversion module :467.901
Current d vector calculated :1.00014
Current S =467.901
Current X =1243.38
Current Y =1187.54
Previous Path size :43
dist increment = 0.5
end S = 468.007
43
new S = 468.007
Current S passed in conversion module :468.007
Current d vector calculated :1.00014
Current S =468.007
Current X =1243.49
Current Y =1187.54
new S = 468.457
Current S passed in conversion module :468.457
Current d vector calculated :1.00015
Current S =468.457
Current X =1243.93
Current Y =1187.52
new S = 468.907
Current S passed in conversion module :468.907
Current d vector calculated :1.00015
Current S =468.907
Current X =1244.38
Current Y =1187.51
new S = 469.357
Current S passed in conversion module :469.357
Current d vector calculated :1.00016
Current S =469.357
Current X =1244.83
Current Y =1187.5
new S = 469.807
Current S passed in conversion module :469.807
Current d vector calculated :1.00016
Current S =469.807
Current X =1245.27
Current Y =1187.48
new S = 470.257
Current S passed in conversion module :470.257
Current d vector calculated :1.00017
Current S =470.257
Current X =1245.72
Current Y =1187.47
new S = 470.707
Current S passed in conversion module :470.707
Current d vector calculated :1.00017
Current S =470.707
Current X =1246.17
Current Y =1187.45
Previous Path size :43
dist increment = 0.5
end S = 470.796
43
new S = 470.796
Current S passed in conversion module :470.796
Current d vector calculated :1.00017
Current S =470.796
Current X =1246.25
Current Y =1187.45
new S = 471.246
Current S passed in conversion module :471.246
Current d vector calculated :1.00017
Current S =471.246
Current X =1246.7
Current Y =1187.43
new S = 471.696
Current S passed in conversion module :471.696
Current d vector calculated :1.00018
Current S =471.696
Current X =1247.15
Current Y =1187.42
new S = 472.146
Current S passed in conversion module :472.146
Current d vector calculated :1.00018
Current S =472.146
Current X =1247.6
Current Y =1187.41
new S = 472.596
Current S passed in conversion module :472.596
Current d vector calculated :1.00018
Current S =472.596
Current X =1248.04
Current Y =1187.39
new S = 473.046
Current S passed in conversion module :473.046
Current d vector calculated :1.00019
Current S =473.046
Current X =1248.49
Current Y =1187.38
new S = 473.496
Current S passed in conversion module :473.496
Current d vector calculated :1.00019
Current S =473.496
Current X =1248.94
Current Y =1187.36
Previous Path size :44
dist increment = 0.5
end S = 473.568
44
new S = 473.568
Current S passed in conversion module :473.568
Current d vector calculated :1.00019
Current S =473.568
Current X =1249.01
Current Y =1187.36
new S = 474.018
Current S passed in conversion module :474.018
Current d vector calculated :1.00019
Current S =474.018
Current X =1249.46
Current Y =1187.35
new S = 474.468
Current S passed in conversion module :474.468
Current d vector calculated :1.00019
Current S =474.468
Current X =1249.9
Current Y =1187.33
new S = 474.918
Current S passed in conversion module :474.918
Current d vector calculated :1.00019
Current S =474.918
Current X =1250.35
Current Y =1187.32
new S = 475.368
Current S passed in conversion module :475.368
Current d vector calculated :1.00019
Current S =475.368
Current X =1250.8
Current Y =1187.3
new S = 475.818
Current S passed in conversion module :475.818
Current d vector calculated :1.00019
Current S =475.818
Current X =1251.25
Current Y =1187.29
Previous Path size :43
dist increment = 0.5
end S = 475.877
43
new S = 475.877
Current S passed in conversion module :475.877
Current d vector calculated :1.00019
Current S =475.877
Current X =1251.3
Current Y =1187.29
new S = 476.327
Current S passed in conversion module :476.327
Current d vector calculated :1.00019
Current S =476.327
Current X =1251.75
Current Y =1187.27
new S = 476.777
Current S passed in conversion module :476.777
Current d vector calculated :1.00019
Current S =476.777
Current X =1252.2
Current Y =1187.26
new S = 477.227
Current S passed in conversion module :477.227
Current d vector calculated :1.00019
Current S =477.227
Current X =1252.65
Current Y =1187.24
new S = 477.677
Current S passed in conversion module :477.677
Current d vector calculated :1.00019
Current S =477.677
Current X =1253.09
Current Y =1187.23
new S = 478.127
Current S passed in conversion module :478.127
Current d vector calculated :1.00019
Current S =478.127
Current X =1253.54
Current Y =1187.22
new S = 478.577
Current S passed in conversion module :478.577
Current d vector calculated :1.00019
Current S =478.577
Current X =1253.99
Current Y =1187.2
Previous Path size :43
dist increment = 0.5
end S = 478.622
43
new S = 478.622
Current S passed in conversion module :478.622
Current d vector calculated :1.00019
Current S =478.622
Current X =1254.03
Current Y =1187.2
new S = 479.072
Current S passed in conversion module :479.072
Current d vector calculated :1.00019
Current S =479.072
Current X =1254.48
Current Y =1187.19
new S = 479.522
Current S passed in conversion module :479.522
Current d vector calculated :1.00019
Current S =479.522
Current X =1254.93
Current Y =1187.17
new S = 479.972
Current S passed in conversion module :479.972
Current d vector calculated :1.00018
Current S =479.972
Current X =1255.38
Current Y =1187.16
new S = 480.422
Current S passed in conversion module :480.422
Current d vector calculated :1.00018
Current S =480.422
Current X =1255.82
Current Y =1187.14
new S = 480.872
Current S passed in conversion module :480.872
Current d vector calculated :1.00018
Current S =480.872
Current X =1256.27
Current Y =1187.13
new S = 481.322
Current S passed in conversion module :481.322
Current d vector calculated :1.00017
Current S =481.322
Current X =1256.72
Current Y =1187.11
Previous Path size :43
dist increment = 0.5
end S = 481.353
43
new S = 481.353
Current S passed in conversion module :481.353
Current d vector calculated :1.00017
Current S =481.353
Current X =1256.75
Current Y =1187.11
new S = 481.803
Current S passed in conversion module :481.803
Current d vector calculated :1.00017
Current S =481.803
Current X =1257.2
Current Y =1187.1
new S = 482.253
Current S passed in conversion module :482.253
Current d vector calculated :1.00017
Current S =482.253
Current X =1257.65
Current Y =1187.08
new S = 482.703
Current S passed in conversion module :482.703
Current d vector calculated :1.00016
Current S =482.703
Current X =1258.09
Current Y =1187.07
new S = 483.153
Current S passed in conversion module :483.153
Current d vector calculated :1.00016
Current S =483.153
Current X =1258.54
Current Y =1187.06
new S = 483.603
Current S passed in conversion module :483.603
Current d vector calculated :1.00016
Current S =483.603
Current X =1258.99
Current Y =1187.04
new S = 484.053
Current S passed in conversion module :484.053
Current d vector calculated :1.00015
Current S =484.053
Current X =1259.44
Current Y =1187.03
Previous Path size :43
dist increment = 0.5
end S = 484.072
43
new S = 484.072
Current S passed in conversion module :484.072
Current d vector calculated :1.00015
Current S =484.072
Current X =1259.45
Current Y =1187.03
new S = 484.522
Current S passed in conversion module :484.522
Current d vector calculated :1.00015
Current S =484.522
Current X =1259.9
Current Y =1187.01
new S = 484.971
Current S passed in conversion module :484.971
Current d vector calculated :1.00014
Current S =484.971
Current X =1260.35
Current Y =1187
new S = 485.422
Current S passed in conversion module :485.422
Current d vector calculated :1.00014
Current S =485.422
Current X =1260.8
Current Y =1186.98
new S = 485.872
Current S passed in conversion module :485.872
Current d vector calculated :1.00013
Current S =485.872
Current X =1261.25
Current Y =1186.97
new S = 486.322
Current S passed in conversion module :486.322
Current d vector calculated :1.00013
Current S =486.322
Current X =1261.69
Current Y =1186.96
new S = 486.772
Current S passed in conversion module :486.772
Current d vector calculated :1.00012
Current S =486.772
Current X =1262.14
Current Y =1186.94
Previous Path size :43
dist increment = 0.5
end S = 486.778
43
new S = 486.778
Current S passed in conversion module :486.778
Current d vector calculated :1.00012
Current S =486.778
Current X =1262.15
Current Y =1186.94
new S = 487.228
Current S passed in conversion module :487.228
Current d vector calculated :1.00012
Current S =487.228
Current X =1262.59
Current Y =1186.93
new S = 487.678
Current S passed in conversion module :487.678
Current d vector calculated :1.00011
Current S =487.678
Current X =1263.04
Current Y =1186.91
new S = 488.128
Current S passed in conversion module :488.128
Current d vector calculated :1.0001
Current S =488.128
Current X =1263.49
Current Y =1186.9
new S = 488.578
Current S passed in conversion module :488.578
Current d vector calculated :1.0001
Current S =488.578
Current X =1263.94
Current Y =1186.88
new S = 489.028
Current S passed in conversion module :489.028
Current d vector calculated :1.00009
Current S =489.028
Current X =1264.39
Current Y =1186.87
new S = 489.478
Current S passed in conversion module :489.478
Current d vector calculated :1.00009
Current S =489.478
Current X =1264.83
Current Y =1186.86
Previous Path size :43
dist increment = 0.5
end S = 489.471
43
new S = 489.471
Current S passed in conversion module :489.471
Current d vector calculated :1.00009
Current S =489.471
Current X =1264.83
Current Y =1186.86
new S = 489.921
Current S passed in conversion module :489.921
Current d vector calculated :1.00008
Current S =489.921
Current X =1265.27
Current Y =1186.84
new S = 490.371
Current S passed in conversion module :490.371
Current d vector calculated :1.00007
Current S =490.371
Current X =1265.72
Current Y =1186.83
new S = 490.821
Current S passed in conversion module :490.821
Current d vector calculated :1.00007
Current S =490.821
Current X =1266.17
Current Y =1186.81
new S = 491.271
Current S passed in conversion module :491.271
Current d vector calculated :1.00006
Current S =491.271
Current X =1266.62
Current Y =1186.8
new S = 491.721
Current S passed in conversion module :491.721
Current d vector calculated :1.00006
Current S =491.721
Current X =1267.06
Current Y =1186.78
new S = 492.171
Current S passed in conversion module :492.171
Current d vector calculated :1.00005
Current S =492.171
Current X =1267.51
Current Y =1186.77
Previous Path size :43
dist increment = 0.5
end S = 492.151
43
new S = 492.151
Current S passed in conversion module :492.151
Current d vector calculated :1.00005
Current S =492.151
Current X =1267.49
Current Y =1186.77
new S = 492.601
Current S passed in conversion module :492.601
Current d vector calculated :1.00004
Current S =492.601
Current X =1267.94
Current Y =1186.76
new S = 493.051
Current S passed in conversion module :493.051
Current d vector calculated :1.00004
Current S =493.051
Current X =1268.39
Current Y =1186.74
new S = 493.502
Current S passed in conversion module :493.502
Current d vector calculated :1.00003
Current S =493.502
Current X =1268.84
Current Y =1186.73
new S = 493.952
Current S passed in conversion module :493.952
Current d vector calculated :1.00003
Current S =493.952
Current X =1269.28
Current Y =1186.71
new S = 494.401
Current S passed in conversion module :494.401
Current d vector calculated :1.00002
Current S =494.401
Current X =1269.73
Current Y =1186.7
new S = 494.851
Current S passed in conversion module :494.851
Current d vector calculated :1.00001
Current S =494.851
Current X =1270.18
Current Y =1186.69
Previous Path size :42
dist increment = 0.5
end S = 494.819
42
new S = 494.819
Current S passed in conversion module :494.819
Current d vector calculated :1.00001
Current S =494.819
Current X =1270.15
Current Y =1186.69
new S = 495.269
Current S passed in conversion module :495.269
Current d vector calculated :1.00001
Current S =495.269
Current X =1270.59
Current Y =1186.67
new S = 495.719
Current S passed in conversion module :495.719
Current d vector calculated :1
Current S =495.719
Current X =1271.04
Current Y =1186.66
new S = 496.169
Current S passed in conversion module :496.169
Current d vector calculated :0.999998
Current S =496.169
Current X =1271.47
Current Y =1186.64
new S = 496.619
Current S passed in conversion module :496.619
Current d vector calculated :0.999993
Current S =496.619
Current X =1271.92
Current Y =1186.62
new S = 497.069
Current S passed in conversion module :497.069
Current d vector calculated :0.999988
Current S =497.069
Current X =1272.37
Current Y =1186.6
new S = 497.519
Current S passed in conversion module :497.519
Current d vector calculated :0.999983
Current S =497.519
Current X =1272.82
Current Y =1186.58
new S = 497.969
Current S passed in conversion module :497.969
Current d vector calculated :0.999979
Current S =497.969
Current X =1273.26
Current Y =1186.56
Previous Path size :43
dist increment = 0.5
end S = 497.998
43
new S = 497.998
Current S passed in conversion module :497.998
Current d vector calculated :0.999978
Current S =497.998
Current X =1273.29
Current Y =1186.56
new S = 498.448
Current S passed in conversion module :498.448
Current d vector calculated :0.999974
Current S =498.448
Current X =1273.74
Current Y =1186.54
new S = 498.898
Current S passed in conversion module :498.898
Current d vector calculated :0.99997
Current S =498.898
Current X =1274.19
Current Y =1186.52
new S = 499.348
Current S passed in conversion module :499.348
Current d vector calculated :0.999965
Current S =499.348
Current X =1274.63
Current Y =1186.5
new S = 499.798
Current S passed in conversion module :499.798
Current d vector calculated :0.999961
Current S =499.798
Current X =1275.08
Current Y =1186.48
new S = 500.248
Current S passed in conversion module :500.248
Current d vector calculated :0.999958
Current S =500.248
Current X =1275.53
Current Y =1186.46
new S = 500.698
Current S passed in conversion module :500.698
Current d vector calculated :0.999954
Current S =500.698
Current X =1275.97
Current Y =1186.44
Previous Path size :42
dist increment = 0.5
end S = 500.712
42
new S = 500.712
Current S passed in conversion module :500.712
Current d vector calculated :0.999954
Current S =500.712
Current X =1275.99
Current Y =1186.44
new S = 501.162
Current S passed in conversion module :501.162
Current d vector calculated :0.99995
Current S =501.162
Current X =1276.44
Current Y =1186.42
new S = 501.612
Current S passed in conversion module :501.612
Current d vector calculated :0.999947
Current S =501.612
Current X =1276.88
Current Y =1186.4
new S = 502.062
Current S passed in conversion module :502.062
Current d vector calculated :0.999944
Current S =502.062
Current X =1277.33
Current Y =1186.38
new S = 502.512
Current S passed in conversion module :502.512
Current d vector calculated :0.999941
Current S =502.512
Current X =1277.78
Current Y =1186.36
new S = 502.962
Current S passed in conversion module :502.962
Current d vector calculated :0.999938
Current S =502.962
Current X =1278.22
Current Y =1186.34
new S = 503.412
Current S passed in conversion module :503.412
Current d vector calculated :0.999936
Current S =503.412
Current X =1278.67
Current Y =1186.32
new S = 503.862
Current S passed in conversion module :503.862
Current d vector calculated :0.999933
Current S =503.862
Current X =1279.12
Current Y =1186.3
Previous Path size :42
dist increment = 0.5
end S = 503.857
42
new S = 503.857
Current S passed in conversion module :503.857
Current d vector calculated :0.999933
Current S =503.857
Current X =1279.11
Current Y =1186.3
new S = 504.307
Current S passed in conversion module :504.307
Current d vector calculated :0.999931
Current S =504.307
Current X =1279.56
Current Y =1186.28
new S = 504.757
Current S passed in conversion module :504.757
Current d vector calculated :0.999929
Current S =504.757
Current X =1280
Current Y =1186.26
new S = 505.207
Current S passed in conversion module :505.207
Current d vector calculated :0.999927
Current S =505.207
Current X =1280.45
Current Y =1186.24
new S = 505.657
Current S passed in conversion module :505.657
Current d vector calculated :0.999925
Current S =505.657
Current X =1280.9
Current Y =1186.22
new S = 506.107
Current S passed in conversion module :506.107
Current d vector calculated :0.999923
Current S =506.107
Current X =1281.35
Current Y =1186.2
new S = 506.557
Current S passed in conversion module :506.557
Current d vector calculated :0.999922
Current S =506.557
Current X =1281.79
Current Y =1186.18
new S = 507.007
Current S passed in conversion module :507.007
Current d vector calculated :0.99992
Current S =507.007
Current X =1282.24
Current Y =1186.16
Previous Path size :43
dist increment = 0.5
end S = 506.983
43
new S = 506.983
Current S passed in conversion module :506.983
Current d vector calculated :0.999921
Current S =506.983
Current X =1282.21
Current Y =1186.16
new S = 507.433
Current S passed in conversion module :507.433
Current d vector calculated :0.999919
Current S =507.433
Current X =1282.66
Current Y =1186.14
new S = 507.883
Current S passed in conversion module :507.883
Current d vector calculated :0.999918
Current S =507.883
Current X =1283.11
Current Y =1186.12
new S = 508.333
Current S passed in conversion module :508.333
Current d vector calculated :0.999918
Current S =508.333
Current X =1283.55
Current Y =1186.1
new S = 508.783
Current S passed in conversion module :508.783
Current d vector calculated :0.999917
Current S =508.783
Current X =1284
Current Y =1186.08
new S = 509.233
Current S passed in conversion module :509.233
Current d vector calculated :0.999916
Current S =509.233
Current X =1284.45
Current Y =1186.06
new S = 509.683
Current S passed in conversion module :509.683
Current d vector calculated :0.999916
Current S =509.683
Current X =1284.89
Current Y =1186.04
Previous Path size :42
dist increment = 0.5
end S = 509.641
42
new S = 509.641
Current S passed in conversion module :509.641
Current d vector calculated :0.999916
Current S =509.641
Current X =1284.85
Current Y =1186.04
new S = 510.091
Current S passed in conversion module :510.091
Current d vector calculated :0.999916
Current S =510.091
Current X =1285.3
Current Y =1186.02
new S = 510.541
Current S passed in conversion module :510.541
Current d vector calculated :0.999915
Current S =510.541
Current X =1285.75
Current Y =1186
new S = 510.991
Current S passed in conversion module :510.991
Current d vector calculated :0.999916
Current S =510.991
Current X =1286.19
Current Y =1185.98
new S = 511.441
Current S passed in conversion module :511.441
Current d vector calculated :0.999916
Current S =511.441
Current X =1286.64
Current Y =1185.96
new S = 511.891
Current S passed in conversion module :511.891
Current d vector calculated :0.999916
Current S =511.891
Current X =1287.09
Current Y =1185.94
new S = 512.341
Current S passed in conversion module :512.341
Current d vector calculated :0.999916
Current S =512.341
Current X =1287.53
Current Y =1185.92
new S = 512.791
Current S passed in conversion module :512.791
Current d vector calculated :0.999917
Current S =512.791
Current X =1287.98
Current Y =1185.9
Previous Path size :42
dist increment = 0.5
end S = 512.728
42
new S = 512.728
Current S passed in conversion module :512.728
Current d vector calculated :0.999917
Current S =512.728
Current X =1287.92
Current Y =1185.9
new S = 513.178
Current S passed in conversion module :513.178
Current d vector calculated :0.999918
Current S =513.178
Current X =1288.36
Current Y =1185.88
new S = 513.628
Current S passed in conversion module :513.628
Current d vector calculated :0.999918
Current S =513.628
Current X =1288.81
Current Y =1185.86
new S = 514.078
Current S passed in conversion module :514.078
Current d vector calculated :0.999919
Current S =514.078
Current X =1289.26
Current Y =1185.84
new S = 514.528
Current S passed in conversion module :514.528
Current d vector calculated :0.99992
Current S =514.528
Current X =1289.7
Current Y =1185.82
new S = 514.978
Current S passed in conversion module :514.978
Current d vector calculated :0.999922
Current S =514.978
Current X =1290.15
Current Y =1185.8
new S = 515.428
Current S passed in conversion module :515.428
Current d vector calculated :0.999923
Current S =515.428
Current X =1290.59
Current Y =1185.78
new S = 515.878
Current S passed in conversion module :515.878
Current d vector calculated :0.999924
Current S =515.878
Current X =1291.04
Current Y =1185.76
Previous Path size :43
dist increment = 0.5
end S = 515.794
43
new S = 515.794
Current S passed in conversion module :515.794
Current d vector calculated :0.999924
Current S =515.794
Current X =1290.96
Current Y =1185.77
new S = 516.245
Current S passed in conversion module :516.245
Current d vector calculated :0.999925
Current S =516.245
Current X =1291.4
Current Y =1185.74
new S = 516.694
Current S passed in conversion module :516.694
Current d vector calculated :0.999927
Current S =516.694
Current X =1291.85
Current Y =1185.72
new S = 517.144
Current S passed in conversion module :517.144
Current d vector calculated :0.999929
Current S =517.144
Current X =1292.3
Current Y =1185.7
new S = 517.594
Current S passed in conversion module :517.594
Current d vector calculated :0.99993
Current S =517.594
Current X =1292.74
Current Y =1185.68
new S = 518.044
Current S passed in conversion module :518.044
Current d vector calculated :0.999932
Current S =518.044
Current X =1293.19
Current Y =1185.66
new S = 518.495
Current S passed in conversion module :518.495
Current d vector calculated :0.999934
Current S =518.495
Current X =1293.64
Current Y =1185.64
Previous Path size :43
dist increment = 0.5
end S = 518.392
43
new S = 518.392
Current S passed in conversion module :518.392
Current d vector calculated :0.999934
Current S =518.392
Current X =1293.53
Current Y =1185.65
new S = 518.842
Current S passed in conversion module :518.842
Current d vector calculated :0.999936
Current S =518.842
Current X =1293.98
Current Y =1185.63
new S = 519.292
Current S passed in conversion module :519.292
Current d vector calculated :0.999938
Current S =519.292
Current X =1294.43
Current Y =1185.61
new S = 519.742
Current S passed in conversion module :519.742
Current d vector calculated :0.99994
Current S =519.742
Current X =1294.87
Current Y =1185.59
new S = 520.192
Current S passed in conversion module :520.192
Current d vector calculated :0.999942
Current S =520.192
Current X =1295.32
Current Y =1185.57
new S = 520.642
Current S passed in conversion module :520.642
Current d vector calculated :0.999944
Current S =520.642
Current X =1295.77
Current Y =1185.55
new S = 521.092
Current S passed in conversion module :521.092
Current d vector calculated :0.999947
Current S =521.092
Current X =1296.21
Current Y =1185.53
Previous Path size :43
dist increment = 0.5
end S = 520.972
43
new S = 520.972
Current S passed in conversion module :520.972
Current d vector calculated :0.999946
Current S =520.972
Current X =1296.09
Current Y =1185.53
new S = 521.422
Current S passed in conversion module :521.422
Current d vector calculated :0.999948
Current S =521.422
Current X =1296.54
Current Y =1185.51
new S = 521.872
Current S passed in conversion module :521.872
Current d vector calculated :0.999951
Current S =521.872
Current X =1296.99
Current Y =1185.49
new S = 522.322
Current S passed in conversion module :522.322
Current d vector calculated :0.999953
Current S =522.322
Current X =1297.43
Current Y =1185.47
new S = 522.772
Current S passed in conversion module :522.772
Current d vector calculated :0.999956
Current S =522.772
Current X =1297.88
Current Y =1185.45
new S = 523.222
Current S passed in conversion module :523.222
Current d vector calculated :0.999958
Current S =523.222
Current X =1298.33
Current Y =1185.43
new S = 523.672
Current S passed in conversion module :523.672
Current d vector calculated :0.999961
Current S =523.672
Current X =1298.77
Current Y =1185.41
Previous Path size :43
dist increment = 0.5
end S = 523.533
43
new S = 523.533
Current S passed in conversion module :523.533
Current d vector calculated :0.99996
Current S =523.533
Current X =1298.63
Current Y =1185.42
new S = 523.983
Current S passed in conversion module :523.983
Current d vector calculated :0.999963
Current S =523.983
Current X =1299.08
Current Y =1185.4
new S = 524.433
Current S passed in conversion module :524.433
Current d vector calculated :0.999965
Current S =524.433
Current X =1299.53
Current Y =1185.38
new S = 524.883
Current S passed in conversion module :524.883
Current d vector calculated :0.999968
Current S =524.883
Current X =1299.97
Current Y =1185.36
new S = 525.333
Current S passed in conversion module :525.333
Current d vector calculated :0.99997
Current S =525.333
Current X =1300.42
Current Y =1185.34
new S = 525.783
Current S passed in conversion module :525.783
Current d vector calculated :0.999973
Current S =525.783
Current X =1300.87
Current Y =1185.32
new S = 526.233
Current S passed in conversion module :526.233
Current d vector calculated :0.999975
Current S =526.233
Current X =1301.31
Current Y =1185.3
Previous Path size :42
dist increment = 0.5
end S = 526.077
42
new S = 526.077
Current S passed in conversion module :526.077
Current d vector calculated :0.999974
Current S =526.077
Current X =1301.16
Current Y =1185.31
new S = 526.527
Current S passed in conversion module :526.527
Current d vector calculated :0.999977
Current S =526.527
Current X =1301.6
Current Y =1185.29
new S = 526.977
Current S passed in conversion module :526.977
Current d vector calculated :0.999979
Current S =526.977
Current X =1302.05
Current Y =1185.27
new S = 527.427
Current S passed in conversion module :527.427
Current d vector calculated :0.999982
Current S =527.427
Current X =1302.5
Current Y =1185.25
new S = 527.877
Current S passed in conversion module :527.877
Current d vector calculated :0.999984
Current S =527.877
Current X =1302.94
Current Y =1185.23
new S = 528.327
Current S passed in conversion module :528.327
Current d vector calculated :0.999986
Current S =528.327
Current X =1303.39
Current Y =1185.21
new S = 528.777
Current S passed in conversion module :528.777
Current d vector calculated :0.999989
Current S =528.777
Current X =1303.84
Current Y =1185.19
new S = 529.227
Current S passed in conversion module :529.227
Current d vector calculated :0.999991
Current S =529.227
Current X =1304.28
Current Y =1185.17
Previous Path size :43
dist increment = 0.5
end S = 529.049
43
new S = 529.049
Current S passed in conversion module :529.049
Current d vector calculated :0.99999
Current S =529.049
Current X =1304.11
Current Y =1185.17
new S = 529.499
Current S passed in conversion module :529.499
Current d vector calculated :0.999992
Current S =529.499
Current X =1304.55
Current Y =1185.15
new S = 529.949
Current S passed in conversion module :529.949
Current d vector calculated :0.999994
Current S =529.949
Current X =1305
Current Y =1185.13
new S = 530.399
Current S passed in conversion module :530.399
Current d vector calculated :0.999996
Current S =530.399
Current X =1305.44
Current Y =1185.11
new S = 530.849
Current S passed in conversion module :530.849
Current d vector calculated :0.999998
Current S =530.849
Current X =1305.89
Current Y =1185.09
new S = 531.299
Current S passed in conversion module :531.299
Current d vector calculated :1
Current S =531.299
Current X =1306.34
Current Y =1185.07
new S = 531.749
Current S passed in conversion module :531.749
Current d vector calculated :1
Current S =531.749
Current X =1306.72
Current Y =1185.04
Previous Path size :43
dist increment = 0.5
end S = 531.95
43
new S = 531.95
Current S passed in conversion module :531.95
Current d vector calculated :1
Current S =531.95
Current X =1306.91
Current Y =1185.02
new S = 532.4
Current S passed in conversion module :532.4
Current d vector calculated :1
Current S =532.4
Current X =1307.36
Current Y =1184.97
new S = 532.85
Current S passed in conversion module :532.85
Current d vector calculated :1
Current S =532.85
Current X =1307.8
Current Y =1184.92
new S = 533.3
Current S passed in conversion module :533.3
Current d vector calculated :1.00001
Current S =533.3
Current X =1308.25
Current Y =1184.87
new S = 533.75
Current S passed in conversion module :533.75
Current d vector calculated :1.00001
Current S =533.75
Current X =1308.69
Current Y =1184.82
new S = 534.2
Current S passed in conversion module :534.2
Current d vector calculated :1.00001
Current S =534.2
Current X =1309.14
Current Y =1184.77
new S = 534.65
Current S passed in conversion module :534.65
Current d vector calculated :1.00001
Current S =534.65
Current X =1309.58
Current Y =1184.72
Previous Path size :43
dist increment = 0.5
end S = 534.831
43
new S = 534.831
Current S passed in conversion module :534.831
Current d vector calculated :1.00001
Current S =534.831
Current X =1309.76
Current Y =1184.7
new S = 535.281
Current S passed in conversion module :535.281
Current d vector calculated :1.00001
Current S =535.281
Current X =1310.2
Current Y =1184.65
new S = 535.731
Current S passed in conversion module :535.731
Current d vector calculated :1.00001
Current S =535.731
Current X =1310.65
Current Y =1184.6
new S = 536.181
Current S passed in conversion module :536.181
Current d vector calculated :1.00001
Current S =536.181
Current X =1311.09
Current Y =1184.55
new S = 536.631
Current S passed in conversion module :536.631
Current d vector calculated :1.00001
Current S =536.631
Current X =1311.53
Current Y =1184.5
new S = 537.081
Current S passed in conversion module :537.081
Current d vector calculated :1.00001
Current S =537.081
Current X =1311.98
Current Y =1184.45
new S = 537.531
Current S passed in conversion module :537.531
Current d vector calculated :1.00001
Current S =537.531
Current X =1312.42
Current Y =1184.4
Previous Path size :43
dist increment = 0.5
end S = 537.692
43
new S = 537.692
Current S passed in conversion module :537.692
Current d vector calculated :1.00001
Current S =537.692
Current X =1312.58
Current Y =1184.38
new S = 538.142
Current S passed in conversion module :538.142
Current d vector calculated :1.00001
Current S =538.142
Current X =1313.03
Current Y =1184.33
new S = 538.592
Current S passed in conversion module :538.592
Current d vector calculated :1.00001
Current S =538.592
Current X =1313.47
Current Y =1184.28
new S = 539.042
Current S passed in conversion module :539.042
Current d vector calculated :1.00002
Current S =539.042
Current X =1313.92
Current Y =1184.23
new S = 539.492
Current S passed in conversion module :539.492
Current d vector calculated :1.00002
Current S =539.492
Current X =1314.36
Current Y =1184.18
new S = 539.942
Current S passed in conversion module :539.942
Current d vector calculated :1.00002
Current S =539.942
Current X =1314.8
Current Y =1184.13
new S = 540.392
Current S passed in conversion module :540.392
Current d vector calculated :1.00002
Current S =540.392
Current X =1315.25
Current Y =1184.08
Previous Path size :43
dist increment = 0.5
end S = 540.536
43
new S = 540.536
Current S passed in conversion module :540.536
Current d vector calculated :1.00002
Current S =540.536
Current X =1315.39
Current Y =1184.07
new S = 540.986
Current S passed in conversion module :540.986
Current d vector calculated :1.00002
Current S =540.986
Current X =1315.84
Current Y =1184.02
new S = 541.436
Current S passed in conversion module :541.436
Current d vector calculated :1.00002
Current S =541.436
Current X =1316.28
Current Y =1183.97
new S = 541.886
Current S passed in conversion module :541.886
Current d vector calculated :1.00002
Current S =541.886
Current X =1316.72
Current Y =1183.92
new S = 542.336
Current S passed in conversion module :542.336
Current d vector calculated :1.00002
Current S =542.336
Current X =1317.17
Current Y =1183.87
new S = 542.786
Current S passed in conversion module :542.786
Current d vector calculated :1.00002
Current S =542.786
Current X =1317.61
Current Y =1183.82
new S = 543.236
Current S passed in conversion module :543.236
Current d vector calculated :1.00002
Current S =543.236
Current X =1318.06
Current Y =1183.77
Previous Path size :43
dist increment = 0.5
end S = 543.362
43
new S = 543.362
Current S passed in conversion module :543.362
Current d vector calculated :1.00002
Current S =543.362
Current X =1318.18
Current Y =1183.75
new S = 543.812
Current S passed in conversion module :543.812
Current d vector calculated :1.00002
Current S =543.812
Current X =1318.63
Current Y =1183.7
new S = 544.262
Current S passed in conversion module :544.262
Current d vector calculated :1.00002
Current S =544.262
Current X =1319.07
Current Y =1183.65
new S = 544.712
Current S passed in conversion module :544.712
Current d vector calculated :1.00002
Current S =544.712
Current X =1319.52
Current Y =1183.61
new S = 545.162
Current S passed in conversion module :545.162
Current d vector calculated :1.00002
Current S =545.162
Current X =1319.96
Current Y =1183.56
new S = 545.612
Current S passed in conversion module :545.612
Current d vector calculated :1.00002
Current S =545.612
Current X =1320.41
Current Y =1183.51
new S = 546.062
Current S passed in conversion module :546.062
Current d vector calculated :1.00002
Current S =546.062
Current X =1320.85
Current Y =1183.46
Previous Path size :43
dist increment = 0.5
end S = 546.174
43
new S = 546.174
Current S passed in conversion module :546.174
Current d vector calculated :1.00002
Current S =546.174
Current X =1320.96
Current Y =1183.44
new S = 546.624
Current S passed in conversion module :546.624
Current d vector calculated :1.00002
Current S =546.624
Current X =1321.41
Current Y =1183.39
new S = 547.074
Current S passed in conversion module :547.074
Current d vector calculated :1.00002
Current S =547.074
Current X =1321.85
Current Y =1183.34
new S = 547.524
Current S passed in conversion module :547.524
Current d vector calculated :1.00002
Current S =547.524
Current X =1322.3
Current Y =1183.29
new S = 547.974
Current S passed in conversion module :547.974
Current d vector calculated :1.00002
Current S =547.974
Current X =1322.74
Current Y =1183.24
new S = 548.424
Current S passed in conversion module :548.424
Current d vector calculated :1.00002
Current S =548.424
Current X =1323.19
Current Y =1183.2
new S = 548.874
Current S passed in conversion module :548.874
Current d vector calculated :1.00002
Current S =548.874
Current X =1323.63
Current Y =1183.15
Previous Path size :43
dist increment = 0.5
end S = 548.971
43
new S = 548.971
Current S passed in conversion module :548.971
Current d vector calculated :1.00002
Current S =548.971
Current X =1323.73
Current Y =1183.13
new S = 549.421
Current S passed in conversion module :549.421
Current d vector calculated :1.00002
Current S =549.421
Current X =1324.17
Current Y =1183.08
new S = 549.871
Current S passed in conversion module :549.871
Current d vector calculated :1.00002
Current S =549.871
Current X =1324.62
Current Y =1183.04
new S = 550.321
Current S passed in conversion module :550.321
Current d vector calculated :1.00002
Current S =550.321
Current X =1325.06
Current Y =1182.99
new S = 550.771
Current S passed in conversion module :550.771
Current d vector calculated :1.00002
Current S =550.771
Current X =1325.51
Current Y =1182.94
new S = 551.221
Current S passed in conversion module :551.221
Current d vector calculated :1.00002
Current S =551.221
Current X =1325.95
Current Y =1182.89
new S = 551.671
Current S passed in conversion module :551.671
Current d vector calculated :1.00002
Current S =551.671
Current X =1326.4
Current Y =1182.84
Previous Path size :43
dist increment = 0.5
end S = 551.755
43
new S = 551.755
Current S passed in conversion module :551.755
Current d vector calculated :1.00002
Current S =551.755
Current X =1326.48
Current Y =1182.83
new S = 552.206
Current S passed in conversion module :552.206
Current d vector calculated :1.00002
Current S =552.206
Current X =1326.93
Current Y =1182.78
new S = 552.655
Current S passed in conversion module :552.655
Current d vector calculated :1.00002
Current S =552.655
Current X =1327.37
Current Y =1182.73
new S = 553.106
Current S passed in conversion module :553.106
Current d vector calculated :1.00002
Current S =553.106
Current X =1327.82
Current Y =1182.68
new S = 553.555
Current S passed in conversion module :553.555
Current d vector calculated :1.00002
Current S =553.555
Current X =1328.26
Current Y =1182.63
new S = 554.005
Current S passed in conversion module :554.005
Current d vector calculated :1.00002
Current S =554.005
Current X =1328.71
Current Y =1182.58
new S = 554.456
Current S passed in conversion module :554.456
Current d vector calculated :1.00002
Current S =554.456
Current X =1329.16
Current Y =1182.53
Previous Path size :43
dist increment = 0.5
end S = 554.53
43
new S = 554.53
Current S passed in conversion module :554.53
Current d vector calculated :1.00002
Current S =554.53
Current X =1329.23
Current Y =1182.52
new S = 554.98
Current S passed in conversion module :554.98
Current d vector calculated :1.00002
Current S =554.98
Current X =1329.67
Current Y =1182.47
new S = 555.43
Current S passed in conversion module :555.43
Current d vector calculated :1.00002
Current S =555.43
Current X =1330.12
Current Y =1182.42
new S = 555.88
Current S passed in conversion module :555.88
Current d vector calculated :1.00002
Current S =555.88
Current X =1330.57
Current Y =1182.37
new S = 556.33
Current S passed in conversion module :556.33
Current d vector calculated :1.00001
Current S =556.33
Current X =1331.01
Current Y =1182.32
new S = 556.78
Current S passed in conversion module :556.78
Current d vector calculated :1.00001
Current S =556.78
Current X =1331.46
Current Y =1182.27
new S = 557.23
Current S passed in conversion module :557.23
Current d vector calculated :1.00001
Current S =557.23
Current X =1331.9
Current Y =1182.22
Previous Path size :43
dist increment = 0.5
end S = 557.295
43
new S = 557.295
Current S passed in conversion module :557.295
Current d vector calculated :1.00001
Current S =557.295
Current X =1331.97
Current Y =1182.21
new S = 557.745
Current S passed in conversion module :557.745
Current d vector calculated :1.00001
Current S =557.745
Current X =1332.42
Current Y =1182.16
new S = 558.195
Current S passed in conversion module :558.195
Current d vector calculated :1.00001
Current S =558.195
Current X =1332.86
Current Y =1182.11
new S = 558.645
Current S passed in conversion module :558.645
Current d vector calculated :1.00001
Current S =558.645
Current X =1333.31
Current Y =1182.06
new S = 559.095
Current S passed in conversion module :559.095
Current d vector calculated :1.00001
Current S =559.095
Current X =1333.75
Current Y =1182.01
new S = 559.545
Current S passed in conversion module :559.545
Current d vector calculated :1.00001
Current S =559.545
Current X =1334.2
Current Y =1181.96
new S = 559.995
Current S passed in conversion module :559.995
Current d vector calculated :1.00001
Current S =559.995
Current X =1334.65
Current Y =1181.91
Previous Path size :42
dist increment = 0.5
end S = 560.054
42
new S = 560.054
Current S passed in conversion module :560.054
Current d vector calculated :1.00001
Current S =560.054
Current X =1334.7
Current Y =1181.91
new S = 560.504
Current S passed in conversion module :560.504
Current d vector calculated :1.00001
Current S =560.504
Current X =1335.15
Current Y =1181.86
new S = 560.954
Current S passed in conversion module :560.954
Current d vector calculated :1.00001
Current S =560.954
Current X =1335.6
Current Y =1181.81
new S = 561.404
Current S passed in conversion module :561.404
Current d vector calculated :1.00001
Current S =561.404
Current X =1336.04
Current Y =1181.76
new S = 561.854
Current S passed in conversion module :561.854
Current d vector calculated :1.00001
Current S =561.854
Current X =1336.49
Current Y =1181.71
new S = 562.304
Current S passed in conversion module :562.304
Current d vector calculated :1.00001
Current S =562.304
Current X =1336.94
Current Y =1181.66
new S = 562.754
Current S passed in conversion module :562.754
Current d vector calculated :1
Current S =562.754
Current X =1337.38
Current Y =1181.61
new S = 563.204
Current S passed in conversion module :563.204
Current d vector calculated :1
Current S =563.204
Current X =1337.83
Current Y =1181.56
Previous Path size :42
dist increment = 0.5
end S = 563.26
42
new S = 563.26
Current S passed in conversion module :563.26
Current d vector calculated :1
Current S =563.26
Current X =1337.89
Current Y =1181.55
new S = 563.71
Current S passed in conversion module :563.71
Current d vector calculated :1
Current S =563.71
Current X =1338.33
Current Y =1181.5
new S = 564.16
Current S passed in conversion module :564.16
Current d vector calculated :1
Current S =564.16
Current X =1338.78
Current Y =1181.45
new S = 564.61
Current S passed in conversion module :564.61
Current d vector calculated :1
Current S =564.61
Current X =1339.23
Current Y =1181.4
new S = 565.06
Current S passed in conversion module :565.06
Current d vector calculated :1
Current S =565.06
Current X =1339.68
Current Y =1181.35
new S = 565.51
Current S passed in conversion module :565.51
Current d vector calculated :0.999999
Current S =565.51
Current X =1340.14
Current Y =1181.31
new S = 565.96
Current S passed in conversion module :565.96
Current d vector calculated :0.999998
Current S =565.96
Current X =1340.59
Current Y =1181.27
new S = 566.41
Current S passed in conversion module :566.41
Current d vector calculated :0.999998
Current S =566.41
Current X =1341.04
Current Y =1181.23
Previous Path size :43
dist increment = 0.5
end S = 566.346
43
new S = 566.346
Current S passed in conversion module :566.346
Current d vector calculated :0.999998
Current S =566.346
Current X =1340.98
Current Y =1181.23
new S = 566.797
Current S passed in conversion module :566.797
Current d vector calculated :0.999997
Current S =566.797
Current X =1341.43
Current Y =1181.19
new S = 567.246
Current S passed in conversion module :567.246
Current d vector calculated :0.999996
Current S =567.246
Current X =1341.87
Current Y =1181.15
new S = 567.697
Current S passed in conversion module :567.697
Current d vector calculated :0.999995
Current S =567.697
Current X =1342.32
Current Y =1181.11
new S = 568.146
Current S passed in conversion module :568.146
Current d vector calculated :0.999994
Current S =568.146
Current X =1342.77
Current Y =1181.07
new S = 568.596
Current S passed in conversion module :568.596
Current d vector calculated :0.999994
Current S =568.596
Current X =1343.22
Current Y =1181.03
new S = 569.047
Current S passed in conversion module :569.047
Current d vector calculated :0.999993
Current S =569.047
Current X =1343.67
Current Y =1180.99
Previous Path size :42
dist increment = 0.5
end S = 568.986
42
new S = 568.986
Current S passed in conversion module :568.986
Current d vector calculated :0.999993
Current S =568.986
Current X =1343.61
Current Y =1180.99
new S = 569.436
Current S passed in conversion module :569.436
Current d vector calculated :0.999992
Current S =569.436
Current X =1344.06
Current Y =1180.95
new S = 569.885
Current S passed in conversion module :569.885
Current d vector calculated :0.999992
Current S =569.885
Current X =1344.51
Current Y =1180.91
new S = 570.336
Current S passed in conversion module :570.336
Current d vector calculated :0.999991
Current S =570.336
Current X =1344.95
Current Y =1180.87
new S = 570.785
Current S passed in conversion module :570.785
Current d vector calculated :0.99999
Current S =570.785
Current X =1345.4
Current Y =1180.83
new S = 571.236
Current S passed in conversion module :571.236
Current d vector calculated :0.99999
Current S =571.236
Current X =1345.85
Current Y =1180.79
new S = 571.686
Current S passed in conversion module :571.686
Current d vector calculated :0.999989
Current S =571.686
Current X =1346.3
Current Y =1180.74
new S = 572.135
Current S passed in conversion module :572.135
Current d vector calculated :0.999989
Current S =572.135
Current X =1346.75
Current Y =1180.7
Previous Path size :43
dist increment = 0.5
end S = 572.08
43
new S = 572.08
Current S passed in conversion module :572.08
Current d vector calculated :0.999989
Current S =572.08
Current X =1346.69
Current Y =1180.71
new S = 572.53
Current S passed in conversion module :572.53
Current d vector calculated :0.999988
Current S =572.53
Current X =1347.14
Current Y =1180.67
new S = 572.98
Current S passed in conversion module :572.98
Current d vector calculated :0.999988
Current S =572.98
Current X =1347.59
Current Y =1180.63
new S = 573.43
Current S passed in conversion module :573.43
Current d vector calculated :0.999988
Current S =573.43
Current X =1348.04
Current Y =1180.58
new S = 573.88
Current S passed in conversion module :573.88
Current d vector calculated :0.999987
Current S =573.88
Current X =1348.49
Current Y =1180.54
new S = 574.33
Current S passed in conversion module :574.33
Current d vector calculated :0.999987
Current S =574.33
Current X =1348.94
Current Y =1180.5
new S = 574.78
Current S passed in conversion module :574.78
Current d vector calculated :0.999987
Current S =574.78
Current X =1349.39
Current Y =1180.46
Previous Path size :43
dist increment = 0.5
end S = 574.731
43
new S = 574.731
Current S passed in conversion module :574.731
Current d vector calculated :0.999987
Current S =574.731
Current X =1349.34
Current Y =1180.47
new S = 575.181
Current S passed in conversion module :575.181
Current d vector calculated :0.999987
Current S =575.181
Current X =1349.79
Current Y =1180.42
new S = 575.63
Current S passed in conversion module :575.63
Current d vector calculated :0.999987
Current S =575.63
Current X =1350.24
Current Y =1180.38
new S = 576.081
Current S passed in conversion module :576.081
Current d vector calculated :0.999987
Current S =576.081
Current X =1350.69
Current Y =1180.34
new S = 576.53
Current S passed in conversion module :576.53
Current d vector calculated :0.999987
Current S =576.53
Current X =1351.14
Current Y =1180.3
new S = 576.981
Current S passed in conversion module :576.981
Current d vector calculated :0.999987
Current S =576.981
Current X =1351.59
Current Y =1180.26
new S = 577.431
Current S passed in conversion module :577.431
Current d vector calculated :0.999987
Current S =577.431
Current X =1352.04
Current Y =1180.22
Previous Path size :43
dist increment = 0.5
end S = 577.388
43
new S = 577.388
Current S passed in conversion module :577.388
Current d vector calculated :0.999987
Current S =577.388
Current X =1351.99
Current Y =1180.22
new S = 577.838
Current S passed in conversion module :577.838
Current d vector calculated :0.999987
Current S =577.838
Current X =1352.44
Current Y =1180.18
new S = 578.288
Current S passed in conversion module :578.288
Current d vector calculated :0.999987
Current S =578.288
Current X =1352.89
Current Y =1180.14
new S = 578.738
Current S passed in conversion module :578.738
Current d vector calculated :0.999987
Current S =578.738
Current X =1353.34
Current Y =1180.1
new S = 579.188
Current S passed in conversion module :579.188
Current d vector calculated :0.999988
Current S =579.188
Current X =1353.79
Current Y =1180.06
new S = 579.638
Current S passed in conversion module :579.638
Current d vector calculated :0.999988
Current S =579.638
Current X =1354.24
Current Y =1180.02
new S = 580.088
Current S passed in conversion module :580.088
Current d vector calculated :0.999988
Current S =580.088
Current X =1354.69
Current Y =1179.97
Previous Path size :43
dist increment = 0.5
end S = 580.052
43
new S = 580.052
Current S passed in conversion module :580.052
Current d vector calculated :0.999988
Current S =580.052
Current X =1354.65
Current Y =1179.98
new S = 580.502
Current S passed in conversion module :580.502
Current d vector calculated :0.999989
Current S =580.502
Current X =1355.1
Current Y =1179.94
new S = 580.952
Current S passed in conversion module :580.952
Current d vector calculated :0.999989
Current S =580.952
Current X =1355.55
Current Y =1179.9
new S = 581.402
Current S passed in conversion module :581.402
Current d vector calculated :0.99999
Current S =581.402
Current X =1356
Current Y =1179.85
new S = 581.852
Current S passed in conversion module :581.852
Current d vector calculated :0.99999
Current S =581.852
Current X =1356.45
Current Y =1179.81
new S = 582.302
Current S passed in conversion module :582.302
Current d vector calculated :0.999991
Current S =582.302
Current X =1356.9
Current Y =1179.77
new S = 582.752
Current S passed in conversion module :582.752
Current d vector calculated :0.999992
Current S =582.752
Current X =1357.35
Current Y =1179.73
Previous Path size :43
dist increment = 0.5
end S = 582.723
43
new S = 582.723
Current S passed in conversion module :582.723
Current d vector calculated :0.999992
Current S =582.723
Current X =1357.32
Current Y =1179.73
new S = 583.173
Current S passed in conversion module :583.173
Current d vector calculated :0.999992
Current S =583.173
Current X =1357.77
Current Y =1179.69
new S = 583.623
Current S passed in conversion module :583.623
Current d vector calculated :0.999993
Current S =583.623
Current X =1358.22
Current Y =1179.65
new S = 584.073
Current S passed in conversion module :584.073
Current d vector calculated :0.999994
Current S =584.073
Current X =1358.67
Current Y =1179.61
new S = 584.523
Current S passed in conversion module :584.523
Current d vector calculated :0.999994
Current S =584.523
Current X =1359.12
Current Y =1179.57
new S = 584.973
Current S passed in conversion module :584.973
Current d vector calculated :0.999995
Current S =584.973
Current X =1359.56
Current Y =1179.53
new S = 585.423
Current S passed in conversion module :585.423
Current d vector calculated :0.999996
Current S =585.423
Current X =1360.01
Current Y =1179.49
Previous Path size :43
dist increment = 0.5
end S = 585.4
43
new S = 585.4
Current S passed in conversion module :585.4
Current d vector calculated :0.999996
Current S =585.4
Current X =1359.99
Current Y =1179.49
new S = 585.85
Current S passed in conversion module :585.85
Current d vector calculated :0.999996
Current S =585.85
Current X =1360.44
Current Y =1179.45
new S = 586.3
Current S passed in conversion module :586.3
Current d vector calculated :0.999997
Current S =586.3
Current X =1360.89
Current Y =1179.41
new S = 586.75
Current S passed in conversion module :586.75
Current d vector calculated :0.999998
Current S =586.75
Current X =1361.34
Current Y =1179.36
new S = 587.2
Current S passed in conversion module :587.2
Current d vector calculated :0.999998
Current S =587.2
Current X =1361.79
Current Y =1179.32
new S = 587.65
Current S passed in conversion module :587.65
Current d vector calculated :0.999999
Current S =587.65
Current X =1362.24
Current Y =1179.28
new S = 588.1
Current S passed in conversion module :588.1
Current d vector calculated :0.999999
Current S =588.1
Current X =1362.68
Current Y =1179.24
Previous Path size :43
dist increment = 0.5
end S = 588.081
43
new S = 588.081
Current S passed in conversion module :588.081
Current d vector calculated :0.999999
Current S =588.081
Current X =1362.67
Current Y =1179.24
new S = 588.531
Current S passed in conversion module :588.531
Current d vector calculated :1
Current S =588.531
Current X =1363.11
Current Y =1179.2
new S = 588.981
Current S passed in conversion module :588.981
Current d vector calculated :1
Current S =588.981
Current X =1363.56
Current Y =1179.16
new S = 589.431
Current S passed in conversion module :589.431
Current d vector calculated :1
Current S =589.431
Current X =1364.01
Current Y =1179.12
new S = 589.881
Current S passed in conversion module :589.881
Current d vector calculated :1
Current S =589.881
Current X =1364.46
Current Y =1179.08
new S = 590.331
Current S passed in conversion module :590.331
Current d vector calculated :1
Current S =590.331
Current X =1364.91
Current Y =1179.04
new S = 590.781
Current S passed in conversion module :590.781
Current d vector calculated :1
Current S =590.781
Current X =1365.36
Current Y =1179
Previous Path size :43
dist increment = 0.5
end S = 590.764
43
new S = 590.764
Current S passed in conversion module :590.764
Current d vector calculated :1
Current S =590.764
Current X =1365.34
Current Y =1179
new S = 591.215
Current S passed in conversion module :591.215
Current d vector calculated :1
Current S =591.215
Current X =1365.79
Current Y =1178.96
new S = 591.664
Current S passed in conversion module :591.664
Current d vector calculated :1
Current S =591.664
Current X =1366.24
Current Y =1178.92
new S = 592.115
Current S passed in conversion module :592.115
Current d vector calculated :1
Current S =592.115
Current X =1366.68
Current Y =1178.87
new S = 592.564
Current S passed in conversion module :592.564
Current d vector calculated :1
Current S =592.564
Current X =1367.13
Current Y =1178.83
new S = 593.014
Current S passed in conversion module :593.014
Current d vector calculated :1
Current S =593.014
Current X =1367.58
Current Y =1178.79
new S = 593.465
Current S passed in conversion module :593.465
Current d vector calculated :1
Current S =593.465
Current X =1368.03
Current Y =1178.75
Previous Path size :44
dist increment = 0.5
end S = 593.449
44
new S = 593.449
Current S passed in conversion module :593.449
Current d vector calculated :1
Current S =593.449
Current X =1368.01
Current Y =1178.75
new S = 593.899
Current S passed in conversion module :593.899
Current d vector calculated :1
Current S =593.899
Current X =1368.46
Current Y =1178.71
new S = 594.349
Current S passed in conversion module :594.349
Current d vector calculated :1
Current S =594.349
Current X =1368.9
Current Y =1178.67
new S = 594.799
Current S passed in conversion module :594.799
Current d vector calculated :0.999999
Current S =594.799
Current X =1369.35
Current Y =1178.63
new S = 595.249
Current S passed in conversion module :595.249
Current d vector calculated :0.999998
Current S =595.249
Current X =1369.8
Current Y =1178.58
new S = 595.699
Current S passed in conversion module :595.699
Current d vector calculated :0.999997
Current S =595.699
Current X =1370.24
Current Y =1178.54
Previous Path size :43
dist increment = 0.5
end S = 595.674
43
new S = 595.674
Current S passed in conversion module :595.674
Current d vector calculated :0.999997
Current S =595.674
Current X =1370.22
Current Y =1178.54
new S = 596.124
Current S passed in conversion module :596.124
Current d vector calculated :0.999996
Current S =596.124
Current X =1370.67
Current Y =1178.5
new S = 596.574
Current S passed in conversion module :596.574
Current d vector calculated :0.999995
Current S =596.574
Current X =1371.11
Current Y =1178.45
new S = 597.024
Current S passed in conversion module :597.024
Current d vector calculated :0.999994
Current S =597.024
Current X =1371.56
Current Y =1178.41
new S = 597.474
Current S passed in conversion module :597.474
Current d vector calculated :0.999993
Current S =597.474
Current X =1372.01
Current Y =1178.37
new S = 597.924
Current S passed in conversion module :597.924
Current d vector calculated :0.999992
Current S =597.924
Current X =1372.45
Current Y =1178.32
new S = 598.374
Current S passed in conversion module :598.374
Current d vector calculated :0.999991
Current S =598.374
Current X =1372.9
Current Y =1178.28
Previous Path size :43
dist increment = 0.5
end S = 598.383
43
new S = 598.383
Current S passed in conversion module :598.383
Current d vector calculated :0.999991
Current S =598.383
Current X =1372.91
Current Y =1178.28
new S = 598.833
Current S passed in conversion module :598.833
Current d vector calculated :0.99999
Current S =598.833
Current X =1373.36
Current Y =1178.24
new S = 599.283
Current S passed in conversion module :599.283
Current d vector calculated :0.999988
Current S =599.283
Current X =1373.8
Current Y =1178.19
new S = 599.733
Current S passed in conversion module :599.733
Current d vector calculated :0.999987
Current S =599.733
Current X =1374.25
Current Y =1178.15
new S = 600.183
Current S passed in conversion module :600.183
Current d vector calculated :0.999985
Current S =600.183
Current X =1374.7
Current Y =1178.11
new S = 600.633
Current S passed in conversion module :600.633
Current d vector calculated :0.999984
Current S =600.633
Current X =1375.14
Current Y =1178.06
new S = 601.083
Current S passed in conversion module :601.083
Current d vector calculated :0.999983
Current S =601.083
Current X =1375.59
Current Y =1178.02
Previous Path size :42
dist increment = 0.5
end S = 601.084
42
new S = 601.084
Current S passed in conversion module :601.084
Current d vector calculated :0.999983
Current S =601.084
Current X =1375.59
Current Y =1178.02
new S = 601.534
Current S passed in conversion module :601.534
Current d vector calculated :0.999981
Current S =601.534
Current X =1376.04
Current Y =1177.97
new S = 601.984
Current S passed in conversion module :601.984
Current d vector calculated :0.99998
Current S =601.984
Current X =1376.48
Current Y =1177.93
new S = 602.434
Current S passed in conversion module :602.434
Current d vector calculated :0.999978
Current S =602.434
Current X =1376.93
Current Y =1177.89
new S = 602.884
Current S passed in conversion module :602.884
Current d vector calculated :0.999977
Current S =602.884
Current X =1377.38
Current Y =1177.84
new S = 603.334
Current S passed in conversion module :603.334
Current d vector calculated :0.999976
Current S =603.334
Current X =1377.82
Current Y =1177.8
new S = 603.784
Current S passed in conversion module :603.784
Current d vector calculated :0.999974
Current S =603.784
Current X =1378.27
Current Y =1177.76
new S = 604.234
Current S passed in conversion module :604.234
Current d vector calculated :0.999973
Current S =604.234
Current X =1378.71
Current Y =1177.71
Previous Path size :43
dist increment = 0.5
end S = 604.224
43
new S = 604.224
Current S passed in conversion module :604.224
Current d vector calculated :0.999973
Current S =604.224
Current X =1378.7
Current Y =1177.72
new S = 604.674
Current S passed in conversion module :604.674
Current d vector calculated :0.999972
Current S =604.674
Current X =1379.15
Current Y =1177.67
new S = 605.124
Current S passed in conversion module :605.124
Current d vector calculated :0.999971
Current S =605.124
Current X =1379.6
Current Y =1177.63
new S = 605.574
Current S passed in conversion module :605.574
Current d vector calculated :0.99997
Current S =605.574
Current X =1380.04
Current Y =1177.59
new S = 606.024
Current S passed in conversion module :606.024
Current d vector calculated :0.999969
Current S =606.024
Current X =1380.49
Current Y =1177.54
new S = 606.474
Current S passed in conversion module :606.474
Current d vector calculated :0.999968
Current S =606.474
Current X =1380.93
Current Y =1177.5
new S = 606.924
Current S passed in conversion module :606.924
Current d vector calculated :0.999967
Current S =606.924
Current X =1381.38
Current Y =1177.46
Previous Path size :43
dist increment = 0.5
end S = 606.902
43
new S = 606.902
Current S passed in conversion module :606.902
Current d vector calculated :0.999967
Current S =606.902
Current X =1381.36
Current Y =1177.46
new S = 607.352
Current S passed in conversion module :607.352
Current d vector calculated :0.999966
Current S =607.352
Current X =1381.8
Current Y =1177.41
new S = 607.802
Current S passed in conversion module :607.802
Current d vector calculated :0.999965
Current S =607.802
Current X =1382.25
Current Y =1177.37
new S = 608.252
Current S passed in conversion module :608.252
Current d vector calculated :0.999965
Current S =608.252
Current X =1382.7
Current Y =1177.33
new S = 608.702
Current S passed in conversion module :608.702
Current d vector calculated :0.999964
Current S =608.702
Current X =1383.14
Current Y =1177.28
new S = 609.152
Current S passed in conversion module :609.152
Current d vector calculated :0.999964
Current S =609.152
Current X =1383.59
Current Y =1177.24
new S = 609.602
Current S passed in conversion module :609.602
Current d vector calculated :0.999964
Current S =609.602
Current X =1384.03
Current Y =1177.2
Previous Path size :43
dist increment = 0.5
end S = 609.566
43
new S = 609.566
Current S passed in conversion module :609.566
Current d vector calculated :0.999964
Current S =609.566
Current X =1384
Current Y =1177.2
new S = 610.016
Current S passed in conversion module :610.016
Current d vector calculated :0.999963
Current S =610.016
Current X =1384.44
Current Y =1177.16
new S = 610.466
Current S passed in conversion module :610.466
Current d vector calculated :0.999963
Current S =610.466
Current X =1384.89
Current Y =1177.11
new S = 610.916
Current S passed in conversion module :610.916
Current d vector calculated :0.999963
Current S =610.916
Current X =1385.33
Current Y =1177.07
new S = 611.366
Current S passed in conversion module :611.366
Current d vector calculated :0.999963
Current S =611.366
Current X =1385.78
Current Y =1177.03
new S = 611.816
Current S passed in conversion module :611.816
Current d vector calculated :0.999964
Current S =611.816
Current X =1386.22
Current Y =1176.98
new S = 612.266
Current S passed in conversion module :612.266
Current d vector calculated :0.999964
Current S =612.266
Current X =1386.67
Current Y =1176.94
Previous Path size :43
dist increment = 0.5
end S = 612.217
43
new S = 612.217
Current S passed in conversion module :612.217
Current d vector calculated :0.999964
Current S =612.217
Current X =1386.62
Current Y =1176.95
new S = 612.667
Current S passed in conversion module :612.667
Current d vector calculated :0.999964
Current S =612.667
Current X =1387.07
Current Y =1176.9
new S = 613.117
Current S passed in conversion module :613.117
Current d vector calculated :0.999965
Current S =613.117
Current X =1387.51
Current Y =1176.86
new S = 613.567
Current S passed in conversion module :613.567
Current d vector calculated :0.999966
Current S =613.567
Current X =1387.96
Current Y =1176.82
new S = 614.017
Current S passed in conversion module :614.017
Current d vector calculated :0.999967
Current S =614.017
Current X =1388.4
Current Y =1176.77
new S = 614.467
Current S passed in conversion module :614.467
Current d vector calculated :0.999967
Current S =614.467
Current X =1388.85
Current Y =1176.73
new S = 614.917
Current S passed in conversion module :614.917
Current d vector calculated :0.999968
Current S =614.917
Current X =1389.29
Current Y =1176.69
Previous Path size :43
dist increment = 0.5
end S = 614.853
43
new S = 614.853
Current S passed in conversion module :614.853
Current d vector calculated :0.999968
Current S =614.853
Current X =1389.23
Current Y =1176.69
new S = 615.303
Current S passed in conversion module :615.303
Current d vector calculated :0.999969
Current S =615.303
Current X =1389.68
Current Y =1176.65
new S = 615.753
Current S passed in conversion module :615.753
Current d vector calculated :0.999971
Current S =615.753
Current X =1390.12
Current Y =1176.6
new S = 616.203
Current S passed in conversion module :616.203
Current d vector calculated :0.999972
Current S =616.203
Current X =1390.57
Current Y =1176.56
new S = 616.653
Current S passed in conversion module :616.653
Current d vector calculated :0.999973
Current S =616.653
Current X =1391.01
Current Y =1176.52
new S = 617.103
Current S passed in conversion module :617.103
Current d vector calculated :0.999975
Current S =617.103
Current X =1391.46
Current Y =1176.47
new S = 617.553
Current S passed in conversion module :617.553
Current d vector calculated :0.999976
Current S =617.553
Current X =1391.9
Current Y =1176.43
Previous Path size :43
dist increment = 0.5
end S = 617.476
43
new S = 617.476
Current S passed in conversion module :617.476
Current d vector calculated :0.999976
Current S =617.476
Current X =1391.83
Current Y =1176.44
new S = 617.926
Current S passed in conversion module :617.926
Current d vector calculated :0.999978
Current S =617.926
Current X =1392.27
Current Y =1176.4
new S = 618.375
Current S passed in conversion module :618.375
Current d vector calculated :0.999979
Current S =618.375
Current X =1392.72
Current Y =1176.35
new S = 618.826
Current S passed in conversion module :618.826
Current d vector calculated :0.999981
Current S =618.826
Current X =1393.16
Current Y =1176.31
new S = 619.275
Current S passed in conversion module :619.275
Current d vector calculated :0.999983
Current S =619.275
Current X =1393.61
Current Y =1176.27
new S = 619.726
Current S passed in conversion module :619.726
Current d vector calculated :0.999985
Current S =619.726
Current X =1394.06
Current Y =1176.22
new S = 620.176
Current S passed in conversion module :620.176
Current d vector calculated :0.999987
Current S =620.176
Current X =1394.5
Current Y =1176.18
Previous Path size :43
dist increment = 0.5
end S = 620.085
43
new S = 620.085
Current S passed in conversion module :620.085
Current d vector calculated :0.999986
Current S =620.085
Current X =1394.41
Current Y =1176.19
new S = 620.535
Current S passed in conversion module :620.535
Current d vector calculated :0.999988
Current S =620.535
Current X =1394.86
Current Y =1176.14
new S = 620.985
Current S passed in conversion module :620.985
Current d vector calculated :0.99999
Current S =620.985
Current X =1395.3
Current Y =1176.1
new S = 621.435
Current S passed in conversion module :621.435
Current d vector calculated :0.999992
Current S =621.435
Current X =1395.75
Current Y =1176.06
new S = 621.885
Current S passed in conversion module :621.885
Current d vector calculated :0.999994
Current S =621.885
Current X =1396.19
Current Y =1176.01
new S = 622.335
Current S passed in conversion module :622.335
Current d vector calculated :0.999996
Current S =622.335
Current X =1396.64
Current Y =1175.97
new S = 622.785
Current S passed in conversion module :622.785
Current d vector calculated :0.999998
Current S =622.785
Current X =1397.09
Current Y =1175.93
Previous Path size :43
dist increment = 0.5
end S = 622.681
43
new S = 622.681
Current S passed in conversion module :622.681
Current d vector calculated :0.999998
Current S =622.681
Current X =1396.98
Current Y =1175.94
new S = 623.131
Current S passed in conversion module :623.131
Current d vector calculated :1
Current S =623.131
Current X =1397.43
Current Y =1175.89
new S = 623.581
Current S passed in conversion module :623.581
Current d vector calculated :1
Current S =623.581
Current X =1397.84
Current Y =1175.84
new S = 624.031
Current S passed in conversion module :624.031
Current d vector calculated :1
Current S =624.031
Current X =1398.28
Current Y =1175.78
new S = 624.481
Current S passed in conversion module :624.481
Current d vector calculated :1.00001
Current S =624.481
Current X =1398.73
Current Y =1175.73
new S = 624.931
Current S passed in conversion module :624.931
Current d vector calculated :1.00001
Current S =624.931
Current X =1399.17
Current Y =1175.67
new S = 625.381
Current S passed in conversion module :625.381
Current d vector calculated :1.00001
Current S =625.381
Current X =1399.62
Current Y =1175.61
Previous Path size :43
dist increment = 0.5
end S = 625.466
43
new S = 625.466
Current S passed in conversion module :625.466
Current d vector calculated :1.00001
Current S =625.466
Current X =1399.7
Current Y =1175.6
new S = 625.916
Current S passed in conversion module :625.916
Current d vector calculated :1.00001
Current S =625.916
Current X =1400.15
Current Y =1175.54
new S = 626.366
Current S passed in conversion module :626.366
Current d vector calculated :1.00001
Current S =626.366
Current X =1400.59
Current Y =1175.48
new S = 626.816
Current S passed in conversion module :626.816
Current d vector calculated :1.00001
Current S =626.816
Current X =1401.03
Current Y =1175.42
new S = 627.266
Current S passed in conversion module :627.266
Current d vector calculated :1.00002
Current S =627.266
Current X =1401.48
Current Y =1175.36
new S = 627.716
Current S passed in conversion module :627.716
Current d vector calculated :1.00002
Current S =627.716
Current X =1401.92
Current Y =1175.31
new S = 628.166
Current S passed in conversion module :628.166
Current d vector calculated :1.00002
Current S =628.166
Current X =1402.37
Current Y =1175.25
Previous Path size :43
dist increment = 0.5
end S = 628.241
43
new S = 628.241
Current S passed in conversion module :628.241
Current d vector calculated :1.00002
Current S =628.241
Current X =1402.44
Current Y =1175.24
new S = 628.691
Current S passed in conversion module :628.691
Current d vector calculated :1.00002
Current S =628.691
Current X =1402.89
Current Y =1175.18
new S = 629.141
Current S passed in conversion module :629.141
Current d vector calculated :1.00002
Current S =629.141
Current X =1403.33
Current Y =1175.12
new S = 629.591
Current S passed in conversion module :629.591
Current d vector calculated :1.00002
Current S =629.591
Current X =1403.77
Current Y =1175.06
new S = 630.041
Current S passed in conversion module :630.041
Current d vector calculated :1.00002
Current S =630.041
Current X =1404.22
Current Y =1175
new S = 630.491
Current S passed in conversion module :630.491
Current d vector calculated :1.00002
Current S =630.491
Current X =1404.66
Current Y =1174.95
new S = 630.941
Current S passed in conversion module :630.941
Current d vector calculated :1.00003
Current S =630.941
Current X =1405.11
Current Y =1174.89
Previous Path size :43
dist increment = 0.5
end S = 631.006
43
new S = 631.006
Current S passed in conversion module :631.006
Current d vector calculated :1.00003
Current S =631.006
Current X =1405.17
Current Y =1174.88
new S = 631.456
Current S passed in conversion module :631.456
Current d vector calculated :1.00003
Current S =631.456
Current X =1405.62
Current Y =1174.82
new S = 631.906
Current S passed in conversion module :631.906
Current d vector calculated :1.00003
Current S =631.906
Current X =1406.06
Current Y =1174.76
new S = 632.356
Current S passed in conversion module :632.356
Current d vector calculated :1.00003
Current S =632.356
Current X =1406.51
Current Y =1174.7
new S = 632.806
Current S passed in conversion module :632.806
Current d vector calculated :1.00003
Current S =632.806
Current X =1406.95
Current Y =1174.65
new S = 633.256
Current S passed in conversion module :633.256
Current d vector calculated :1.00003
Current S =633.256
Current X =1407.4
Current Y =1174.59
new S = 633.706
Current S passed in conversion module :633.706
Current d vector calculated :1.00003
Current S =633.706
Current X =1407.84
Current Y =1174.53
Previous Path size :43
dist increment = 0.5
end S = 633.761
43
new S = 633.761
Current S passed in conversion module :633.761
Current d vector calculated :1.00003
Current S =633.761
Current X =1407.9
Current Y =1174.52
new S = 634.211
Current S passed in conversion module :634.211
Current d vector calculated :1.00003
Current S =634.211
Current X =1408.34
Current Y =1174.46
new S = 634.661
Current S passed in conversion module :634.661
Current d vector calculated :1.00003
Current S =634.661
Current X =1408.78
Current Y =1174.4
new S = 635.111
Current S passed in conversion module :635.111
Current d vector calculated :1.00003
Current S =635.111
Current X =1409.23
Current Y =1174.35
new S = 635.561
Current S passed in conversion module :635.561
Current d vector calculated :1.00003
Current S =635.561
Current X =1409.67
Current Y =1174.29
new S = 636.011
Current S passed in conversion module :636.011
Current d vector calculated :1.00003
Current S =636.011
Current X =1410.12
Current Y =1174.23
new S = 636.461
Current S passed in conversion module :636.461
Current d vector calculated :1.00003
Current S =636.461
Current X =1410.56
Current Y =1174.17
Previous Path size :43
dist increment = 0.5
end S = 636.509
43
new S = 636.509
Current S passed in conversion module :636.509
Current d vector calculated :1.00003
Current S =636.509
Current X =1410.61
Current Y =1174.16
new S = 636.959
Current S passed in conversion module :636.959
Current d vector calculated :1.00003
Current S =636.959
Current X =1411.06
Current Y =1174.11
new S = 637.409
Current S passed in conversion module :637.409
Current d vector calculated :1.00003
Current S =637.409
Current X =1411.5
Current Y =1174.05
new S = 637.859
Current S passed in conversion module :637.859
Current d vector calculated :1.00003
Current S =637.859
Current X =1411.95
Current Y =1173.99
new S = 638.309
Current S passed in conversion module :638.309
Current d vector calculated :1.00003
Current S =638.309
Current X =1412.39
Current Y =1173.93
new S = 638.759
Current S passed in conversion module :638.759
Current d vector calculated :1.00003
Current S =638.759
Current X =1412.84
Current Y =1173.87
new S = 639.209
Current S passed in conversion module :639.209
Current d vector calculated :1.00003
Current S =639.209
Current X =1413.28
Current Y =1173.81
Previous Path size :43
dist increment = 0.5
end S = 639.251
43
new S = 639.251
Current S passed in conversion module :639.251
Current d vector calculated :1.00003
Current S =639.251
Current X =1413.32
Current Y =1173.81
new S = 639.701
Current S passed in conversion module :639.701
Current d vector calculated :1.00003
Current S =639.701
Current X =1413.77
Current Y =1173.75
new S = 640.151
Current S passed in conversion module :640.151
Current d vector calculated :1.00003
Current S =640.151
Current X =1414.21
Current Y =1173.69
new S = 640.601
Current S passed in conversion module :640.601
Current d vector calculated :1.00003
Current S =640.601
Current X =1414.66
Current Y =1173.63
new S = 641.051
Current S passed in conversion module :641.051
Current d vector calculated :1.00003
Current S =641.051
Current X =1415.1
Current Y =1173.57
new S = 641.501
Current S passed in conversion module :641.501
Current d vector calculated :1.00003
Current S =641.501
Current X =1415.55
Current Y =1173.52
new S = 641.951
Current S passed in conversion module :641.951
Current d vector calculated :1.00003
Current S =641.951
Current X =1416
Current Y =1173.46
Previous Path size :42
dist increment = 0.5
end S = 641.986
42
new S = 641.986
Current S passed in conversion module :641.986
Current d vector calculated :1.00003
Current S =641.986
Current X =1416.03
Current Y =1173.45
new S = 642.436
Current S passed in conversion module :642.436
Current d vector calculated :1.00003
Current S =642.436
Current X =1416.48
Current Y =1173.39
new S = 642.886
Current S passed in conversion module :642.886
Current d vector calculated :1.00003
Current S =642.886
Current X =1416.92
Current Y =1173.34
new S = 643.336
Current S passed in conversion module :643.336
Current d vector calculated :1.00003
Current S =643.336
Current X =1417.37
Current Y =1173.28
new S = 643.786
Current S passed in conversion module :643.786
Current d vector calculated :1.00003
Current S =643.786
Current X =1417.81
Current Y =1173.22
new S = 644.236
Current S passed in conversion module :644.236
Current d vector calculated :1.00003
Current S =644.236
Current X =1418.26
Current Y =1173.16
new S = 644.686
Current S passed in conversion module :644.686
Current d vector calculated :1.00003
Current S =644.686
Current X =1418.7
Current Y =1173.1
new S = 645.136
Current S passed in conversion module :645.136
Current d vector calculated :1.00002
Current S =645.136
Current X =1419.15
Current Y =1173.04
Previous Path size :43
dist increment = 0.5
end S = 645.166
43
new S = 645.166
Current S passed in conversion module :645.166
Current d vector calculated :1.00002
Current S =645.166
Current X =1419.18
Current Y =1173.04
new S = 645.616
Current S passed in conversion module :645.616
Current d vector calculated :1.00002
Current S =645.616
Current X =1419.62
Current Y =1172.98
new S = 646.066
Current S passed in conversion module :646.066
Current d vector calculated :1.00002
Current S =646.066
Current X =1420.07
Current Y =1172.92
new S = 646.516
Current S passed in conversion module :646.516
Current d vector calculated :1.00002
Current S =646.516
Current X =1420.51
Current Y =1172.86
new S = 646.966
Current S passed in conversion module :646.966
Current d vector calculated :1.00002
Current S =646.966
Current X =1420.96
Current Y =1172.81
new S = 647.416
Current S passed in conversion module :647.416
Current d vector calculated :1.00002
Current S =647.416
Current X =1421.4
Current Y =1172.75
new S = 647.866
Current S passed in conversion module :647.866
Current d vector calculated :1.00002
Current S =647.866
Current X =1421.85
Current Y =1172.69
Previous Path size :43
dist increment = 0.5
end S = 647.891
43
new S = 647.891
Current S passed in conversion module :647.891
Current d vector calculated :1.00002
Current S =647.891
Current X =1421.88
Current Y =1172.69
new S = 648.341
Current S passed in conversion module :648.341
Current d vector calculated :1.00002
Current S =648.341
Current X =1422.32
Current Y =1172.63
new S = 648.791
Current S passed in conversion module :648.791
Current d vector calculated :1.00002
Current S =648.791
Current X =1422.77
Current Y =1172.57
new S = 649.241
Current S passed in conversion module :649.241
Current d vector calculated :1.00002
Current S =649.241
Current X =1423.21
Current Y =1172.51
new S = 649.691
Current S passed in conversion module :649.691
Current d vector calculated :1.00001
Current S =649.691
Current X =1423.66
Current Y =1172.45
new S = 650.141
Current S passed in conversion module :650.141
Current d vector calculated :1.00001
Current S =650.141
Current X =1424.1
Current Y =1172.39
new S = 650.591
Current S passed in conversion module :650.591
Current d vector calculated :1.00001
Current S =650.591
Current X =1424.55
Current Y =1172.33
Previous Path size :43
dist increment = 0.5
end S = 650.613
43
new S = 650.613
Current S passed in conversion module :650.613
Current d vector calculated :1.00001
Current S =650.613
Current X =1424.57
Current Y =1172.33
new S = 651.063
Current S passed in conversion module :651.063
Current d vector calculated :1.00001
Current S =651.063
Current X =1425.02
Current Y =1172.27
new S = 651.513
Current S passed in conversion module :651.513
Current d vector calculated :1.00001
Current S =651.513
Current X =1425.46
Current Y =1172.21
new S = 651.963
Current S passed in conversion module :651.963
Current d vector calculated :1.00001
Current S =651.963
Current X =1425.91
Current Y =1172.16
new S = 652.413
Current S passed in conversion module :652.413
Current d vector calculated :1.00001
Current S =652.413
Current X =1426.35
Current Y =1172.1
new S = 652.863
Current S passed in conversion module :652.863
Current d vector calculated :1.00001
Current S =652.863
Current X =1426.8
Current Y =1172.04
new S = 653.313
Current S passed in conversion module :653.313
Current d vector calculated :1
Current S =653.313
Current X =1427.25
Current Y =1171.98
Previous Path size :43
dist increment = 0.5
end S = 653.333
43
new S = 653.333
Current S passed in conversion module :653.333
Current d vector calculated :1
Current S =653.333
Current X =1427.26
Current Y =1171.98
new S = 653.783
Current S passed in conversion module :653.783
Current d vector calculated :1
Current S =653.783
Current X =1427.71
Current Y =1171.92
new S = 654.233
Current S passed in conversion module :654.233
Current d vector calculated :1
Current S =654.233
Current X =1428.16
Current Y =1171.86
new S = 654.683
Current S passed in conversion module :654.683
Current d vector calculated :1
Current S =654.683
Current X =1428.6
Current Y =1171.8
new S = 655.133
Current S passed in conversion module :655.133
Current d vector calculated :1
Current S =655.133
Current X =1429.05
Current Y =1171.74
new S = 655.583
Current S passed in conversion module :655.583
Current d vector calculated :1
Current S =655.583
Current X =1429.5
Current Y =1171.69
new S = 656.033
Current S passed in conversion module :656.033
Current d vector calculated :0.999999
Current S =656.033
Current X =1429.94
Current Y =1171.63
Previous Path size :44
dist increment = 0.5
end S = 656.055
44
new S = 656.055
Current S passed in conversion module :656.055
Current d vector calculated :0.999999
Current S =656.055
Current X =1429.97
Current Y =1171.63
new S = 656.505
Current S passed in conversion module :656.505
Current d vector calculated :0.999998
Current S =656.505
Current X =1430.41
Current Y =1171.57
new S = 656.955
Current S passed in conversion module :656.955
Current d vector calculated :0.999997
Current S =656.955
Current X =1430.86
Current Y =1171.51
new S = 657.405
Current S passed in conversion module :657.405
Current d vector calculated :0.999996
Current S =657.405
Current X =1431.31
Current Y =1171.46
new S = 657.855
Current S passed in conversion module :657.855
Current d vector calculated :0.999995
Current S =657.855
Current X =1431.75
Current Y =1171.4
new S = 658.305
Current S passed in conversion module :658.305
Current d vector calculated :0.999994
Current S =658.305
Current X =1432.2
Current Y =1171.35
Previous Path size :43
dist increment = 0.5
end S = 658.288
43
new S = 658.288
Current S passed in conversion module :658.288
Current d vector calculated :0.999994
Current S =658.288
Current X =1432.18
Current Y =1171.35
new S = 658.738
Current S passed in conversion module :658.738
Current d vector calculated :0.999993
Current S =658.738
Current X =1432.63
Current Y =1171.29
new S = 659.188
Current S passed in conversion module :659.188
Current d vector calculated :0.999992
Current S =659.188
Current X =1433.07
Current Y =1171.24
new S = 659.638
Current S passed in conversion module :659.638
Current d vector calculated :0.999992
Current S =659.638
Current X =1433.52
Current Y =1171.18
new S = 660.087
Current S passed in conversion module :660.087
Current d vector calculated :0.999991
Current S =660.087
Current X =1433.97
Current Y =1171.12
new S = 660.538
Current S passed in conversion module :660.538
Current d vector calculated :0.99999
Current S =660.538
Current X =1434.41
Current Y =1171.07
new S = 660.988
Current S passed in conversion module :660.988
Current d vector calculated :0.999989
Current S =660.988
Current X =1434.86
Current Y =1171.01
Previous Path size :43
dist increment = 0.5
end S = 660.969
43
new S = 660.969
Current S passed in conversion module :660.969
Current d vector calculated :0.99999
Current S =660.969
Current X =1434.84
Current Y =1171.01
new S = 661.419
Current S passed in conversion module :661.419
Current d vector calculated :0.999989
Current S =661.419
Current X =1435.29
Current Y =1170.96
new S = 661.869
Current S passed in conversion module :661.869
Current d vector calculated :0.999988
Current S =661.869
Current X =1435.73
Current Y =1170.9
new S = 662.319
Current S passed in conversion module :662.319
Current d vector calculated :0.999988
Current S =662.319
Current X =1436.18
Current Y =1170.85
new S = 662.769
Current S passed in conversion module :662.769
Current d vector calculated :0.999987
Current S =662.769
Current X =1436.62
Current Y =1170.79
new S = 663.219
Current S passed in conversion module :663.219
Current d vector calculated :0.999986
Current S =663.219
Current X =1437.07
Current Y =1170.73
new S = 663.669
Current S passed in conversion module :663.669
Current d vector calculated :0.999986
Current S =663.669
Current X =1437.52
Current Y =1170.68
Previous Path size :43
dist increment = 0.5
end S = 663.648
43
new S = 663.648
Current S passed in conversion module :663.648
Current d vector calculated :0.999986
Current S =663.648
Current X =1437.5
Current Y =1170.68
new S = 664.098
Current S passed in conversion module :664.098
Current d vector calculated :0.999985
Current S =664.098
Current X =1437.94
Current Y =1170.62
new S = 664.548
Current S passed in conversion module :664.548
Current d vector calculated :0.999985
Current S =664.548
Current X =1438.39
Current Y =1170.57
new S = 664.998
Current S passed in conversion module :664.998
Current d vector calculated :0.999984
Current S =664.998
Current X =1438.84
Current Y =1170.51
new S = 665.448
Current S passed in conversion module :665.448
Current d vector calculated :0.999984
Current S =665.448
Current X =1439.28
Current Y =1170.46
new S = 665.898
Current S passed in conversion module :665.898
Current d vector calculated :0.999983
Current S =665.898
Current X =1439.73
Current Y =1170.4
new S = 666.348
Current S passed in conversion module :666.348
Current d vector calculated :0.999983
Current S =666.348
Current X =1440.18
Current Y =1170.34
Previous Path size :43
dist increment = 0.5
end S = 666.328
43
new S = 666.328
Current S passed in conversion module :666.328
Current d vector calculated :0.999983
Current S =666.328
Current X =1440.16
Current Y =1170.35
new S = 666.778
Current S passed in conversion module :666.778
Current d vector calculated :0.999983
Current S =666.778
Current X =1440.6
Current Y =1170.29
new S = 667.228
Current S passed in conversion module :667.228
Current d vector calculated :0.999982
Current S =667.228
Current X =1441.05
Current Y =1170.23
new S = 667.678
Current S passed in conversion module :667.678
Current d vector calculated :0.999982
Current S =667.678
Current X =1441.5
Current Y =1170.18
new S = 668.128
Current S passed in conversion module :668.128
Current d vector calculated :0.999982
Current S =668.128
Current X =1441.94
Current Y =1170.12
new S = 668.578
Current S passed in conversion module :668.578
Current d vector calculated :0.999981
Current S =668.578
Current X =1442.39
Current Y =1170.07
new S = 669.028
Current S passed in conversion module :669.028
Current d vector calculated :0.999981
Current S =669.028
Current X =1442.83
Current Y =1170.01
Previous Path size :42
dist increment = 0.5
end S = 669.008
42
new S = 669.008
Current S passed in conversion module :669.008
Current d vector calculated :0.999981
Current S =669.008
Current X =1442.81
Current Y =1170.01
new S = 669.458
Current S passed in conversion module :669.458
Current d vector calculated :0.999981
Current S =669.458
Current X =1443.26
Current Y =1169.96
new S = 669.908
Current S passed in conversion module :669.908
Current d vector calculated :0.99998
Current S =669.908
Current X =1443.71
Current Y =1169.9
new S = 670.358
Current S passed in conversion module :670.358
Current d vector calculated :0.99998
Current S =670.358
Current X =1444.15
Current Y =1169.84
new S = 670.808
Current S passed in conversion module :670.808
Current d vector calculated :0.99998
Current S =670.808
Current X =1444.6
Current Y =1169.79
new S = 671.258
Current S passed in conversion module :671.258
Current d vector calculated :0.99998
Current S =671.258
Current X =1445.05
Current Y =1169.73
new S = 671.708
Current S passed in conversion module :671.708
Current d vector calculated :0.99998
Current S =671.708
Current X =1445.49
Current Y =1169.68
new S = 672.158
Current S passed in conversion module :672.158
Current d vector calculated :0.99998
Current S =672.158
Current X =1445.94
Current Y =1169.62
Previous Path size :43
dist increment = 0.5
end S = 672.139
43
new S = 672.139
Current S passed in conversion module :672.139
Current d vector calculated :0.99998
Current S =672.139
Current X =1445.92
Current Y =1169.62
new S = 672.589
Current S passed in conversion module :672.589
Current d vector calculated :0.999979
Current S =672.589
Current X =1446.37
Current Y =1169.57
new S = 673.039
Current S passed in conversion module :673.039
Current d vector calculated :0.999979
Current S =673.039
Current X =1446.81
Current Y =1169.51
new S = 673.489
Current S passed in conversion module :673.489
Current d vector calculated :0.999979
Current S =673.489
Current X =1447.26
Current Y =1169.45
new S = 673.939
Current S passed in conversion module :673.939
Current d vector calculated :0.999979
Current S =673.939
Current X =1447.71
Current Y =1169.4
new S = 674.389
Current S passed in conversion module :674.389
Current d vector calculated :0.999979
Current S =674.389
Current X =1448.15
Current Y =1169.34
new S = 674.839
Current S passed in conversion module :674.839
Current d vector calculated :0.999979
Current S =674.839
Current X =1448.6
Current Y =1169.29
Previous Path size :43
dist increment = 0.5
end S = 674.819
43
new S = 674.819
Current S passed in conversion module :674.819
Current d vector calculated :0.999979
Current S =674.819
Current X =1448.58
Current Y =1169.29
new S = 675.269
Current S passed in conversion module :675.269
Current d vector calculated :0.999979
Current S =675.269
Current X =1449.03
Current Y =1169.23
new S = 675.719
Current S passed in conversion module :675.719
Current d vector calculated :0.999979
Current S =675.719
Current X =1449.48
Current Y =1169.18
new S = 676.169
Current S passed in conversion module :676.169
Current d vector calculated :0.999979
Current S =676.169
Current X =1449.92
Current Y =1169.12
new S = 676.619
Current S passed in conversion module :676.619
Current d vector calculated :0.999979
Current S =676.619
Current X =1450.37
Current Y =1169.06
new S = 677.069
Current S passed in conversion module :677.069
Current d vector calculated :0.99998
Current S =677.069
Current X =1450.82
Current Y =1169.01
new S = 677.519
Current S passed in conversion module :677.519
Current d vector calculated :0.99998
Current S =677.519
Current X =1451.26
Current Y =1168.95
Previous Path size :43
dist increment = 0.5
end S = 677.501
43
new S = 677.501
Current S passed in conversion module :677.501
Current d vector calculated :0.99998
Current S =677.501
Current X =1451.24
Current Y =1168.95
new S = 677.952
Current S passed in conversion module :677.952
Current d vector calculated :0.99998
Current S =677.952
Current X =1451.69
Current Y =1168.9
new S = 678.401
Current S passed in conversion module :678.401
Current d vector calculated :0.99998
Current S =678.401
Current X =1452.14
Current Y =1168.84
new S = 678.851
Current S passed in conversion module :678.851
Current d vector calculated :0.99998
Current S =678.851
Current X =1452.58
Current Y =1168.78
new S = 679.301
Current S passed in conversion module :679.301
Current d vector calculated :0.99998
Current S =679.301
Current X =1453.03
Current Y =1168.73
new S = 679.751
Current S passed in conversion module :679.751
Current d vector calculated :0.999981
Current S =679.751
Current X =1453.48
Current Y =1168.67
new S = 680.202
Current S passed in conversion module :680.202
Current d vector calculated :0.999981
Current S =680.202
Current X =1453.92
Current Y =1168.62
Previous Path size :43
dist increment = 0.5
end S = 680.186
43
new S = 680.186
Current S passed in conversion module :680.186
Current d vector calculated :0.999981
Current S =680.186
Current X =1453.91
Current Y =1168.62
new S = 680.636
Current S passed in conversion module :680.636
Current d vector calculated :0.999981
Current S =680.636
Current X =1454.36
Current Y =1168.56
new S = 681.086
Current S passed in conversion module :681.086
Current d vector calculated :0.999982
Current S =681.086
Current X =1454.8
Current Y =1168.51
new S = 681.536
Current S passed in conversion module :681.536
Current d vector calculated :0.999982
Current S =681.536
Current X =1455.25
Current Y =1168.45
new S = 681.986
Current S passed in conversion module :681.986
Current d vector calculated :0.999982
Current S =681.986
Current X =1455.7
Current Y =1168.39
new S = 682.436
Current S passed in conversion module :682.436
Current d vector calculated :0.999983
Current S =682.436
Current X =1456.14
Current Y =1168.34
new S = 682.886
Current S passed in conversion module :682.886
Current d vector calculated :0.999983
Current S =682.886
Current X =1456.59
Current Y =1168.28
Previous Path size :43
dist increment = 0.5
end S = 682.871
43
new S = 682.871
Current S passed in conversion module :682.871
Current d vector calculated :0.999983
Current S =682.871
Current X =1456.58
Current Y =1168.28
new S = 683.321
Current S passed in conversion module :683.321
Current d vector calculated :0.999984
Current S =683.321
Current X =1457.02
Current Y =1168.23
new S = 683.771
Current S passed in conversion module :683.771
Current d vector calculated :0.999984
Current S =683.771
Current X =1457.47
Current Y =1168.17
new S = 684.221
Current S passed in conversion module :684.221
Current d vector calculated :0.999985
Current S =684.221
Current X =1457.92
Current Y =1168.11
new S = 684.671
Current S passed in conversion module :684.671
Current d vector calculated :0.999985
Current S =684.671
Current X =1458.36
Current Y =1168.06
new S = 685.121
Current S passed in conversion module :685.121
Current d vector calculated :0.999986
Current S =685.121
Current X =1458.81
Current Y =1168
new S = 685.571
Current S passed in conversion module :685.571
Current d vector calculated :0.999987
Current S =685.571
Current X =1459.26
Current Y =1167.95
Previous Path size :43
dist increment = 0.5
end S = 685.559
43
new S = 685.559
Current S passed in conversion module :685.559
Current d vector calculated :0.999987
Current S =685.559
Current X =1459.25
Current Y =1167.95
new S = 686.009
Current S passed in conversion module :686.009
Current d vector calculated :0.999987
Current S =686.009
Current X =1459.69
Current Y =1167.89
new S = 686.459
Current S passed in conversion module :686.459
Current d vector calculated :0.999988
Current S =686.459
Current X =1460.14
Current Y =1167.83
new S = 686.909
Current S passed in conversion module :686.909
Current d vector calculated :0.999989
Current S =686.909
Current X =1460.59
Current Y =1167.78
new S = 687.359
Current S passed in conversion module :687.359
Current d vector calculated :0.999989
Current S =687.359
Current X =1461.03
Current Y =1167.72
new S = 687.809
Current S passed in conversion module :687.809
Current d vector calculated :0.99999
Current S =687.809
Current X =1461.48
Current Y =1167.67
new S = 688.259
Current S passed in conversion module :688.259
Current d vector calculated :0.999991
Current S =688.259
Current X =1461.93
Current Y =1167.61
Previous Path size :43
dist increment = 0.5
end S = 688.25
43
new S = 688.25
Current S passed in conversion module :688.25
Current d vector calculated :0.999991
Current S =688.25
Current X =1461.92
Current Y =1167.61
new S = 688.701
Current S passed in conversion module :688.701
Current d vector calculated :0.999992
Current S =688.701
Current X =1462.37
Current Y =1167.56
new S = 689.15
Current S passed in conversion module :689.15
Current d vector calculated :0.999993
Current S =689.15
Current X =1462.81
Current Y =1167.5
new S = 689.601
Current S passed in conversion module :689.601
Current d vector calculated :0.999993
Current S =689.601
Current X =1463.26
Current Y =1167.44
new S = 690.05
Current S passed in conversion module :690.05
Current d vector calculated :0.999994
Current S =690.05
Current X =1463.71
Current Y =1167.39
new S = 690.5
Current S passed in conversion module :690.5
Current d vector calculated :0.999995
Current S =690.5
Current X =1464.15
Current Y =1167.33
new S = 690.951
Current S passed in conversion module :690.951
Current d vector calculated :0.999996
Current S =690.951
Current X =1464.6
Current Y =1167.27
Previous Path size :38
dist increment = 0.5
end S = 690.944
38
new S = 690.944
Current S passed in conversion module :690.944
Current d vector calculated :0.999996
Current S =690.944
Current X =1464.59
Current Y =1167.27
new S = 691.394
Current S passed in conversion module :691.394
Current d vector calculated :0.999997
Current S =691.394
Current X =1465.04
Current Y =1167.22
new S = 691.844
Current S passed in conversion module :691.844
Current d vector calculated :0.999998
Current S =691.844
Current X =1465.49
Current Y =1167.16
new S = 692.294
Current S passed in conversion module :692.294
Current d vector calculated :0.999999
Current S =692.294
Current X =1465.94
Current Y =1167.11
new S = 692.744
Current S passed in conversion module :692.744
Current d vector calculated :1
Current S =692.744
Current X =1466.38
Current Y =1167.05
new S = 693.194
Current S passed in conversion module :693.194
Current d vector calculated :1
Current S =693.194
Current X =1466.83
Current Y =1166.99
new S = 693.644
Current S passed in conversion module :693.644
Current d vector calculated :1
Current S =693.644
Current X =1467.28
Current Y =1166.94
new S = 694.094
Current S passed in conversion module :694.094
Current d vector calculated :1
Current S =694.094
Current X =1467.72
Current Y =1166.88
new S = 694.544
Current S passed in conversion module :694.544
Current d vector calculated :1.00001
Current S =694.544
Current X =1468.17
Current Y =1166.82
new S = 694.994
Current S passed in conversion module :694.994
Current d vector calculated :1.00001
Current S =694.994
Current X =1468.62
Current Y =1166.77
new S = 695.444
Current S passed in conversion module :695.444
Current d vector calculated :1.00001
Current S =695.444
Current X =1469.06
Current Y =1166.71
new S = 695.894
Current S passed in conversion module :695.894
Current d vector calculated :1.00001
Current S =695.894
Current X =1469.51
Current Y =1166.65
Previous Path size :45
dist increment = 0.5
end S = 695.905
45
new S = 695.905
Current S passed in conversion module :695.905
Current d vector calculated :1.00001
Current S =695.905
Current X =1469.52
Current Y =1166.65
new S = 696.355
Current S passed in conversion module :696.355
Current d vector calculated :1.00001
Current S =696.355
Current X =1469.97
Current Y =1166.59
new S = 696.805
Current S passed in conversion module :696.805
Current d vector calculated :1.00001
Current S =696.805
Current X =1470.42
Current Y =1166.54
new S = 697.255
Current S passed in conversion module :697.255
Current d vector calculated :1.00001
Current S =697.255
Current X =1470.86
Current Y =1166.48
new S = 697.705
Current S passed in conversion module :697.705
Current d vector calculated :1.00001
Current S =697.705
Current X =1471.31
Current Y =1166.42
Previous Path size :46
dist increment = 0.5
end S = 697.719
46
new S = 697.719
Current S passed in conversion module :697.719
Current d vector calculated :1.00001
Current S =697.719
Current X =1471.32
Current Y =1166.42
new S = 698.169
Current S passed in conversion module :698.169
Current d vector calculated :1.00002
Current S =698.169
Current X =1471.77
Current Y =1166.36
new S = 698.619
Current S passed in conversion module :698.619
Current d vector calculated :1.00002
Current S =698.619
Current X =1472.22
Current Y =1166.31
new S = 699.069
Current S passed in conversion module :699.069
Current d vector calculated :1.00002
Current S =699.069
Current X =1472.67
Current Y =1166.25
Previous Path size :43
dist increment = 0.5
end S = 699.085
43
new S = 699.085
Current S passed in conversion module :699.085
Current d vector calculated :1.00002
Current S =699.085
Current X =1472.68
Current Y =1166.25
new S = 699.535
Current S passed in conversion module :699.535
Current d vector calculated :1.00002
Current S =699.535
Current X =1473.13
Current Y =1166.19
new S = 699.985
Current S passed in conversion module :699.985
Current d vector calculated :1.00002
Current S =699.985
Current X =1473.58
Current Y =1166.13
new S = 700.435
Current S passed in conversion module :700.435
Current d vector calculated :1.00002
Current S =700.435
Current X =1474.02
Current Y =1166.08
new S = 700.885
Current S passed in conversion module :700.885
Current d vector calculated :1.00002
Current S =700.885
Current X =1474.47
Current Y =1166.02
new S = 701.335
Current S passed in conversion module :701.335
Current d vector calculated :1.00002
Current S =701.335
Current X =1474.92
Current Y =1165.96
new S = 701.785
Current S passed in conversion module :701.785
Current d vector calculated :1.00002
Current S =701.785
Current X =1475.36
Current Y =1165.91
Previous Path size :43
dist increment = 0.5
end S = 701.807
43
new S = 701.807
Current S passed in conversion module :701.807
Current d vector calculated :1.00002
Current S =701.807
Current X =1475.39
Current Y =1165.9
new S = 702.257
Current S passed in conversion module :702.257
Current d vector calculated :1.00002
Current S =702.257
Current X =1475.83
Current Y =1165.85
new S = 702.707
Current S passed in conversion module :702.707
Current d vector calculated :1.00003
Current S =702.707
Current X =1476.28
Current Y =1165.79
new S = 703.157
Current S passed in conversion module :703.157
Current d vector calculated :1.00003
Current S =703.157
Current X =1476.73
Current Y =1165.73
new S = 703.606
Current S passed in conversion module :703.606
Current d vector calculated :1.00003
Current S =703.606
Current X =1477.18
Current Y =1165.68
new S = 704.057
Current S passed in conversion module :704.057
Current d vector calculated :1.00003
Current S =704.057
Current X =1477.62
Current Y =1165.62
new S = 704.507
Current S passed in conversion module :704.507
Current d vector calculated :1.00003
Current S =704.507
Current X =1478.07
Current Y =1165.56
Previous Path size :43
dist increment = 0.5
end S = 704.534
43
new S = 704.534
Current S passed in conversion module :704.534
Current d vector calculated :1.00003
Current S =704.534
Current X =1478.1
Current Y =1165.56
new S = 704.984
Current S passed in conversion module :704.984
Current d vector calculated :1.00003
Current S =704.984
Current X =1478.55
Current Y =1165.5
new S = 705.434
Current S passed in conversion module :705.434
Current d vector calculated :1.00003
Current S =705.434
Current X =1478.99
Current Y =1165.45
new S = 705.884
Current S passed in conversion module :705.884
Current d vector calculated :1.00003
Current S =705.884
Current X =1479.44
Current Y =1165.39
new S = 706.334
Current S passed in conversion module :706.334
Current d vector calculated :1.00003
Current S =706.334
Current X =1479.89
Current Y =1165.33
new S = 706.784
Current S passed in conversion module :706.784
Current d vector calculated :1.00003
Current S =706.784
Current X =1480.34
Current Y =1165.27
new S = 707.234
Current S passed in conversion module :707.234
Current d vector calculated :1.00003
Current S =707.234
Current X =1480.78
Current Y =1165.22
Previous Path size :44
dist increment = 0.5
end S = 707.269
44
new S = 707.269
Current S passed in conversion module :707.269
Current d vector calculated :1.00003
Current S =707.269
Current X =1480.82
Current Y =1165.21
new S = 707.719
Current S passed in conversion module :707.719
Current d vector calculated :1.00003
Current S =707.719
Current X =1481.27
Current Y =1165.16
new S = 708.169
Current S passed in conversion module :708.169
Current d vector calculated :1.00003
Current S =708.169
Current X =1481.71
Current Y =1165.1
new S = 708.619
Current S passed in conversion module :708.619
Current d vector calculated :1.00003
Current S =708.619
Current X =1482.16
Current Y =1165.04
new S = 709.069
Current S passed in conversion module :709.069
Current d vector calculated :1.00003
Current S =709.069
Current X =1482.61
Current Y =1164.99
new S = 709.519
Current S passed in conversion module :709.519
Current d vector calculated :1.00003
Current S =709.519
Current X =1483.06
Current Y =1164.93
Previous Path size :44
dist increment = 0.5
end S = 709.561
44
new S = 709.561
Current S passed in conversion module :709.561
Current d vector calculated :1.00003
Current S =709.561
Current X =1483.1
Current Y =1164.92
new S = 710.011
Current S passed in conversion module :710.011
Current d vector calculated :1.00003
Current S =710.011
Current X =1483.55
Current Y =1164.87
new S = 710.461
Current S passed in conversion module :710.461
Current d vector calculated :1.00003
Current S =710.461
Current X =1483.99
Current Y =1164.81
new S = 710.911
Current S passed in conversion module :710.911
Current d vector calculated :1.00003
Current S =710.911
Current X =1484.44
Current Y =1164.75
new S = 711.361
Current S passed in conversion module :711.361
Current d vector calculated :1.00003
Current S =711.361
Current X =1484.89
Current Y =1164.7
new S = 711.811
Current S passed in conversion module :711.811
Current d vector calculated :1.00002
Current S =711.811
Current X =1485.34
Current Y =1164.64
Previous Path size :43
dist increment = 0.5
end S = 711.86
43
new S = 711.86
Current S passed in conversion module :711.86
Current d vector calculated :1.00002
Current S =711.86
Current X =1485.39
Current Y =1164.63
new S = 712.31
Current S passed in conversion module :712.31
Current d vector calculated :1.00002
Current S =712.31
Current X =1485.84
Current Y =1164.58
new S = 712.76
Current S passed in conversion module :712.76
Current d vector calculated :1.00002
Current S =712.76
Current X =1486.28
Current Y =1164.52
new S = 713.21
Current S passed in conversion module :713.21
Current d vector calculated :1.00002
Current S =713.21
Current X =1486.73
Current Y =1164.46
new S = 713.66
Current S passed in conversion module :713.66
Current d vector calculated :1.00002
Current S =713.66
Current X =1487.18
Current Y =1164.4
new S = 714.11
Current S passed in conversion module :714.11
Current d vector calculated :1.00002
Current S =714.11
Current X =1487.63
Current Y =1164.35
new S = 714.56
Current S passed in conversion module :714.56
Current d vector calculated :1.00002
Current S =714.56
Current X =1488.08
Current Y =1164.29
Previous Path size :44
dist increment = 0.5
end S = 714.62
44
new S = 714.62
Current S passed in conversion module :714.62
Current d vector calculated :1.00002
Current S =714.62
Current X =1488.14
Current Y =1164.28
new S = 715.07
Current S passed in conversion module :715.07
Current d vector calculated :1.00002
Current S =715.07
Current X =1488.58
Current Y =1164.23
new S = 715.52
Current S passed in conversion module :715.52
Current d vector calculated :1.00001
Current S =715.52
Current X =1489.03
Current Y =1164.17
new S = 715.97
Current S passed in conversion module :715.97
Current d vector calculated :1.00001
Current S =715.97
Current X =1489.48
Current Y =1164.11
new S = 716.42
Current S passed in conversion module :716.42
Current d vector calculated :1.00001
Current S =716.42
Current X =1489.93
Current Y =1164.05
new S = 716.87
Current S passed in conversion module :716.87
Current d vector calculated :1.00001
Current S =716.87
Current X =1490.38
Current Y =1164
Previous Path size :43
dist increment = 0.5
end S = 716.939
43
new S = 716.939
Current S passed in conversion module :716.939
Current d vector calculated :1.00001
Current S =716.939
Current X =1490.45
Current Y =1163.99
new S = 717.389
Current S passed in conversion module :717.389
Current d vector calculated :1.00001
Current S =717.389
Current X =1490.89
Current Y =1163.93
new S = 717.839
Current S passed in conversion module :717.839
Current d vector calculated :1
Current S =717.839
Current X =1491.34
Current Y =1163.87
new S = 718.289
Current S passed in conversion module :718.289
Current d vector calculated :1
Current S =718.289
Current X =1491.79
Current Y =1163.82
new S = 718.739
Current S passed in conversion module :718.739
Current d vector calculated :0.999999
Current S =718.739
Current X =1492.27
Current Y =1163.76
new S = 719.189
Current S passed in conversion module :719.189
Current d vector calculated :0.999996
Current S =719.189
Current X =1492.72
Current Y =1163.72
new S = 719.639
Current S passed in conversion module :719.639
Current d vector calculated :0.999994
Current S =719.639
Current X =1493.17
Current Y =1163.67
Previous Path size :43
dist increment = 0.5
end S = 719.746
43
new S = 719.746
Current S passed in conversion module :719.746
Current d vector calculated :0.999993
Current S =719.746
Current X =1493.27
Current Y =1163.66
new S = 720.196
Current S passed in conversion module :720.196
Current d vector calculated :0.999991
Current S =720.196
Current X =1493.72
Current Y =1163.62
new S = 720.646
Current S passed in conversion module :720.646
Current d vector calculated :0.999988
Current S =720.646
Current X =1494.17
Current Y =1163.57
new S = 721.096
Current S passed in conversion module :721.096
Current d vector calculated :0.999986
Current S =721.096
Current X =1494.62
Current Y =1163.52
new S = 721.546
Current S passed in conversion module :721.546
Current d vector calculated :0.999983
Current S =721.546
Current X =1495.07
Current Y =1163.48
new S = 721.996
Current S passed in conversion module :721.996
Current d vector calculated :0.999981
Current S =721.996
Current X =1495.52
Current Y =1163.43
new S = 722.446
Current S passed in conversion module :722.446
Current d vector calculated :0.999978
Current S =722.446
Current X =1495.97
Current Y =1163.39
Previous Path size :44
dist increment = 0.5
end S = 722.567
44
new S = 722.567
Current S passed in conversion module :722.567
Current d vector calculated :0.999978
Current S =722.567
Current X =1496.09
Current Y =1163.37
new S = 723.017
Current S passed in conversion module :723.017
Current d vector calculated :0.999975
Current S =723.017
Current X =1496.54
Current Y =1163.33
new S = 723.467
Current S passed in conversion module :723.467
Current d vector calculated :0.999973
Current S =723.467
Current X =1496.99
Current Y =1163.28
new S = 723.917
Current S passed in conversion module :723.917
Current d vector calculated :0.999971
Current S =723.917
Current X =1497.44
Current Y =1163.24
new S = 724.367
Current S passed in conversion module :724.367
Current d vector calculated :0.999969
Current S =724.367
Current X =1497.89
Current Y =1163.19
new S = 724.817
Current S passed in conversion module :724.817
Current d vector calculated :0.999966
Current S =724.817
Current X =1498.34
Current Y =1163.15
Previous Path size :44
dist increment = 0.5
end S = 724.778
44
new S = 724.778
Current S passed in conversion module :724.778
Current d vector calculated :0.999967
Current S =724.778
Current X =1498.31
Current Y =1163.15
new S = 725.228
Current S passed in conversion module :725.228
Current d vector calculated :0.999965
Current S =725.228
Current X =1498.76
Current Y =1163.1
new S = 725.678
Current S passed in conversion module :725.678
Current d vector calculated :0.999963
Current S =725.678
Current X =1499.21
Current Y =1163.06
new S = 726.128
Current S passed in conversion module :726.128
Current d vector calculated :0.999961
Current S =726.128
Current X =1499.66
Current Y =1163.01
new S = 726.577
Current S passed in conversion module :726.577
Current d vector calculated :0.999959
Current S =726.577
Current X =1500.11
Current Y =1162.97
new S = 727.028
Current S passed in conversion module :727.028
Current d vector calculated :0.999957
Current S =727.028
Current X =1500.56
Current Y =1162.92
Previous Path size :43
dist increment = 0.5
end S = 727.002
43
new S = 727.002
Current S passed in conversion module :727.002
Current d vector calculated :0.999957
Current S =727.002
Current X =1500.53
Current Y =1162.92
new S = 727.452
Current S passed in conversion module :727.452
Current d vector calculated :0.999956
Current S =727.452
Current X =1500.98
Current Y =1162.88
new S = 727.902
Current S passed in conversion module :727.902
Current d vector calculated :0.999955
Current S =727.902
Current X =1501.43
Current Y =1162.83
new S = 728.352
Current S passed in conversion module :728.352
Current d vector calculated :0.999953
Current S =728.352
Current X =1501.88
Current Y =1162.78
new S = 728.802
Current S passed in conversion module :728.802
Current d vector calculated :0.999952
Current S =728.802
Current X =1502.33
Current Y =1162.74
new S = 729.252
Current S passed in conversion module :729.252
Current d vector calculated :0.999951
Current S =729.252
Current X =1502.78
Current Y =1162.69
new S = 729.702
Current S passed in conversion module :729.702
Current d vector calculated :0.99995
Current S =729.702
Current X =1503.23
Current Y =1162.65
Previous Path size :44
dist increment = 0.5
end S = 729.693
44
new S = 729.693
Current S passed in conversion module :729.693
Current d vector calculated :0.99995
Current S =729.693
Current X =1503.22
Current Y =1162.65
new S = 730.143
Current S passed in conversion module :730.143
Current d vector calculated :0.99995
Current S =730.143
Current X =1503.67
Current Y =1162.6
new S = 730.593
Current S passed in conversion module :730.593
Current d vector calculated :0.999949
Current S =730.593
Current X =1504.13
Current Y =1162.56
new S = 731.043
Current S passed in conversion module :731.043
Current d vector calculated :0.999949
Current S =731.043
Current X =1504.58
Current Y =1162.51
new S = 731.493
Current S passed in conversion module :731.493
Current d vector calculated :0.999949
Current S =731.493
Current X =1505.03
Current Y =1162.46
new S = 731.943
Current S passed in conversion module :731.943
Current d vector calculated :0.999949
Current S =731.943
Current X =1505.48
Current Y =1162.42
Previous Path size :43
dist increment = 0.5
end S = 731.947
43
new S = 731.947
Current S passed in conversion module :731.947
Current d vector calculated :0.999949
Current S =731.947
Current X =1505.48
Current Y =1162.42
new S = 732.397
Current S passed in conversion module :732.397
Current d vector calculated :0.999949
Current S =732.397
Current X =1505.93
Current Y =1162.37
new S = 732.847
Current S passed in conversion module :732.847
Current d vector calculated :0.999949
Current S =732.847
Current X =1506.38
Current Y =1162.33
new S = 733.297
Current S passed in conversion module :733.297
Current d vector calculated :0.999949
Current S =733.297
Current X =1506.83
Current Y =1162.28
new S = 733.747
Current S passed in conversion module :733.747
Current d vector calculated :0.99995
Current S =733.747
Current X =1507.28
Current Y =1162.23
new S = 734.197
Current S passed in conversion module :734.197
Current d vector calculated :0.99995
Current S =734.197
Current X =1507.73
Current Y =1162.19
new S = 734.647
Current S passed in conversion module :734.647
Current d vector calculated :0.999951
Current S =734.647
Current X =1508.18
Current Y =1162.14
Previous Path size :44
dist increment = 0.5
end S = 734.668
44
new S = 734.668
Current S passed in conversion module :734.668
Current d vector calculated :0.999951
Current S =734.668
Current X =1508.2
Current Y =1162.14
new S = 735.118
Current S passed in conversion module :735.118
Current d vector calculated :0.999952
Current S =735.118
Current X =1508.65
Current Y =1162.09
new S = 735.568
Current S passed in conversion module :735.568
Current d vector calculated :0.999953
Current S =735.568
Current X =1509.11
Current Y =1162.05
new S = 736.018
Current S passed in conversion module :736.018
Current d vector calculated :0.999955
Current S =736.018
Current X =1509.56
Current Y =1162
new S = 736.468
Current S passed in conversion module :736.468
Current d vector calculated :0.999956
Current S =736.468
Current X =1510.01
Current Y =1161.96
new S = 736.918
Current S passed in conversion module :736.918
Current d vector calculated :0.999957
Current S =736.918
Current X =1510.46
Current Y =1161.91
Previous Path size :43
dist increment = 0.5
end S = 736.952
43
new S = 736.952
Current S passed in conversion module :736.952
Current d vector calculated :0.999958
Current S =736.952
Current X =1510.49
Current Y =1161.91
new S = 737.402
Current S passed in conversion module :737.402
Current d vector calculated :0.999959
Current S =737.402
Current X =1510.94
Current Y =1161.86
new S = 737.852
Current S passed in conversion module :737.852
Current d vector calculated :0.999961
Current S =737.852
Current X =1511.39
Current Y =1161.82
new S = 738.302
Current S passed in conversion module :738.302
Current d vector calculated :0.999963
Current S =738.302
Current X =1511.84
Current Y =1161.77
new S = 738.752
Current S passed in conversion module :738.752
Current d vector calculated :0.999965
Current S =738.752
Current X =1512.29
Current Y =1161.72
new S = 739.202
Current S passed in conversion module :739.202
Current d vector calculated :0.999967
Current S =739.202
Current X =1512.74
Current Y =1161.68
new S = 739.652
Current S passed in conversion module :739.652
Current d vector calculated :0.999969
Current S =739.652
Current X =1513.19
Current Y =1161.63
Previous Path size :43
dist increment = 0.5
end S = 739.7
43
new S = 739.7
Current S passed in conversion module :739.7
Current d vector calculated :0.999969
Current S =739.7
Current X =1513.24
Current Y =1161.63
new S = 740.15
Current S passed in conversion module :740.15
Current d vector calculated :0.999971
Current S =740.15
Current X =1513.69
Current Y =1161.58
new S = 740.6
Current S passed in conversion module :740.6
Current d vector calculated :0.999973
Current S =740.6
Current X =1514.14
Current Y =1161.54
new S = 741.05
Current S passed in conversion module :741.05
Current d vector calculated :0.999976
Current S =741.05
Current X =1514.59
Current Y =1161.49
new S = 741.5
Current S passed in conversion module :741.5
Current d vector calculated :0.999978
Current S =741.5
Current X =1515.04
Current Y =1161.44
new S = 741.95
Current S passed in conversion module :741.95
Current d vector calculated :0.99998
Current S =741.95
Current X =1515.49
Current Y =1161.4
new S = 742.4
Current S passed in conversion module :742.4
Current d vector calculated :0.999983
Current S =742.4
Current X =1515.94
Current Y =1161.35
Previous Path size :43
dist increment = 0.5
end S = 742.463
43
new S = 742.463
Current S passed in conversion module :742.463
Current d vector calculated :0.999983
Current S =742.463
Current X =1516
Current Y =1161.35
new S = 742.913
Current S passed in conversion module :742.913
Current d vector calculated :0.999986
Current S =742.913
Current X =1516.45
Current Y =1161.3
new S = 743.363
Current S passed in conversion module :743.363
Current d vector calculated :0.999988
Current S =743.363
Current X =1516.9
Current Y =1161.25
new S = 743.813
Current S passed in conversion module :743.813
Current d vector calculated :0.99999
Current S =743.813
Current X =1517.35
Current Y =1161.21
new S = 744.263
Current S passed in conversion module :744.263
Current d vector calculated :0.999993
Current S =744.263
Current X =1517.8
Current Y =1161.16
new S = 744.713
Current S passed in conversion module :744.713
Current d vector calculated :0.999995
Current S =744.713
Current X =1518.25
Current Y =1161.12
new S = 745.163
Current S passed in conversion module :745.163
Current d vector calculated :0.999998
Current S =745.163
Current X =1518.7
Current Y =1161.07
Previous Path size :43
dist increment = 0.5
end S = 745.236
43
new S = 745.236
Current S passed in conversion module :745.236
Current d vector calculated :0.999998
Current S =745.236
Current X =1518.77
Current Y =1161.06
new S = 745.686
Current S passed in conversion module :745.686
Current d vector calculated :1
Current S =745.686
Current X =1519.25
Current Y =1161.02
new S = 746.136
Current S passed in conversion module :746.136
Current d vector calculated :1
Current S =746.136
Current X =1519.7
Current Y =1160.98
new S = 746.586
Current S passed in conversion module :746.586
Current d vector calculated :1
Current S =746.586
Current X =1520.15
Current Y =1160.95
new S = 747.036
Current S passed in conversion module :747.036
Current d vector calculated :1.00001
Current S =747.036
Current X =1520.6
Current Y =1160.91
new S = 747.486
Current S passed in conversion module :747.486
Current d vector calculated :1.00001
Current S =747.486
Current X =1521.05
Current Y =1160.88
new S = 747.936
Current S passed in conversion module :747.936
Current d vector calculated :1.00001
Current S =747.936
Current X =1521.5
Current Y =1160.84
Previous Path size :43
dist increment = 0.5
end S = 748.043
43
new S = 748.043
Current S passed in conversion module :748.043
Current d vector calculated :1.00001
Current S =748.043
Current X =1521.6
Current Y =1160.84
new S = 748.493
Current S passed in conversion module :748.493
Current d vector calculated :1.00001
Current S =748.493
Current X =1522.05
Current Y =1160.8
new S = 748.943
Current S passed in conversion module :748.943
Current d vector calculated :1.00002
Current S =748.943
Current X =1522.5
Current Y =1160.77
new S = 749.393
Current S passed in conversion module :749.393
Current d vector calculated :1.00002
Current S =749.393
Current X =1522.95
Current Y =1160.73
new S = 749.843
Current S passed in conversion module :749.843
Current d vector calculated :1.00002
Current S =749.843
Current X =1523.4
Current Y =1160.7
new S = 750.293
Current S passed in conversion module :750.293
Current d vector calculated :1.00002
Current S =750.293
Current X =1523.85
Current Y =1160.66
new S = 750.743
Current S passed in conversion module :750.743
Current d vector calculated :1.00002
Current S =750.743
Current X =1524.3
Current Y =1160.63
Previous Path size :43
dist increment = 0.5
end S = 750.682
43
new S = 750.682
Current S passed in conversion module :750.682
Current d vector calculated :1.00002
Current S =750.682
Current X =1524.24
Current Y =1160.63
new S = 751.132
Current S passed in conversion module :751.132
Current d vector calculated :1.00002
Current S =751.132
Current X =1524.69
Current Y =1160.6
new S = 751.582
Current S passed in conversion module :751.582
Current d vector calculated :1.00002
Current S =751.582
Current X =1525.14
Current Y =1160.57
new S = 752.032
Current S passed in conversion module :752.032
Current d vector calculated :1.00003
Current S =752.032
Current X =1525.59
Current Y =1160.53
new S = 752.482
Current S passed in conversion module :752.482
Current d vector calculated :1.00003
Current S =752.482
Current X =1526.04
Current Y =1160.5
new S = 752.932
Current S passed in conversion module :752.932
Current d vector calculated :1.00003
Current S =752.932
Current X =1526.49
Current Y =1160.46
new S = 753.382
Current S passed in conversion module :753.382
Current d vector calculated :1.00003
Current S =753.382
Current X =1526.94
Current Y =1160.43
Previous Path size :43
dist increment = 0.5
end S = 753.327
43
new S = 753.327
Current S passed in conversion module :753.327
Current d vector calculated :1.00003
Current S =753.327
Current X =1526.88
Current Y =1160.43
new S = 753.777
Current S passed in conversion module :753.777
Current d vector calculated :1.00003
Current S =753.777
Current X =1527.33
Current Y =1160.4
new S = 754.227
Current S passed in conversion module :754.227
Current d vector calculated :1.00003
Current S =754.227
Current X =1527.78
Current Y =1160.36
new S = 754.677
Current S passed in conversion module :754.677
Current d vector calculated :1.00003
Current S =754.677
Current X =1528.23
Current Y =1160.33
new S = 755.127
Current S passed in conversion module :755.127
Current d vector calculated :1.00003
Current S =755.127
Current X =1528.68
Current Y =1160.29
new S = 755.577
Current S passed in conversion module :755.577
Current d vector calculated :1.00003
Current S =755.577
Current X =1529.13
Current Y =1160.26
new S = 756.027
Current S passed in conversion module :756.027
Current d vector calculated :1.00003
Current S =756.027
Current X =1529.58
Current Y =1160.23
Previous Path size :43
dist increment = 0.5
end S = 755.975
43
new S = 755.975
Current S passed in conversion module :755.975
Current d vector calculated :1.00003
Current S =755.975
Current X =1529.53
Current Y =1160.23
new S = 756.425
Current S passed in conversion module :756.425
Current d vector calculated :1.00003
Current S =756.425
Current X =1529.98
Current Y =1160.2
new S = 756.875
Current S passed in conversion module :756.875
Current d vector calculated :1.00003
Current S =756.875
Current X =1530.43
Current Y =1160.16
new S = 757.325
Current S passed in conversion module :757.325
Current d vector calculated :1.00003
Current S =757.325
Current X =1530.87
Current Y =1160.13
new S = 757.775
Current S passed in conversion module :757.775
Current d vector calculated :1.00003
Current S =757.775
Current X =1531.32
Current Y =1160.09
new S = 758.225
Current S passed in conversion module :758.225
Current d vector calculated :1.00003
Current S =758.225
Current X =1531.77
Current Y =1160.06
new S = 758.675
Current S passed in conversion module :758.675
Current d vector calculated :1.00003
Current S =758.675
Current X =1532.22
Current Y =1160.02
Previous Path size :43
dist increment = 0.5
end S = 758.626
43
new S = 758.626
Current S passed in conversion module :758.626
Current d vector calculated :1.00003
Current S =758.626
Current X =1532.17
Current Y =1160.03
new S = 759.076
Current S passed in conversion module :759.076
Current d vector calculated :1.00003
Current S =759.076
Current X =1532.62
Current Y =1159.99
new S = 759.526
Current S passed in conversion module :759.526
Current d vector calculated :1.00003
Current S =759.526
Current X =1533.07
Current Y =1159.96
new S = 759.976
Current S passed in conversion module :759.976
Current d vector calculated :1.00003
Current S =759.976
Current X =1533.52
Current Y =1159.92
new S = 760.426
Current S passed in conversion module :760.426
Current d vector calculated :1.00003
Current S =760.426
Current X =1533.97
Current Y =1159.89
new S = 760.876
Current S passed in conversion module :760.876
Current d vector calculated :1.00003
Current S =760.876
Current X =1534.42
Current Y =1159.86
new S = 761.326
Current S passed in conversion module :761.326
Current d vector calculated :1.00003
Current S =761.326
Current X =1534.87
Current Y =1159.82
Previous Path size :43
dist increment = 0.5
end S = 761.278
43
new S = 761.278
Current S passed in conversion module :761.278
Current d vector calculated :1.00003
Current S =761.278
Current X =1534.82
Current Y =1159.82
new S = 761.728
Current S passed in conversion module :761.728
Current d vector calculated :1.00003
Current S =761.728
Current X =1535.27
Current Y =1159.79
new S = 762.178
Current S passed in conversion module :762.178
Current d vector calculated :1.00003
Current S =762.178
Current X =1535.72
Current Y =1159.76
new S = 762.628
Current S passed in conversion module :762.628
Current d vector calculated :1.00003
Current S =762.628
Current X =1536.17
Current Y =1159.72
new S = 763.078
Current S passed in conversion module :763.078
Current d vector calculated :1.00003
Current S =763.078
Current X =1536.62
Current Y =1159.69
new S = 763.528
Current S passed in conversion module :763.528
Current d vector calculated :1.00002
Current S =763.528
Current X =1537.06
Current Y =1159.65
new S = 763.978
Current S passed in conversion module :763.978
Current d vector calculated :1.00002
Current S =763.978
Current X =1537.51
Current Y =1159.62
Previous Path size :43
dist increment = 0.5
end S = 763.932
43
new S = 763.932
Current S passed in conversion module :763.932
Current d vector calculated :1.00002
Current S =763.932
Current X =1537.47
Current Y =1159.62
new S = 764.382
Current S passed in conversion module :764.382
Current d vector calculated :1.00002
Current S =764.382
Current X =1537.92
Current Y =1159.59
new S = 764.832
Current S passed in conversion module :764.832
Current d vector calculated :1.00002
Current S =764.832
Current X =1538.36
Current Y =1159.55
new S = 765.282
Current S passed in conversion module :765.282
Current d vector calculated :1.00002
Current S =765.282
Current X =1538.81
Current Y =1159.52
new S = 765.732
Current S passed in conversion module :765.732
Current d vector calculated :1.00002
Current S =765.732
Current X =1539.26
Current Y =1159.48
new S = 766.182
Current S passed in conversion module :766.182
Current d vector calculated :1.00002
Current S =766.182
Current X =1539.71
Current Y =1159.45
new S = 766.632
Current S passed in conversion module :766.632
Current d vector calculated :1.00002
Current S =766.632
Current X =1540.16
Current Y =1159.42
Previous Path size :42
dist increment = 0.5
end S = 766.587
42
new S = 766.587
Current S passed in conversion module :766.587
Current d vector calculated :1.00002
Current S =766.587
Current X =1540.11
Current Y =1159.42
new S = 767.037
Current S passed in conversion module :767.037
Current d vector calculated :1.00002
Current S =767.037
Current X =1540.56
Current Y =1159.38
new S = 767.487
Current S passed in conversion module :767.487
Current d vector calculated :1.00001
Current S =767.487
Current X =1541.01
Current Y =1159.35
new S = 767.937
Current S passed in conversion module :767.937
Current d vector calculated :1.00001
Current S =767.937
Current X =1541.46
Current Y =1159.32
new S = 768.387
Current S passed in conversion module :768.387
Current d vector calculated :1.00001
Current S =768.387
Current X =1541.91
Current Y =1159.28
new S = 768.837
Current S passed in conversion module :768.837
Current d vector calculated :1.00001
Current S =768.837
Current X =1542.36
Current Y =1159.25
new S = 769.287
Current S passed in conversion module :769.287
Current d vector calculated :1.00001
Current S =769.287
Current X =1542.81
Current Y =1159.21
new S = 769.737
Current S passed in conversion module :769.737
Current d vector calculated :1.00001
Current S =769.737
Current X =1543.26
Current Y =1159.18
Previous Path size :43
dist increment = 0.5
end S = 769.693
43
new S = 769.693
Current S passed in conversion module :769.693
Current d vector calculated :1.00001
Current S =769.693
Current X =1543.21
Current Y =1159.18
new S = 770.143
Current S passed in conversion module :770.143
Current d vector calculated :1.00001
Current S =770.143
Current X =1543.66
Current Y =1159.15
new S = 770.593
Current S passed in conversion module :770.593
Current d vector calculated :1.00001
Current S =770.593
Current X =1544.11
Current Y =1159.11
new S = 771.043
Current S passed in conversion module :771.043
Current d vector calculated :1
Current S =771.043
Current X =1544.56
Current Y =1159.08
new S = 771.493
Current S passed in conversion module :771.493
Current d vector calculated :1
Current S =771.493
Current X =1545.01
Current Y =1159.04
new S = 771.943
Current S passed in conversion module :771.943
Current d vector calculated :1
Current S =771.943
Current X =1545.46
Current Y =1159.01
new S = 772.393
Current S passed in conversion module :772.393
Current d vector calculated :1
Current S =772.393
Current X =1545.91
Current Y =1158.98
Previous Path size :43
dist increment = 0.5
end S = 772.35
43
new S = 772.35
Current S passed in conversion module :772.35
Current d vector calculated :1
Current S =772.35
Current X =1545.86
Current Y =1158.98
new S = 772.8
Current S passed in conversion module :772.8
Current d vector calculated :1
Current S =772.8
Current X =1546.3
Current Y =1158.94
new S = 773.25
Current S passed in conversion module :773.25
Current d vector calculated :0.999998
Current S =773.25
Current X =1546.75
Current Y =1158.9
new S = 773.7
Current S passed in conversion module :773.7
Current d vector calculated :0.999997
Current S =773.7
Current X =1547.19
Current Y =1158.86
new S = 774.15
Current S passed in conversion module :774.15
Current d vector calculated :0.999996
Current S =774.15
Current X =1547.64
Current Y =1158.82
new S = 774.6
Current S passed in conversion module :774.6
Current d vector calculated :0.999995
Current S =774.6
Current X =1548.09
Current Y =1158.78
new S = 775.05
Current S passed in conversion module :775.05
Current d vector calculated :0.999994
Current S =775.05
Current X =1548.54
Current Y =1158.74
Previous Path size :42
dist increment = 0.5
end S = 774.994
42
new S = 774.994
Current S passed in conversion module :774.994
Current d vector calculated :0.999994
Current S =774.994
Current X =1548.48
Current Y =1158.74
new S = 775.444
Current S passed in conversion module :775.444
Current d vector calculated :0.999993
Current S =775.444
Current X =1548.93
Current Y =1158.7
new S = 775.894
Current S passed in conversion module :775.894
Current d vector calculated :0.999992
Current S =775.894
Current X =1549.38
Current Y =1158.66
new S = 776.344
Current S passed in conversion module :776.344
Current d vector calculated :0.999991
Current S =776.344
Current X =1549.83
Current Y =1158.62
new S = 776.794
Current S passed in conversion module :776.794
Current d vector calculated :0.99999
Current S =776.794
Current X =1550.28
Current Y =1158.58
new S = 777.244
Current S passed in conversion module :777.244
Current d vector calculated :0.999989
Current S =777.244
Current X =1550.73
Current Y =1158.54
new S = 777.694
Current S passed in conversion module :777.694
Current d vector calculated :0.999988
Current S =777.694
Current X =1551.18
Current Y =1158.5
new S = 778.144
Current S passed in conversion module :778.144
Current d vector calculated :0.999987
Current S =778.144
Current X =1551.62
Current Y =1158.46
Previous Path size :42
dist increment = 0.5
end S = 778.193
42
new S = 778.193
Current S passed in conversion module :778.193
Current d vector calculated :0.999987
Current S =778.193
Current X =1551.67
Current Y =1158.45
new S = 778.644
Current S passed in conversion module :778.644
Current d vector calculated :0.999986
Current S =778.644
Current X =1552.12
Current Y =1158.41
new S = 779.093
Current S passed in conversion module :779.093
Current d vector calculated :0.999985
Current S =779.093
Current X =1552.57
Current Y =1158.37
new S = 779.543
Current S passed in conversion module :779.543
Current d vector calculated :0.999984
Current S =779.543
Current X =1553.02
Current Y =1158.33
new S = 779.993
Current S passed in conversion module :779.993
Current d vector calculated :0.999984
Current S =779.993
Current X =1553.47
Current Y =1158.29
new S = 780.443
Current S passed in conversion module :780.443
Current d vector calculated :0.999983
Current S =780.443
Current X =1553.92
Current Y =1158.25
new S = 780.894
Current S passed in conversion module :780.894
Current d vector calculated :0.999982
Current S =780.894
Current X =1554.37
Current Y =1158.21
new S = 781.343
Current S passed in conversion module :781.343
Current d vector calculated :0.999982
Current S =781.343
Current X =1554.81
Current Y =1158.17
Previous Path size :42
dist increment = 0.5
end S = 781.398
42
new S = 781.398
Current S passed in conversion module :781.398
Current d vector calculated :0.999982
Current S =781.398
Current X =1554.87
Current Y =1158.16
new S = 781.848
Current S passed in conversion module :781.848
Current d vector calculated :0.999981
Current S =781.848
Current X =1555.32
Current Y =1158.12
new S = 782.298
Current S passed in conversion module :782.298
Current d vector calculated :0.999981
Current S =782.298
Current X =1555.77
Current Y =1158.08
new S = 782.748
Current S passed in conversion module :782.748
Current d vector calculated :0.99998
Current S =782.748
Current X =1556.22
Current Y =1158.04
new S = 783.198
Current S passed in conversion module :783.198
Current d vector calculated :0.99998
Current S =783.198
Current X =1556.66
Current Y =1158
new S = 783.648
Current S passed in conversion module :783.648
Current d vector calculated :0.999979
Current S =783.648
Current X =1557.11
Current Y =1157.96
new S = 784.098
Current S passed in conversion module :784.098
Current d vector calculated :0.999979
Current S =784.098
Current X =1557.56
Current Y =1157.92
new S = 784.548
Current S passed in conversion module :784.548
Current d vector calculated :0.999979
Current S =784.548
Current X =1558.01
Current Y =1157.88
Previous Path size :42
dist increment = 0.5
end S = 784.606
42
new S = 784.606
Current S passed in conversion module :784.606
Current d vector calculated :0.999979
Current S =784.606
Current X =1558.07
Current Y =1157.87
new S = 785.056
Current S passed in conversion module :785.056
Current d vector calculated :0.999978
Current S =785.056
Current X =1558.52
Current Y =1157.83
new S = 785.506
Current S passed in conversion module :785.506
Current d vector calculated :0.999978
Current S =785.506
Current X =1558.97
Current Y =1157.79
new S = 785.956
Current S passed in conversion module :785.956
Current d vector calculated :0.999978
Current S =785.956
Current X =1559.42
Current Y =1157.75
new S = 786.406
Current S passed in conversion module :786.406
Current d vector calculated :0.999978
Current S =786.406
Current X =1559.86
Current Y =1157.71
new S = 786.856
Current S passed in conversion module :786.856
Current d vector calculated :0.999978
Current S =786.856
Current X =1560.31
Current Y =1157.66
new S = 787.306
Current S passed in conversion module :787.306
Current d vector calculated :0.999978
Current S =787.306
Current X =1560.76
Current Y =1157.62
new S = 787.756
Current S passed in conversion module :787.756
Current d vector calculated :0.999978
Current S =787.756
Current X =1561.21
Current Y =1157.58
Previous Path size :42
dist increment = 0.5
end S = 787.82
42
new S = 787.82
Current S passed in conversion module :787.82
Current d vector calculated :0.999978
Current S =787.82
Current X =1561.28
Current Y =1157.58
new S = 788.27
Current S passed in conversion module :788.27
Current d vector calculated :0.999978
Current S =788.27
Current X =1561.72
Current Y =1157.54
new S = 788.72
Current S passed in conversion module :788.72
Current d vector calculated :0.999978
Current S =788.72
Current X =1562.17
Current Y =1157.5
new S = 789.17
Current S passed in conversion module :789.17
Current d vector calculated :0.999979
Current S =789.17
Current X =1562.62
Current Y =1157.45
new S = 789.62
Current S passed in conversion module :789.62
Current d vector calculated :0.999979
Current S =789.62
Current X =1563.07
Current Y =1157.41
new S = 790.07
Current S passed in conversion module :790.07
Current d vector calculated :0.99998
Current S =790.07
Current X =1563.52
Current Y =1157.37
new S = 790.52
Current S passed in conversion module :790.52
Current d vector calculated :0.99998
Current S =790.52
Current X =1563.97
Current Y =1157.33
new S = 790.97
Current S passed in conversion module :790.97
Current d vector calculated :0.999981
Current S =790.97
Current X =1564.42
Current Y =1157.29
Previous Path size :42
dist increment = 0.5
end S = 791.041
42
new S = 791.041
Current S passed in conversion module :791.041
Current d vector calculated :0.999981
Current S =791.041
Current X =1564.49
Current Y =1157.28
new S = 791.491
Current S passed in conversion module :791.491
Current d vector calculated :0.999981
Current S =791.491
Current X =1564.94
Current Y =1157.24
new S = 791.941
Current S passed in conversion module :791.941
Current d vector calculated :0.999982
Current S =791.941
Current X =1565.39
Current Y =1157.2
new S = 792.391
Current S passed in conversion module :792.391
Current d vector calculated :0.999983
Current S =792.391
Current X =1565.84
Current Y =1157.16
new S = 792.841
Current S passed in conversion module :792.841
Current d vector calculated :0.999984
Current S =792.841
Current X =1566.28
Current Y =1157.12
new S = 793.291
Current S passed in conversion module :793.291
Current d vector calculated :0.999985
Current S =793.291
Current X =1566.73
Current Y =1157.08
new S = 793.741
Current S passed in conversion module :793.741
Current d vector calculated :0.999986
Current S =793.741
Current X =1567.18
Current Y =1157.04
new S = 794.191
Current S passed in conversion module :794.191
Current d vector calculated :0.999987
Current S =794.191
Current X =1567.63
Current Y =1157
Previous Path size :42
dist increment = 0.5
end S = 794.268
42
new S = 794.268
Current S passed in conversion module :794.268
Current d vector calculated :0.999987
Current S =794.268
Current X =1567.71
Current Y =1156.99
new S = 794.718
Current S passed in conversion module :794.718
Current d vector calculated :0.999988
Current S =794.718
Current X =1568.16
Current Y =1156.95
new S = 795.168
Current S passed in conversion module :795.168
Current d vector calculated :0.999989
Current S =795.168
Current X =1568.61
Current Y =1156.91
new S = 795.618
Current S passed in conversion module :795.618
Current d vector calculated :0.99999
Current S =795.618
Current X =1569.06
Current Y =1156.87
new S = 796.068
Current S passed in conversion module :796.068
Current d vector calculated :0.999992
Current S =796.068
Current X =1569.51
Current Y =1156.83
new S = 796.518
Current S passed in conversion module :796.518
Current d vector calculated :0.999993
Current S =796.518
Current X =1569.95
Current Y =1156.78
new S = 796.968
Current S passed in conversion module :796.968
Current d vector calculated :0.999995
Current S =796.968
Current X =1570.4
Current Y =1156.74
new S = 797.418
Current S passed in conversion module :797.418
Current d vector calculated :0.999996
Current S =797.418
Current X =1570.85
Current Y =1156.7
Previous Path size :43
dist increment = 0.5
end S = 797.502
43
new S = 797.502
Current S passed in conversion module :797.502
Current d vector calculated :0.999997
Current S =797.502
Current X =1570.94
Current Y =1156.7
new S = 797.952
Current S passed in conversion module :797.952
Current d vector calculated :0.999999
Current S =797.952
Current X =1571.39
Current Y =1156.65
new S = 798.402
Current S passed in conversion module :798.402
Current d vector calculated :1
Current S =798.402
Current X =1571.86
Current Y =1156.61
new S = 798.852
Current S passed in conversion module :798.852
Current d vector calculated :1
Current S =798.852
Current X =1572.31
Current Y =1156.58
new S = 799.302
Current S passed in conversion module :799.302
Current d vector calculated :1
Current S =799.302
Current X =1572.76
Current Y =1156.56
new S = 799.752
Current S passed in conversion module :799.752
Current d vector calculated :1.00001
Current S =799.752
Current X =1573.21
Current Y =1156.53
new S = 800.202
Current S passed in conversion module :800.202
Current d vector calculated :1.00001
Current S =800.202
Current X =1573.66
Current Y =1156.5
Previous Path size :42
dist increment = 0.5
end S = 800.321
42
new S = 800.321
Current S passed in conversion module :800.321
Current d vector calculated :1.00001
Current S =800.321
Current X =1573.78
Current Y =1156.49
new S = 800.771
Current S passed in conversion module :800.771
Current d vector calculated :1.00001
Current S =800.771
Current X =1574.23
Current Y =1156.46
new S = 801.221
Current S passed in conversion module :801.221
Current d vector calculated :1.00001
Current S =801.221
Current X =1574.68
Current Y =1156.44
new S = 801.671
Current S passed in conversion module :801.671
Current d vector calculated :1.00002
Current S =801.671
Current X =1575.13
Current Y =1156.41
new S = 802.121
Current S passed in conversion module :802.121
Current d vector calculated :1.00002
Current S =802.121
Current X =1575.58
Current Y =1156.38
new S = 802.571
Current S passed in conversion module :802.571
Current d vector calculated :1.00002
Current S =802.571
Current X =1576.03
Current Y =1156.35
new S = 803.021
Current S passed in conversion module :803.021
Current d vector calculated :1.00002
Current S =803.021
Current X =1576.48
Current Y =1156.32
new S = 803.471
Current S passed in conversion module :803.471
Current d vector calculated :1.00002
Current S =803.471
Current X =1576.93
Current Y =1156.3
Previous Path size :42
dist increment = 0.5
end S = 803.398
42
new S = 803.398
Current S passed in conversion module :803.398
Current d vector calculated :1.00002
Current S =803.398
Current X =1576.86
Current Y =1156.3
new S = 803.848
Current S passed in conversion module :803.848
Current d vector calculated :1.00003
Current S =803.848
Current X =1577.31
Current Y =1156.27
new S = 804.298
Current S passed in conversion module :804.298
Current d vector calculated :1.00003
Current S =804.298
Current X =1577.76
Current Y =1156.24
new S = 804.748
Current S passed in conversion module :804.748
Current d vector calculated :1.00003
Current S =804.748
Current X =1578.21
Current Y =1156.22
new S = 805.198
Current S passed in conversion module :805.198
Current d vector calculated :1.00003
Current S =805.198
Current X =1578.66
Current Y =1156.19
new S = 805.648
Current S passed in conversion module :805.648
Current d vector calculated :1.00004
Current S =805.648
Current X =1579.11
Current Y =1156.16
new S = 806.098
Current S passed in conversion module :806.098
Current d vector calculated :1.00004
Current S =806.098
Current X =1579.56
Current Y =1156.13
new S = 806.548
Current S passed in conversion module :806.548
Current d vector calculated :1.00004
Current S =806.548
Current X =1580.01
Current Y =1156.1
Previous Path size :43
dist increment = 0.5
end S = 806.48
43
new S = 806.48
Current S passed in conversion module :806.48
Current d vector calculated :1.00004
Current S =806.48
Current X =1579.94
Current Y =1156.11
new S = 806.93
Current S passed in conversion module :806.93
Current d vector calculated :1.00004
Current S =806.93
Current X =1580.39
Current Y =1156.08
new S = 807.38
Current S passed in conversion module :807.38
Current d vector calculated :1.00004
Current S =807.38
Current X =1580.84
Current Y =1156.05
new S = 807.83
Current S passed in conversion module :807.83
Current d vector calculated :1.00005
Current S =807.83
Current X =1581.29
Current Y =1156.02
new S = 808.28
Current S passed in conversion module :808.28
Current d vector calculated :1.00005
Current S =808.28
Current X =1581.74
Current Y =1156
new S = 808.73
Current S passed in conversion module :808.73
Current d vector calculated :1.00005
Current S =808.73
Current X =1582.19
Current Y =1155.97
new S = 809.18
Current S passed in conversion module :809.18
Current d vector calculated :1.00005
Current S =809.18
Current X =1582.64
Current Y =1155.94
Previous Path size :42
dist increment = 0.5
end S = 809.116
42
new S = 809.116
Current S passed in conversion module :809.116
Current d vector calculated :1.00005
Current S =809.116
Current X =1582.58
Current Y =1155.94
new S = 809.566
Current S passed in conversion module :809.566
Current d vector calculated :1.00005
Current S =809.566
Current X =1583.03
Current Y =1155.91
new S = 810.016
Current S passed in conversion module :810.016
Current d vector calculated :1.00005
Current S =810.016
Current X =1583.48
Current Y =1155.89
new S = 810.466
Current S passed in conversion module :810.466
Current d vector calculated :1.00006
Current S =810.466
Current X =1583.93
Current Y =1155.86
new S = 810.916
Current S passed in conversion module :810.916
Current d vector calculated :1.00006
Current S =810.916
Current X =1584.38
Current Y =1155.83
new S = 811.366
Current S passed in conversion module :811.366
Current d vector calculated :1.00006
Current S =811.366
Current X =1584.83
Current Y =1155.8
new S = 811.816
Current S passed in conversion module :811.816
Current d vector calculated :1.00006
Current S =811.816
Current X =1585.28
Current Y =1155.77
new S = 812.266
Current S passed in conversion module :812.266
Current d vector calculated :1.00006
Current S =812.266
Current X =1585.72
Current Y =1155.75
Previous Path size :43
dist increment = 0.5
end S = 812.205
43
new S = 812.205
Current S passed in conversion module :812.205
Current d vector calculated :1.00006
Current S =812.205
Current X =1585.66
Current Y =1155.75
new S = 812.655
Current S passed in conversion module :812.655
Current d vector calculated :1.00006
Current S =812.655
Current X =1586.11
Current Y =1155.72
new S = 813.105
Current S passed in conversion module :813.105
Current d vector calculated :1.00006
Current S =813.105
Current X =1586.56
Current Y =1155.69
new S = 813.555
Current S passed in conversion module :813.555
Current d vector calculated :1.00006
Current S =813.555
Current X =1587.01
Current Y =1155.67
new S = 814.005
Current S passed in conversion module :814.005
Current d vector calculated :1.00006
Current S =814.005
Current X =1587.46
Current Y =1155.64
new S = 814.455
Current S passed in conversion module :814.455
Current d vector calculated :1.00006
Current S =814.455
Current X =1587.91
Current Y =1155.61
new S = 814.905
Current S passed in conversion module :814.905
Current d vector calculated :1.00006
Current S =814.905
Current X =1588.36
Current Y =1155.58
Previous Path size :42
dist increment = 0.5
end S = 814.844
42
new S = 814.844
Current S passed in conversion module :814.844
Current d vector calculated :1.00006
Current S =814.844
Current X =1588.3
Current Y =1155.59
new S = 815.294
Current S passed in conversion module :815.294
Current d vector calculated :1.00006
Current S =815.294
Current X =1588.75
Current Y =1155.56
new S = 815.744
Current S passed in conversion module :815.744
Current d vector calculated :1.00006
Current S =815.744
Current X =1589.2
Current Y =1155.53
new S = 816.194
Current S passed in conversion module :816.194
Current d vector calculated :1.00006
Current S =816.194
Current X =1589.64
Current Y =1155.5
new S = 816.644
Current S passed in conversion module :816.644
Current d vector calculated :1.00006
Current S =816.644
Current X =1590.09
Current Y =1155.47
new S = 817.094
Current S passed in conversion module :817.094
Current d vector calculated :1.00006
Current S =817.094
Current X =1590.54
Current Y =1155.45
new S = 817.544
Current S passed in conversion module :817.544
Current d vector calculated :1.00005
Current S =817.544
Current X =1590.99
Current Y =1155.42
new S = 817.994
Current S passed in conversion module :817.994
Current d vector calculated :1.00005
Current S =817.994
Current X =1591.44
Current Y =1155.39
Previous Path size :43
dist increment = 0.5
end S = 817.93
43
new S = 817.93
Current S passed in conversion module :817.93
Current d vector calculated :1.00005
Current S =817.93
Current X =1591.38
Current Y =1155.39
new S = 818.38
Current S passed in conversion module :818.38
Current d vector calculated :1.00005
Current S =818.38
Current X =1591.82
Current Y =1155.37
new S = 818.83
Current S passed in conversion module :818.83
Current d vector calculated :1.00005
Current S =818.83
Current X =1592.27
Current Y =1155.34
new S = 819.28
Current S passed in conversion module :819.28
Current d vector calculated :1.00005
Current S =819.28
Current X =1592.72
Current Y =1155.31
new S = 819.73
Current S passed in conversion module :819.73
Current d vector calculated :1.00004
Current S =819.73
Current X =1593.17
Current Y =1155.28
new S = 820.18
Current S passed in conversion module :820.18
Current d vector calculated :1.00004
Current S =820.18
Current X =1593.62
Current Y =1155.25
new S = 820.63
Current S passed in conversion module :820.63
Current d vector calculated :1.00004
Current S =820.63
Current X =1594.06
Current Y =1155.23
Previous Path size :42
dist increment = 0.5
end S = 820.561
42
new S = 820.561
Current S passed in conversion module :820.561
Current d vector calculated :1.00004
Current S =820.561
Current X =1594
Current Y =1155.23
new S = 821.011
Current S passed in conversion module :821.011
Current d vector calculated :1.00003
Current S =821.011
Current X =1594.44
Current Y =1155.2
new S = 821.461
Current S passed in conversion module :821.461
Current d vector calculated :1.00003
Current S =821.461
Current X =1594.89
Current Y =1155.17
new S = 821.911
Current S passed in conversion module :821.911
Current d vector calculated :1.00002
Current S =821.911
Current X =1595.34
Current Y =1155.15
new S = 822.361
Current S passed in conversion module :822.361
Current d vector calculated :1.00002
Current S =822.361
Current X =1595.79
Current Y =1155.12
new S = 822.811
Current S passed in conversion module :822.811
Current d vector calculated :1.00002
Current S =822.811
Current X =1596.23
Current Y =1155.09
new S = 823.261
Current S passed in conversion module :823.261
Current d vector calculated :1.00001
Current S =823.261
Current X =1596.68
Current Y =1155.06
new S = 823.711
Current S passed in conversion module :823.711
Current d vector calculated :1.00001
Current S =823.711
Current X =1597.13
Current Y =1155.03
Previous Path size :43
dist increment = 0.5
end S = 823.631
43
new S = 823.631
Current S passed in conversion module :823.631
Current d vector calculated :1.00001
Current S =823.631
Current X =1597.05
Current Y =1155.04
new S = 824.081
Current S passed in conversion module :824.081
Current d vector calculated :1
Current S =824.081
Current X =1597.5
Current Y =1155.01
new S = 824.531
Current S passed in conversion module :824.531
Current d vector calculated :0.999995
Current S =824.531
Current X =1597.92
Current Y =1154.98
new S = 824.981
Current S passed in conversion module :824.981
Current d vector calculated :0.99999
Current S =824.981
Current X =1598.36
Current Y =1154.94
new S = 825.431
Current S passed in conversion module :825.431
Current d vector calculated :0.999984
Current S =825.431
Current X =1598.81
Current Y =1154.9
new S = 825.881
Current S passed in conversion module :825.881
Current d vector calculated :0.999978
Current S =825.881
Current X =1599.25
Current Y =1154.86
new S = 826.331
Current S passed in conversion module :826.331
Current d vector calculated :0.999972
Current S =826.331
Current X =1599.7
Current Y =1154.82
Previous Path size :42
dist increment = 0.5
end S = 826.211
42
new S = 826.211
Current S passed in conversion module :826.211
Current d vector calculated :0.999974
Current S =826.211
Current X =1599.58
Current Y =1154.83
new S = 826.661
Current S passed in conversion module :826.661
Current d vector calculated :0.999968
Current S =826.661
Current X =1600.03
Current Y =1154.79
new S = 827.111
Current S passed in conversion module :827.111
Current d vector calculated :0.999962
Current S =827.111
Current X =1600.47
Current Y =1154.75
new S = 827.561
Current S passed in conversion module :827.561
Current d vector calculated :0.999956
Current S =827.561
Current X =1600.92
Current Y =1154.71
new S = 828.011
Current S passed in conversion module :828.011
Current d vector calculated :0.99995
Current S =828.011
Current X =1601.36
Current Y =1154.67
new S = 828.461
Current S passed in conversion module :828.461
Current d vector calculated :0.999944
Current S =828.461
Current X =1601.81
Current Y =1154.63
new S = 828.911
Current S passed in conversion module :828.911
Current d vector calculated :0.999938
Current S =828.911
Current X =1602.25
Current Y =1154.59
new S = 829.361
Current S passed in conversion module :829.361
Current d vector calculated :0.999933
Current S =829.361
Current X =1602.7
Current Y =1154.55
Previous Path size :43
dist increment = 0.5
end S = 829.407
43
new S = 829.407
Current S passed in conversion module :829.407
Current d vector calculated :0.999932
Current S =829.407
Current X =1602.74
Current Y =1154.55
new S = 829.857
Current S passed in conversion module :829.857
Current d vector calculated :0.999926
Current S =829.857
Current X =1603.19
Current Y =1154.51
new S = 830.307
Current S passed in conversion module :830.307
Current d vector calculated :0.999921
Current S =830.307
Current X =1603.63
Current Y =1154.47
new S = 830.757
Current S passed in conversion module :830.757
Current d vector calculated :0.999916
Current S =830.757
Current X =1604.08
Current Y =1154.43
new S = 831.207
Current S passed in conversion module :831.207
Current d vector calculated :0.999911
Current S =831.207
Current X =1604.52
Current Y =1154.39
new S = 831.657
Current S passed in conversion module :831.657
Current d vector calculated :0.999906
Current S =831.657
Current X =1604.97
Current Y =1154.35
new S = 832.107
Current S passed in conversion module :832.107
Current d vector calculated :0.999902
Current S =832.107
Current X =1605.41
Current Y =1154.31
Previous Path size :43
dist increment = 0.5
end S = 832.134
43
new S = 832.134
Current S passed in conversion module :832.134
Current d vector calculated :0.999902
Current S =832.134
Current X =1605.44
Current Y =1154.31
new S = 832.584
Current S passed in conversion module :832.584
Current d vector calculated :0.999898
Current S =832.584
Current X =1605.89
Current Y =1154.27
new S = 833.034
Current S passed in conversion module :833.034
Current d vector calculated :0.999894
Current S =833.034
Current X =1606.33
Current Y =1154.23
new S = 833.484
Current S passed in conversion module :833.484
Current d vector calculated :0.99989
Current S =833.484
Current X =1606.78
Current Y =1154.19
new S = 833.934
Current S passed in conversion module :833.934
Current d vector calculated :0.999887
Current S =833.934
Current X =1607.22
Current Y =1154.15
new S = 834.384
Current S passed in conversion module :834.384
Current d vector calculated :0.999884
Current S =834.384
Current X =1607.66
Current Y =1154.11
new S = 834.834
Current S passed in conversion module :834.834
Current d vector calculated :0.999882
Current S =834.834
Current X =1608.11
Current Y =1154.07
Previous Path size :43
dist increment = 0.5
end S = 834.839
43
new S = 834.839
Current S passed in conversion module :834.839
Current d vector calculated :0.999882
Current S =834.839
Current X =1608.12
Current Y =1154.07
new S = 835.289
Current S passed in conversion module :835.289
Current d vector calculated :0.99988
Current S =835.289
Current X =1608.56
Current Y =1154.03
new S = 835.739
Current S passed in conversion module :835.739
Current d vector calculated :0.999878
Current S =835.739
Current X =1609
Current Y =1153.99
new S = 836.189
Current S passed in conversion module :836.189
Current d vector calculated :0.999877
Current S =836.189
Current X =1609.45
Current Y =1153.95
new S = 836.639
Current S passed in conversion module :836.639
Current d vector calculated :0.999876
Current S =836.639
Current X =1609.89
Current Y =1153.91
new S = 837.089
Current S passed in conversion module :837.089
Current d vector calculated :0.999875
Current S =837.089
Current X =1610.34
Current Y =1153.87
new S = 837.539
Current S passed in conversion module :837.539
Current d vector calculated :0.999875
Current S =837.539
Current X =1610.78
Current Y =1153.83
Previous Path size :42
dist increment = 0.5
end S = 837.523
42
new S = 837.523
Current S passed in conversion module :837.523
Current d vector calculated :0.999875
Current S =837.523
Current X =1610.77
Current Y =1153.83
new S = 837.973
Current S passed in conversion module :837.973
Current d vector calculated :0.999875
Current S =837.973
Current X =1611.21
Current Y =1153.79
new S = 838.423
Current S passed in conversion module :838.423
Current d vector calculated :0.999876
Current S =838.423
Current X =1611.66
Current Y =1153.75
new S = 838.873
Current S passed in conversion module :838.873
Current d vector calculated :0.999876
Current S =838.873
Current X =1612.1
Current Y =1153.71
new S = 839.323
Current S passed in conversion module :839.323
Current d vector calculated :0.999878
Current S =839.323
Current X =1612.55
Current Y =1153.67
new S = 839.773
Current S passed in conversion module :839.773
Current d vector calculated :0.999879
Current S =839.773
Current X =1612.99
Current Y =1153.63
new S = 840.223
Current S passed in conversion module :840.223
Current d vector calculated :0.999881
Current S =840.223
Current X =1613.44
Current Y =1153.59
new S = 840.673
Current S passed in conversion module :840.673
Current d vector calculated :0.999884
Current S =840.673
Current X =1613.88
Current Y =1153.55
Previous Path size :43
dist increment = 0.5
end S = 840.632
43
new S = 840.632
Current S passed in conversion module :840.632
Current d vector calculated :0.999883
Current S =840.632
Current X =1613.84
Current Y =1153.56
new S = 841.082
Current S passed in conversion module :841.082
Current d vector calculated :0.999886
Current S =841.082
Current X =1614.29
Current Y =1153.52
new S = 841.532
Current S passed in conversion module :841.532
Current d vector calculated :0.999889
Current S =841.532
Current X =1614.73
Current Y =1153.48
new S = 841.982
Current S passed in conversion module :841.982
Current d vector calculated :0.999892
Current S =841.982
Current X =1615.17
Current Y =1153.44
new S = 842.432
Current S passed in conversion module :842.432
Current d vector calculated :0.999896
Current S =842.432
Current X =1615.62
Current Y =1153.4
new S = 842.882
Current S passed in conversion module :842.882
Current d vector calculated :0.9999
Current S =842.882
Current X =1616.06
Current Y =1153.36
new S = 843.332
Current S passed in conversion module :843.332
Current d vector calculated :0.999904
Current S =843.332
Current X =1616.51
Current Y =1153.32
Previous Path size :43
dist increment = 0.5
end S = 843.273
43
new S = 843.273
Current S passed in conversion module :843.273
Current d vector calculated :0.999903
Current S =843.273
Current X =1616.45
Current Y =1153.33
new S = 843.723
Current S passed in conversion module :843.723
Current d vector calculated :0.999907
Current S =843.723
Current X =1616.9
Current Y =1153.29
new S = 844.173
Current S passed in conversion module :844.173
Current d vector calculated :0.999912
Current S =844.173
Current X =1617.34
Current Y =1153.25
new S = 844.623
Current S passed in conversion module :844.623
Current d vector calculated :0.999917
Current S =844.623
Current X =1617.79
Current Y =1153.21
new S = 845.073
Current S passed in conversion module :845.073
Current d vector calculated :0.999921
Current S =845.073
Current X =1618.23
Current Y =1153.17
new S = 845.523
Current S passed in conversion module :845.523
Current d vector calculated :0.999926
Current S =845.523
Current X =1618.68
Current Y =1153.13
new S = 845.973
Current S passed in conversion module :845.973
Current d vector calculated :0.999932
Current S =845.973
Current X =1619.12
Current Y =1153.09
Previous Path size :42
dist increment = 0.5
end S = 845.896
42
new S = 845.896
Current S passed in conversion module :845.896
Current d vector calculated :0.999931
Current S =845.896
Current X =1619.05
Current Y =1153.09
new S = 846.346
Current S passed in conversion module :846.346
Current d vector calculated :0.999936
Current S =846.346
Current X =1619.49
Current Y =1153.05
new S = 846.796
Current S passed in conversion module :846.796
Current d vector calculated :0.999941
Current S =846.796
Current X =1619.94
Current Y =1153.01
new S = 847.246
Current S passed in conversion module :847.246
Current d vector calculated :0.999947
Current S =847.246
Current X =1620.38
Current Y =1152.98
new S = 847.696
Current S passed in conversion module :847.696
Current d vector calculated :0.999952
Current S =847.696
Current X =1620.83
Current Y =1152.94
new S = 848.146
Current S passed in conversion module :848.146
Current d vector calculated :0.999958
Current S =848.146
Current X =1621.28
Current Y =1152.9
new S = 848.596
Current S passed in conversion module :848.596
Current d vector calculated :0.999963
Current S =848.596
Current X =1621.72
Current Y =1152.86
new S = 849.046
Current S passed in conversion module :849.046
Current d vector calculated :0.999968
Current S =849.046
Current X =1622.17
Current Y =1152.82
Previous Path size :43
dist increment = 0.5
end S = 848.954
43
new S = 848.954
Current S passed in conversion module :848.954
Current d vector calculated :0.999967
Current S =848.954
Current X =1622.08
Current Y =1152.82
new S = 849.404
Current S passed in conversion module :849.404
Current d vector calculated :0.999973
Current S =849.404
Current X =1622.52
Current Y =1152.78
new S = 849.854
Current S passed in conversion module :849.854
Current d vector calculated :0.999978
Current S =849.854
Current X =1622.97
Current Y =1152.74
new S = 850.304
Current S passed in conversion module :850.304
Current d vector calculated :0.999983
Current S =850.304
Current X =1623.42
Current Y =1152.7
new S = 850.754
Current S passed in conversion module :850.754
Current d vector calculated :0.999988
Current S =850.754
Current X =1623.86
Current Y =1152.67
new S = 851.204
Current S passed in conversion module :851.204
Current d vector calculated :0.999993
Current S =851.204
Current X =1624.31
Current Y =1152.63
new S = 851.654
Current S passed in conversion module :851.654
Current d vector calculated :0.999997
Current S =851.654
Current X =1624.76
Current Y =1152.59
Previous Path size :42
dist increment = 0.5
end S = 851.553
42
new S = 851.553
Current S passed in conversion module :851.553
Current d vector calculated :0.999996
Current S =851.553
Current X =1624.66
Current Y =1152.59
new S = 852.003
Current S passed in conversion module :852.003
Current d vector calculated :1
Current S =852.003
Current X =1625.07
Current Y =1152.56
new S = 852.453
Current S passed in conversion module :852.453
Current d vector calculated :1.00001
Current S =852.453
Current X =1625.51
Current Y =1152.5
new S = 852.903
Current S passed in conversion module :852.903
Current d vector calculated :1.00001
Current S =852.903
Current X =1625.96
Current Y =1152.44
new S = 853.353
Current S passed in conversion module :853.353
Current d vector calculated :1.00001
Current S =853.353
Current X =1626.4
Current Y =1152.39
new S = 853.803
Current S passed in conversion module :853.803
Current d vector calculated :1.00002
Current S =853.803
Current X =1626.85
Current Y =1152.33
new S = 854.253
Current S passed in conversion module :854.253
Current d vector calculated :1.00002
Current S =854.253
Current X =1627.3
Current Y =1152.28
new S = 854.703
Current S passed in conversion module :854.703
Current d vector calculated :1.00002
Current S =854.703
Current X =1627.74
Current Y =1152.22
Previous Path size :42
dist increment = 0.5
end S = 854.814
42
new S = 854.814
Current S passed in conversion module :854.814
Current d vector calculated :1.00002
Current S =854.814
Current X =1627.85
Current Y =1152.21
new S = 855.264
Current S passed in conversion module :855.264
Current d vector calculated :1.00003
Current S =855.264
Current X =1628.3
Current Y =1152.15
new S = 855.714
Current S passed in conversion module :855.714
Current d vector calculated :1.00003
Current S =855.714
Current X =1628.75
Current Y =1152.09
new S = 856.164
Current S passed in conversion module :856.164
Current d vector calculated :1.00003
Current S =856.164
Current X =1629.19
Current Y =1152.04
new S = 856.614
Current S passed in conversion module :856.614
Current d vector calculated :1.00003
Current S =856.614
Current X =1629.64
Current Y =1151.98
new S = 857.064
Current S passed in conversion module :857.064
Current d vector calculated :1.00003
Current S =857.064
Current X =1630.09
Current Y =1151.92
new S = 857.514
Current S passed in conversion module :857.514
Current d vector calculated :1.00004
Current S =857.514
Current X =1630.53
Current Y =1151.87
new S = 857.964
Current S passed in conversion module :857.964
Current d vector calculated :1.00004
Current S =857.964
Current X =1630.98
Current Y =1151.81
Previous Path size :43
dist increment = 0.5
end S = 858.077
43
new S = 858.077
Current S passed in conversion module :858.077
Current d vector calculated :1.00004
Current S =858.077
Current X =1631.09
Current Y =1151.8
new S = 858.527
Current S passed in conversion module :858.527
Current d vector calculated :1.00004
Current S =858.527
Current X =1631.54
Current Y =1151.74
new S = 858.977
Current S passed in conversion module :858.977
Current d vector calculated :1.00004
Current S =858.977
Current X =1631.99
Current Y =1151.69
new S = 859.427
Current S passed in conversion module :859.427
Current d vector calculated :1.00004
Current S =859.427
Current X =1632.43
Current Y =1151.63
new S = 859.877
Current S passed in conversion module :859.877
Current d vector calculated :1.00004
Current S =859.877
Current X =1632.88
Current Y =1151.57
new S = 860.327
Current S passed in conversion module :860.327
Current d vector calculated :1.00004
Current S =860.327
Current X =1633.33
Current Y =1151.52
new S = 860.777
Current S passed in conversion module :860.777
Current d vector calculated :1.00004
Current S =860.777
Current X =1633.78
Current Y =1151.46
Previous Path size :43
dist increment = 0.5
end S = 860.895
43
new S = 860.895
Current S passed in conversion module :860.895
Current d vector calculated :1.00004
Current S =860.895
Current X =1633.89
Current Y =1151.45
new S = 861.345
Current S passed in conversion module :861.345
Current d vector calculated :1.00004
Current S =861.345
Current X =1634.34
Current Y =1151.39
new S = 861.795
Current S passed in conversion module :861.795
Current d vector calculated :1.00004
Current S =861.795
Current X =1634.79
Current Y =1151.33
new S = 862.245
Current S passed in conversion module :862.245
Current d vector calculated :1.00004
Current S =862.245
Current X =1635.24
Current Y =1151.28
new S = 862.695
Current S passed in conversion module :862.695
Current d vector calculated :1.00004
Current S =862.695
Current X =1635.68
Current Y =1151.22
new S = 863.145
Current S passed in conversion module :863.145
Current d vector calculated :1.00004
Current S =863.145
Current X =1636.13
Current Y =1151.17
new S = 863.595
Current S passed in conversion module :863.595
Current d vector calculated :1.00004
Current S =863.595
Current X =1636.58
Current Y =1151.11
Previous Path size :42
dist increment = 0.5
end S = 863.722
42
new S = 863.722
Current S passed in conversion module :863.722
Current d vector calculated :1.00004
Current S =863.722
Current X =1636.71
Current Y =1151.09
new S = 864.172
Current S passed in conversion module :864.172
Current d vector calculated :1.00004
Current S =864.172
Current X =1637.16
Current Y =1151.04
new S = 864.622
Current S passed in conversion module :864.622
Current d vector calculated :1.00003
Current S =864.622
Current X =1637.6
Current Y =1150.98
new S = 865.072
Current S passed in conversion module :865.072
Current d vector calculated :1.00003
Current S =865.072
Current X =1638.05
Current Y =1150.92
new S = 865.522
Current S passed in conversion module :865.522
Current d vector calculated :1.00003
Current S =865.522
Current X =1638.5
Current Y =1150.87
new S = 865.972
Current S passed in conversion module :865.972
Current d vector calculated :1.00003
Current S =865.972
Current X =1638.95
Current Y =1150.81
new S = 866.422
Current S passed in conversion module :866.422
Current d vector calculated :1.00003
Current S =866.422
Current X =1639.4
Current Y =1150.76
new S = 866.872
Current S passed in conversion module :866.872
Current d vector calculated :1.00003
Current S =866.872
Current X =1639.85
Current Y =1150.7
Previous Path size :43
dist increment = 0.5
end S = 867.012
43
new S = 867.012
Current S passed in conversion module :867.012
Current d vector calculated :1.00003
Current S =867.012
Current X =1639.99
Current Y =1150.68
new S = 867.462
Current S passed in conversion module :867.462
Current d vector calculated :1.00003
Current S =867.462
Current X =1640.43
Current Y =1150.63
new S = 867.912
Current S passed in conversion module :867.912
Current d vector calculated :1.00002
Current S =867.912
Current X =1640.88
Current Y =1150.57
new S = 868.362
Current S passed in conversion module :868.362
Current d vector calculated :1.00002
Current S =868.362
Current X =1641.33
Current Y =1150.51
new S = 868.812
Current S passed in conversion module :868.812
Current d vector calculated :1.00002
Current S =868.812
Current X =1641.78
Current Y =1150.46
new S = 869.262
Current S passed in conversion module :869.262
Current d vector calculated :1.00002
Current S =869.262
Current X =1642.23
Current Y =1150.4
new S = 869.712
Current S passed in conversion module :869.712
Current d vector calculated :1.00002
Current S =869.712
Current X =1642.68
Current Y =1150.34
Previous Path size :43
dist increment = 0.5
end S = 869.867
43
new S = 869.867
Current S passed in conversion module :869.867
Current d vector calculated :1.00002
Current S =869.867
Current X =1642.83
Current Y =1150.32
new S = 870.317
Current S passed in conversion module :870.317
Current d vector calculated :1.00002
Current S =870.317
Current X =1643.28
Current Y =1150.27
new S = 870.767
Current S passed in conversion module :870.767
Current d vector calculated :1.00001
Current S =870.767
Current X =1643.73
Current Y =1150.21
new S = 871.217
Current S passed in conversion module :871.217
Current d vector calculated :1.00001
Current S =871.217
Current X =1644.18
Current Y =1150.16
new S = 871.667
Current S passed in conversion module :871.667
Current d vector calculated :1.00001
Current S =871.667
Current X =1644.63
Current Y =1150.1
new S = 872.117
Current S passed in conversion module :872.117
Current d vector calculated :1.00001
Current S =872.117
Current X =1645.08
Current Y =1150.04
new S = 872.567
Current S passed in conversion module :872.567
Current d vector calculated :1.00001
Current S =872.567
Current X =1645.53
Current Y =1149.99
Previous Path size :42
dist increment = 0.5
end S = 872.737
42
new S = 872.737
Current S passed in conversion module :872.737
Current d vector calculated :1.00001
Current S =872.737
Current X =1645.7
Current Y =1149.97
new S = 873.187
Current S passed in conversion module :873.187
Current d vector calculated :1.00001
Current S =873.187
Current X =1646.14
Current Y =1149.91
new S = 873.637
Current S passed in conversion module :873.637
Current d vector calculated :1.00001
Current S =873.637
Current X =1646.59
Current Y =1149.85
new S = 874.087
Current S passed in conversion module :874.087
Current d vector calculated :1.00001
Current S =874.087
Current X =1647.04
Current Y =1149.8
new S = 874.537
Current S passed in conversion module :874.537
Current d vector calculated :1
Current S =874.537
Current X =1647.49
Current Y =1149.74
new S = 874.987
Current S passed in conversion module :874.987
Current d vector calculated :1
Current S =874.987
Current X =1647.94
Current Y =1149.68
new S = 875.437
Current S passed in conversion module :875.437
Current d vector calculated :1
Current S =875.437
Current X =1648.39
Current Y =1149.63
new S = 875.887
Current S passed in conversion module :875.887
Current d vector calculated :1
Current S =875.887
Current X =1648.84
Current Y =1149.57
Previous Path size :41
dist increment = 0.5
end S = 876.076
41
new S = 876.076
Current S passed in conversion module :876.076
Current d vector calculated :1
Current S =876.076
Current X =1649.03
Current Y =1149.55
new S = 876.526
Current S passed in conversion module :876.526
Current d vector calculated :1
Current S =876.526
Current X =1649.54
Current Y =1149.49
new S = 876.976
Current S passed in conversion module :876.976
Current d vector calculated :0.999999
Current S =876.976
Current X =1649.99
Current Y =1149.46
new S = 877.426
Current S passed in conversion module :877.426
Current d vector calculated :0.999998
Current S =877.426
Current X =1650.44
Current Y =1149.43
new S = 877.876
Current S passed in conversion module :877.876
Current d vector calculated :0.999997
Current S =877.876
Current X =1650.89
Current Y =1149.41
new S = 878.326
Current S passed in conversion module :878.326
Current d vector calculated :0.999996
Current S =878.326
Current X =1651.34
Current Y =1149.38
new S = 878.776
Current S passed in conversion module :878.776
Current d vector calculated :0.999995
Current S =878.776
Current X =1651.79
Current Y =1149.35
new S = 879.226
Current S passed in conversion module :879.226
Current d vector calculated :0.999995
Current S =879.226
Current X =1652.25
Current Y =1149.32
new S = 879.676
Current S passed in conversion module :879.676
Current d vector calculated :0.999994
Current S =879.676
Current X =1652.7
Current Y =1149.29
Previous Path size :42
dist increment = 0.5
end S = 879.94
42
new S = 879.94
Current S passed in conversion module :879.94
Current d vector calculated :0.999994
Current S =879.94
Current X =1652.96
Current Y =1149.27
new S = 880.39
Current S passed in conversion module :880.39
Current d vector calculated :0.999993
Current S =880.39
Current X =1653.41
Current Y =1149.24
new S = 880.84
Current S passed in conversion module :880.84
Current d vector calculated :0.999992
Current S =880.84
Current X =1653.87
Current Y =1149.21
new S = 881.29
Current S passed in conversion module :881.29
Current d vector calculated :0.999992
Current S =881.29
Current X =1654.32
Current Y =1149.18
new S = 881.74
Current S passed in conversion module :881.74
Current d vector calculated :0.999991
Current S =881.74
Current X =1654.77
Current Y =1149.15
new S = 882.19
Current S passed in conversion module :882.19
Current d vector calculated :0.999991
Current S =882.19
Current X =1655.22
Current Y =1149.12
new S = 882.64
Current S passed in conversion module :882.64
Current d vector calculated :0.99999
Current S =882.64
Current X =1655.67
Current Y =1149.09
new S = 883.09
Current S passed in conversion module :883.09
Current d vector calculated :0.99999
Current S =883.09
Current X =1656.12
Current Y =1149.06
Previous Path size :44
dist increment = 0.5
end S = 882.961
44
new S = 882.961
Current S passed in conversion module :882.961
Current d vector calculated :0.99999
Current S =882.961
Current X =1655.99
Current Y =1149.07
new S = 883.411
Current S passed in conversion module :883.411
Current d vector calculated :0.99999
Current S =883.411
Current X =1656.44
Current Y =1149.04
new S = 883.861
Current S passed in conversion module :883.861
Current d vector calculated :0.99999
Current S =883.861
Current X =1656.9
Current Y =1149.01
new S = 884.311
Current S passed in conversion module :884.311
Current d vector calculated :0.999989
Current S =884.311
Current X =1657.35
Current Y =1148.98
new S = 884.761
Current S passed in conversion module :884.761
Current d vector calculated :0.999989
Current S =884.761
Current X =1657.8
Current Y =1148.95
new S = 885.211
Current S passed in conversion module :885.211
Current d vector calculated :0.999989
Current S =885.211
Current X =1658.25
Current Y =1148.92
Previous Path size :42
dist increment = 0.5
end S = 885.093
42
new S = 885.093
Current S passed in conversion module :885.093
Current d vector calculated :0.999989
Current S =885.093
Current X =1658.13
Current Y =1148.93
new S = 885.543
Current S passed in conversion module :885.543
Current d vector calculated :0.999989
Current S =885.543
Current X =1658.58
Current Y =1148.9
new S = 885.993
Current S passed in conversion module :885.993
Current d vector calculated :0.999989
Current S =885.993
Current X =1659.03
Current Y =1148.87
new S = 886.443
Current S passed in conversion module :886.443
Current d vector calculated :0.999989
Current S =886.443
Current X =1659.48
Current Y =1148.84
new S = 886.893
Current S passed in conversion module :886.893
Current d vector calculated :0.999989
Current S =886.893
Current X =1659.94
Current Y =1148.81
new S = 887.343
Current S passed in conversion module :887.343
Current d vector calculated :0.999989
Current S =887.343
Current X =1660.39
Current Y =1148.78
new S = 887.793
Current S passed in conversion module :887.793
Current d vector calculated :0.999989
Current S =887.793
Current X =1660.84
Current Y =1148.75
new S = 888.243
Current S passed in conversion module :888.243
Current d vector calculated :0.999989
Current S =888.243
Current X =1661.29
Current Y =1148.72
Previous Path size :41
dist increment = 0.5
end S = 888.138
41
new S = 888.138
Current S passed in conversion module :888.138
Current d vector calculated :0.999989
Current S =888.138
Current X =1661.18
Current Y =1148.73
new S = 888.588
Current S passed in conversion module :888.588
Current d vector calculated :0.999989
Current S =888.588
Current X =1661.64
Current Y =1148.7
new S = 889.038
Current S passed in conversion module :889.038
Current d vector calculated :0.999989
Current S =889.038
Current X =1662.09
Current Y =1148.67
new S = 889.488
Current S passed in conversion module :889.488
Current d vector calculated :0.99999
Current S =889.488
Current X =1662.54
Current Y =1148.64
new S = 889.938
Current S passed in conversion module :889.938
Current d vector calculated :0.99999
Current S =889.938
Current X =1662.99
Current Y =1148.61
new S = 890.388
Current S passed in conversion module :890.388
Current d vector calculated :0.99999
Current S =890.388
Current X =1663.44
Current Y =1148.58
new S = 890.838
Current S passed in conversion module :890.838
Current d vector calculated :0.999991
Current S =890.838
Current X =1663.89
Current Y =1148.55
new S = 891.288
Current S passed in conversion module :891.288
Current d vector calculated :0.999991
Current S =891.288
Current X =1664.34
Current Y =1148.52
new S = 891.738
Current S passed in conversion module :891.738
Current d vector calculated :0.999991
Current S =891.738
Current X =1664.79
Current Y =1148.49
Previous Path size :41
dist increment = 0.5
end S = 891.648
41
new S = 891.648
Current S passed in conversion module :891.648
Current d vector calculated :0.999991
Current S =891.648
Current X =1664.7
Current Y =1148.5
new S = 892.098
Current S passed in conversion module :892.098
Current d vector calculated :0.999992
Current S =892.098
Current X =1665.15
Current Y =1148.47
new S = 892.548
Current S passed in conversion module :892.548
Current d vector calculated :0.999992
Current S =892.548
Current X =1665.6
Current Y =1148.44
new S = 892.998
Current S passed in conversion module :892.998
Current d vector calculated :0.999992
Current S =892.998
Current X =1666.05
Current Y =1148.41
new S = 893.448
Current S passed in conversion module :893.448
Current d vector calculated :0.999993
Current S =893.448
Current X =1666.5
Current Y =1148.38
new S = 893.898
Current S passed in conversion module :893.898
Current d vector calculated :0.999993
Current S =893.898
Current X =1666.95
Current Y =1148.35
new S = 894.348
Current S passed in conversion module :894.348
Current d vector calculated :0.999994
Current S =894.348
Current X =1667.4
Current Y =1148.32
new S = 894.798
Current S passed in conversion module :894.798
Current d vector calculated :0.999994
Current S =894.798
Current X =1667.85
Current Y =1148.29
new S = 895.248
Current S passed in conversion module :895.248
Current d vector calculated :0.999995
Current S =895.248
Current X =1668.31
Current Y =1148.26
Previous Path size :40
dist increment = 0.5
end S = 895.169
40
new S = 895.169
Current S passed in conversion module :895.169
Current d vector calculated :0.999995
Current S =895.169
Current X =1668.23
Current Y =1148.27
new S = 895.619
Current S passed in conversion module :895.619
Current d vector calculated :0.999995
Current S =895.619
Current X =1668.68
Current Y =1148.24
new S = 896.069
Current S passed in conversion module :896.069
Current d vector calculated :0.999995
Current S =896.069
Current X =1669.13
Current Y =1148.21
new S = 896.519
Current S passed in conversion module :896.519
Current d vector calculated :0.999996
Current S =896.519
Current X =1669.58
Current Y =1148.18
new S = 896.969
Current S passed in conversion module :896.969
Current d vector calculated :0.999996
Current S =896.969
Current X =1670.03
Current Y =1148.15
new S = 897.419
Current S passed in conversion module :897.419
Current d vector calculated :0.999997
Current S =897.419
Current X =1670.48
Current Y =1148.12
new S = 897.869
Current S passed in conversion module :897.869
Current d vector calculated :0.999997
Current S =897.869
Current X =1670.93
Current Y =1148.09
new S = 898.319
Current S passed in conversion module :898.319
Current d vector calculated :0.999997
Current S =898.319
Current X =1671.38
Current Y =1148.06
new S = 898.769
Current S passed in conversion module :898.769
Current d vector calculated :0.999998
Current S =898.769
Current X =1671.83
Current Y =1148.03
new S = 899.219
Current S passed in conversion module :899.219
Current d vector calculated :0.999998
Current S =899.219
Current X =1672.28
Current Y =1148
Previous Path size :44
dist increment = 0.5
end S = 899.151
44
new S = 899.151
Current S passed in conversion module :899.151
Current d vector calculated :0.999998
Current S =899.151
Current X =1672.21
Current Y =1148.01
new S = 899.601
Current S passed in conversion module :899.601
Current d vector calculated :0.999998
Current S =899.601
Current X =1672.66
Current Y =1147.98
new S = 900.051
Current S passed in conversion module :900.051
Current d vector calculated :0.999999
Current S =900.051
Current X =1673.11
Current Y =1147.95
new S = 900.501
Current S passed in conversion module :900.501
Current d vector calculated :0.999999
Current S =900.501
Current X =1673.56
Current Y =1147.92
new S = 900.951
Current S passed in conversion module :900.951
Current d vector calculated :0.999999
Current S =900.951
Current X =1674.01
Current Y =1147.89
new S = 901.401
Current S passed in conversion module :901.401
Current d vector calculated :0.999999
Current S =901.401
Current X =1674.46
Current Y =1147.86
Previous Path size :42
dist increment = 0.5
end S = 901.335
42
new S = 901.335
Current S passed in conversion module :901.335
Current d vector calculated :0.999999
Current S =901.335
Current X =1674.39
Current Y =1147.87
new S = 901.785
Current S passed in conversion module :901.785
Current d vector calculated :0.999999
Current S =901.785
Current X =1674.84
Current Y =1147.84
new S = 902.235
Current S passed in conversion module :902.235
Current d vector calculated :1
Current S =902.235
Current X =1675.29
Current Y =1147.81
new S = 902.685
Current S passed in conversion module :902.685
Current d vector calculated :1
Current S =902.685
Current X =1675.74
Current Y =1147.78
new S = 903.135
Current S passed in conversion module :903.135
Current d vector calculated :1
Current S =903.135
Current X =1676.19
Current Y =1147.75
new S = 903.585
Current S passed in conversion module :903.585
Current d vector calculated :1
Current S =903.585
Current X =1676.64
Current Y =1147.72
new S = 904.035
Current S passed in conversion module :904.035
Current d vector calculated :1
Current S =904.035
Current X =1677.09
Current Y =1147.69
new S = 904.485
Current S passed in conversion module :904.485
Current d vector calculated :1
Current S =904.485
Current X =1677.54
Current Y =1147.66
Previous Path size :41
dist increment = 0.5
end S = 904.423
41
new S = 904.423
Current S passed in conversion module :904.423
Current d vector calculated :1
Current S =904.423
Current X =1677.48
Current Y =1147.66
new S = 904.873
Current S passed in conversion module :904.873
Current d vector calculated :1
Current S =904.873
Current X =1677.9
Current Y =1147.63
new S = 905.323
Current S passed in conversion module :905.323
Current d vector calculated :1
Current S =905.323
Current X =1678.35
Current Y =1147.59
new S = 905.773
Current S passed in conversion module :905.773
Current d vector calculated :1
Current S =905.773
Current X =1678.8
Current Y =1147.55
new S = 906.223
Current S passed in conversion module :906.223
Current d vector calculated :1
Current S =906.223
Current X =1679.25
Current Y =1147.52
new S = 906.673
Current S passed in conversion module :906.673
Current d vector calculated :1
Current S =906.673
Current X =1679.7
Current Y =1147.48
new S = 907.123
Current S passed in conversion module :907.123
Current d vector calculated :1
Current S =907.123
Current X =1680.15
Current Y =1147.44
new S = 907.573
Current S passed in conversion module :907.573
Current d vector calculated :1
Current S =907.573
Current X =1680.59
Current Y =1147.4
new S = 908.023
Current S passed in conversion module :908.023
Current d vector calculated :1
Current S =908.023
Current X =1681.04
Current Y =1147.36
Previous Path size :43
dist increment = 0.5
end S = 908.086
43
new S = 908.086
Current S passed in conversion module :908.086
Current d vector calculated :1
Current S =908.086
Current X =1681.1
Current Y =1147.35
new S = 908.536
Current S passed in conversion module :908.536
Current d vector calculated :1
Current S =908.536
Current X =1681.55
Current Y =1147.32
new S = 908.986
Current S passed in conversion module :908.986
Current d vector calculated :0.999999
Current S =908.986
Current X =1682
Current Y =1147.28
new S = 909.436
Current S passed in conversion module :909.436
Current d vector calculated :0.999999
Current S =909.436
Current X =1682.45
Current Y =1147.24
new S = 909.886
Current S passed in conversion module :909.886
Current d vector calculated :0.999999
Current S =909.886
Current X =1682.9
Current Y =1147.2
new S = 910.336
Current S passed in conversion module :910.336
Current d vector calculated :0.999999
Current S =910.336
Current X =1683.34
Current Y =1147.16
new S = 910.786
Current S passed in conversion module :910.786
Current d vector calculated :0.999999
Current S =910.786
Current X =1683.79
Current Y =1147.12
Previous Path size :43
dist increment = 0.5
end S = 910.846
43
new S = 910.846
Current S passed in conversion module :910.846
Current d vector calculated :0.999999
Current S =910.846
Current X =1683.85
Current Y =1147.12
new S = 911.296
Current S passed in conversion module :911.296
Current d vector calculated :0.999999
Current S =911.296
Current X =1684.3
Current Y =1147.08
new S = 911.746
Current S passed in conversion module :911.746
Current d vector calculated :0.999999
Current S =911.746
Current X =1684.75
Current Y =1147.04
new S = 912.196
Current S passed in conversion module :912.196
Current d vector calculated :0.999998
Current S =912.196
Current X =1685.19
Current Y =1147
new S = 912.646
Current S passed in conversion module :912.646
Current d vector calculated :0.999998
Current S =912.646
Current X =1685.64
Current Y =1146.96
new S = 913.096
Current S passed in conversion module :913.096
Current d vector calculated :0.999998
Current S =913.096
Current X =1686.09
Current Y =1146.92
new S = 913.546
Current S passed in conversion module :913.546
Current d vector calculated :0.999998
Current S =913.546
Current X =1686.54
Current Y =1146.88
Previous Path size :43
dist increment = 0.5
end S = 913.601
43
new S = 913.601
Current S passed in conversion module :913.601
Current d vector calculated :0.999998
Current S =913.601
Current X =1686.59
Current Y =1146.88
new S = 914.051
Current S passed in conversion module :914.051
Current d vector calculated :0.999998
Current S =914.051
Current X =1687.04
Current Y =1146.84
new S = 914.501
Current S passed in conversion module :914.501
Current d vector calculated :0.999998
Current S =914.501
Current X =1687.49
Current Y =1146.8
new S = 914.951
Current S passed in conversion module :914.951
Current d vector calculated :0.999998
Current S =914.951
Current X =1687.93
Current Y =1146.76
new S = 915.401
Current S passed in conversion module :915.401
Current d vector calculated :0.999998
Current S =915.401
Current X =1688.38
Current Y =1146.72
new S = 915.851
Current S passed in conversion module :915.851
Current d vector calculated :0.999998
Current S =915.851
Current X =1688.83
Current Y =1146.69
new S = 916.301
Current S passed in conversion module :916.301
Current d vector calculated :0.999998
Current S =916.301
Current X =1689.28
Current Y =1146.65
Previous Path size :42
dist increment = 0.5
end S = 916.35
42
new S = 916.35
Current S passed in conversion module :916.35
Current d vector calculated :0.999998
Current S =916.35
Current X =1689.32
Current Y =1146.64
new S = 916.8
Current S passed in conversion module :916.8
Current d vector calculated :0.999998
Current S =916.8
Current X =1689.77
Current Y =1146.6
new S = 917.25
Current S passed in conversion module :917.25
Current d vector calculated :0.999998
Current S =917.25
Current X =1690.22
Current Y =1146.56
new S = 917.7
Current S passed in conversion module :917.7
Current d vector calculated :0.999998
Current S =917.7
Current X =1690.67
Current Y =1146.53
new S = 918.15
Current S passed in conversion module :918.15
Current d vector calculated :0.999998
Current S =918.15
Current X =1691.11
Current Y =1146.49
new S = 918.6
Current S passed in conversion module :918.6
Current d vector calculated :0.999999
Current S =918.6
Current X =1691.56
Current Y =1146.45
new S = 919.05
Current S passed in conversion module :919.05
Current d vector calculated :0.999999
Current S =919.05
Current X =1692.01
Current Y =1146.41
new S = 919.5
Current S passed in conversion module :919.5
Current d vector calculated :0.999999
Current S =919.5
Current X =1692.46
Current Y =1146.37
Previous Path size :41
dist increment = 0.5
end S = 919.543
41
new S = 919.543
Current S passed in conversion module :919.543
Current d vector calculated :0.999999
Current S =919.543
Current X =1692.5
Current Y =1146.37
new S = 919.993
Current S passed in conversion module :919.993
Current d vector calculated :0.999999
Current S =919.993
Current X =1692.95
Current Y =1146.33
new S = 920.443
Current S passed in conversion module :920.443
Current d vector calculated :0.999999
Current S =920.443
Current X =1693.39
Current Y =1146.29
new S = 920.893
Current S passed in conversion module :920.893
Current d vector calculated :0.999999
Current S =920.893
Current X =1693.84
Current Y =1146.25
new S = 921.343
Current S passed in conversion module :921.343
Current d vector calculated :1
Current S =921.343
Current X =1694.29
Current Y =1146.21
new S = 921.793
Current S passed in conversion module :921.793
Current d vector calculated :1
Current S =921.793
Current X =1694.74
Current Y =1146.17
new S = 922.243
Current S passed in conversion module :922.243
Current d vector calculated :1
Current S =922.243
Current X =1695.18
Current Y =1146.13
new S = 922.693
Current S passed in conversion module :922.693
Current d vector calculated :1
Current S =922.693
Current X =1695.63
Current Y =1146.1
new S = 923.143
Current S passed in conversion module :923.143
Current d vector calculated :1
Current S =923.143
Current X =1696.08
Current Y =1146.06
Previous Path size :44
dist increment = 0.5
end S = 923.18
44
new S = 923.18
Current S passed in conversion module :923.18
Current d vector calculated :1
Current S =923.18
Current X =1696.12
Current Y =1146.05
new S = 923.63
Current S passed in conversion module :923.63
Current d vector calculated :1
Current S =923.63
Current X =1696.56
Current Y =1146.01
new S = 924.08
Current S passed in conversion module :924.08
Current d vector calculated :1
Current S =924.08
Current X =1697.01
Current Y =1145.98
new S = 924.53
Current S passed in conversion module :924.53
Current d vector calculated :1
Current S =924.53
Current X =1697.46
Current Y =1145.94
new S = 924.98
Current S passed in conversion module :924.98
Current d vector calculated :1
Current S =924.98
Current X =1697.91
Current Y =1145.9
new S = 925.43
Current S passed in conversion module :925.43
Current d vector calculated :1
Current S =925.43
Current X =1698.35
Current Y =1145.86
Previous Path size :43
dist increment = 0.5
end S = 925.463
43
new S = 925.463
Current S passed in conversion module :925.463
Current d vector calculated :1
Current S =925.463
Current X =1698.39
Current Y =1145.86
new S = 925.913
Current S passed in conversion module :925.913
Current d vector calculated :1
Current S =925.913
Current X =1698.83
Current Y =1145.82
new S = 926.363
Current S passed in conversion module :926.363
Current d vector calculated :1
Current S =926.363
Current X =1699.28
Current Y =1145.78
new S = 926.813
Current S passed in conversion module :926.813
Current d vector calculated :1
Current S =926.813
Current X =1699.73
Current Y =1145.74
new S = 927.263
Current S passed in conversion module :927.263
Current d vector calculated :1
Current S =927.263
Current X =1700.18
Current Y =1145.7
new S = 927.713
Current S passed in conversion module :927.713
Current d vector calculated :1
Current S =927.713
Current X =1700.63
Current Y =1145.66
new S = 928.163
Current S passed in conversion module :928.163
Current d vector calculated :1
Current S =928.163
Current X =1701.07
Current Y =1145.62
Previous Path size :42
dist increment = 0.5
end S = 928.193
42
new S = 928.193
Current S passed in conversion module :928.193
Current d vector calculated :1
Current S =928.193
Current X =1701.1
Current Y =1145.62
new S = 928.643
Current S passed in conversion module :928.643
Current d vector calculated :1
Current S =928.643
Current X =1701.55
Current Y =1145.58
new S = 929.093
Current S passed in conversion module :929.093
Current d vector calculated :1
Current S =929.093
Current X =1702
Current Y =1145.54
new S = 929.543
Current S passed in conversion module :929.543
Current d vector calculated :1
Current S =929.543
Current X =1702.45
Current Y =1145.5
new S = 929.993
Current S passed in conversion module :929.993
Current d vector calculated :1
Current S =929.993
Current X =1702.9
Current Y =1145.47
new S = 930.443
Current S passed in conversion module :930.443
Current d vector calculated :1
Current S =930.443
Current X =1703.35
Current Y =1145.43
new S = 930.893
Current S passed in conversion module :930.893
Current d vector calculated :1
Current S =930.893
Current X =1703.79
Current Y =1145.39
new S = 931.343
Current S passed in conversion module :931.343
Current d vector calculated :1
Current S =931.343
Current X =1704.24
Current Y =1145.35
Previous Path size :43
dist increment = 0.5
end S = 931.374
43
new S = 931.374
Current S passed in conversion module :931.374
Current d vector calculated :1
Current S =931.374
Current X =1704.27
Current Y =1145.35
new S = 931.824
Current S passed in conversion module :931.824
Current d vector calculated :1
Current S =931.824
Current X =1704.72
Current Y =1145.31
new S = 932.274
Current S passed in conversion module :932.274
Current d vector calculated :1
Current S =932.274
Current X =1705.18
Current Y =1145.27
new S = 932.724
Current S passed in conversion module :932.724
Current d vector calculated :1
Current S =932.724
Current X =1705.63
Current Y =1145.23
new S = 933.174
Current S passed in conversion module :933.174
Current d vector calculated :0.999999
Current S =933.174
Current X =1706.08
Current Y =1145.2
new S = 933.624
Current S passed in conversion module :933.624
Current d vector calculated :0.999998
Current S =933.624
Current X =1706.53
Current Y =1145.17
new S = 934.074
Current S passed in conversion module :934.074
Current d vector calculated :0.999998
Current S =934.074
Current X =1706.98
Current Y =1145.13
Previous Path size :43
dist increment = 0.5
end S = 934.119
43
new S = 934.119
Current S passed in conversion module :934.119
Current d vector calculated :0.999998
Current S =934.119
Current X =1707.02
Current Y =1145.13
new S = 934.569
Current S passed in conversion module :934.569
Current d vector calculated :0.999997
Current S =934.569
Current X =1707.47
Current Y =1145.09
new S = 935.019
Current S passed in conversion module :935.019
Current d vector calculated :0.999996
Current S =935.019
Current X =1707.92
Current Y =1145.06
new S = 935.469
Current S passed in conversion module :935.469
Current d vector calculated :0.999995
Current S =935.469
Current X =1708.37
Current Y =1145.03
new S = 935.919
Current S passed in conversion module :935.919
Current d vector calculated :0.999995
Current S =935.919
Current X =1708.82
Current Y =1144.99
new S = 936.369
Current S passed in conversion module :936.369
Current d vector calculated :0.999994
Current S =936.369
Current X =1709.27
Current Y =1144.96
new S = 936.819
Current S passed in conversion module :936.819
Current d vector calculated :0.999993
Current S =936.819
Current X =1709.72
Current Y =1144.92
Previous Path size :42
dist increment = 0.5
end S = 936.795
42
new S = 936.795
Current S passed in conversion module :936.795
Current d vector calculated :0.999993
Current S =936.795
Current X =1709.7
Current Y =1144.92
new S = 937.245
Current S passed in conversion module :937.245
Current d vector calculated :0.999992
Current S =937.245
Current X =1710.15
Current Y =1144.89
new S = 937.695
Current S passed in conversion module :937.695
Current d vector calculated :0.999992
Current S =937.695
Current X =1710.6
Current Y =1144.86
new S = 938.145
Current S passed in conversion module :938.145
Current d vector calculated :0.999991
Current S =938.145
Current X =1711.05
Current Y =1144.82
new S = 938.595
Current S passed in conversion module :938.595
Current d vector calculated :0.99999
Current S =938.595
Current X =1711.5
Current Y =1144.79
new S = 939.045
Current S passed in conversion module :939.045
Current d vector calculated :0.999989
Current S =939.045
Current X =1711.95
Current Y =1144.75
new S = 939.495
Current S passed in conversion module :939.495
Current d vector calculated :0.999988
Current S =939.495
Current X =1712.4
Current Y =1144.72
new S = 939.945
Current S passed in conversion module :939.945
Current d vector calculated :0.999988
Current S =939.945
Current X =1712.85
Current Y =1144.68
Previous Path size :43
dist increment = 0.5
end S = 939.931
43
new S = 939.931
Current S passed in conversion module :939.931
Current d vector calculated :0.999988
Current S =939.931
Current X =1712.83
Current Y =1144.69
new S = 940.381
Current S passed in conversion module :940.381
Current d vector calculated :0.999987
Current S =940.381
Current X =1713.28
Current Y =1144.65
new S = 940.831
Current S passed in conversion module :940.831
Current d vector calculated :0.999986
Current S =940.831
Current X =1713.73
Current Y =1144.62
new S = 941.281
Current S passed in conversion module :941.281
Current d vector calculated :0.999986
Current S =941.281
Current X =1714.18
Current Y =1144.58
new S = 941.731
Current S passed in conversion module :941.731
Current d vector calculated :0.999985
Current S =941.731
Current X =1714.63
Current Y =1144.55
new S = 942.181
Current S passed in conversion module :942.181
Current d vector calculated :0.999984
Current S =942.181
Current X =1715.08
Current Y =1144.51
new S = 942.631
Current S passed in conversion module :942.631
Current d vector calculated :0.999984
Current S =942.631
Current X =1715.53
Current Y =1144.48
Previous Path size :42
dist increment = 0.5
end S = 942.625
42
new S = 942.625
Current S passed in conversion module :942.625
Current d vector calculated :0.999984
Current S =942.625
Current X =1715.53
Current Y =1144.48
new S = 943.075
Current S passed in conversion module :943.075
Current d vector calculated :0.999984
Current S =943.075
Current X =1715.98
Current Y =1144.45
new S = 943.525
Current S passed in conversion module :943.525
Current d vector calculated :0.999983
Current S =943.525
Current X =1716.43
Current Y =1144.41
new S = 943.975
Current S passed in conversion module :943.975
Current d vector calculated :0.999983
Current S =943.975
Current X =1716.88
Current Y =1144.38
new S = 944.425
Current S passed in conversion module :944.425
Current d vector calculated :0.999982
Current S =944.425
Current X =1717.33
Current Y =1144.34
new S = 944.875
Current S passed in conversion module :944.875
Current d vector calculated :0.999982
Current S =944.875
Current X =1717.78
Current Y =1144.31
new S = 945.325
Current S passed in conversion module :945.325
Current d vector calculated :0.999982
Current S =945.325
Current X =1718.23
Current Y =1144.28
new S = 945.775
Current S passed in conversion module :945.775
Current d vector calculated :0.999982
Current S =945.775
Current X =1718.68
Current Y =1144.24
Previous Path size :43
dist increment = 0.5
end S = 945.782
43
new S = 945.782
Current S passed in conversion module :945.782
Current d vector calculated :0.999982
Current S =945.782
Current X =1718.69
Current Y =1144.24
new S = 946.232
Current S passed in conversion module :946.232
Current d vector calculated :0.999982
Current S =946.232
Current X =1719.14
Current Y =1144.21
new S = 946.682
Current S passed in conversion module :946.682
Current d vector calculated :0.999982
Current S =946.682
Current X =1719.59
Current Y =1144.17
new S = 947.132
Current S passed in conversion module :947.132
Current d vector calculated :0.999982
Current S =947.132
Current X =1720.04
Current Y =1144.14
new S = 947.582
Current S passed in conversion module :947.582
Current d vector calculated :0.999982
Current S =947.582
Current X =1720.49
Current Y =1144.1
new S = 948.032
Current S passed in conversion module :948.032
Current d vector calculated :0.999983
Current S =948.032
Current X =1720.94
Current Y =1144.07
new S = 948.482
Current S passed in conversion module :948.482
Current d vector calculated :0.999983
Current S =948.482
Current X =1721.39
Current Y =1144.03
Previous Path size :43
dist increment = 0.5
end S = 948.5
43
new S = 948.5
Current S passed in conversion module :948.5
Current d vector calculated :0.999983
Current S =948.5
Current X =1721.41
Current Y =1144.03
new S = 948.95
Current S passed in conversion module :948.95
Current d vector calculated :0.999983
Current S =948.95
Current X =1721.86
Current Y =1144
new S = 949.4
Current S passed in conversion module :949.4
Current d vector calculated :0.999984
Current S =949.4
Current X =1722.31
Current Y =1143.96
new S = 949.85
Current S passed in conversion module :949.85
Current d vector calculated :0.999984
Current S =949.85
Current X =1722.76
Current Y =1143.93
new S = 950.3
Current S passed in conversion module :950.3
Current d vector calculated :0.999985
Current S =950.3
Current X =1723.21
Current Y =1143.9
new S = 950.75
Current S passed in conversion module :950.75
Current d vector calculated :0.999986
Current S =950.75
Current X =1723.66
Current Y =1143.86
new S = 951.2
Current S passed in conversion module :951.2
Current d vector calculated :0.999986
Current S =951.2
Current X =1724.11
Current Y =1143.83
Previous Path size :42
dist increment = 0.5
end S = 951.23
42
new S = 951.23
Current S passed in conversion module :951.23
Current d vector calculated :0.999986
Current S =951.23
Current X =1724.14
Current Y =1143.83
new S = 951.68
Current S passed in conversion module :951.68
Current d vector calculated :0.999987
Current S =951.68
Current X =1724.59
Current Y =1143.79
new S = 952.13
Current S passed in conversion module :952.13
Current d vector calculated :0.999988
Current S =952.13
Current X =1725.04
Current Y =1143.76
new S = 952.58
Current S passed in conversion module :952.58
Current d vector calculated :0.999989
Current S =952.58
Current X =1725.5
Current Y =1143.72
new S = 953.03
Current S passed in conversion module :953.03
Current d vector calculated :0.999989
Current S =953.03
Current X =1725.95
Current Y =1143.69
new S = 953.48
Current S passed in conversion module :953.48
Current d vector calculated :0.99999
Current S =953.48
Current X =1726.4
Current Y =1143.65
new S = 953.93
Current S passed in conversion module :953.93
Current d vector calculated :0.999991
Current S =953.93
Current X =1726.85
Current Y =1143.62
new S = 954.38
Current S passed in conversion module :954.38
Current d vector calculated :0.999992
Current S =954.38
Current X =1727.3
Current Y =1143.59
Previous Path size :43
dist increment = 0.5
end S = 954.422
43
new S = 954.422
Current S passed in conversion module :954.422
Current d vector calculated :0.999992
Current S =954.422
Current X =1727.34
Current Y =1143.58
new S = 954.872
Current S passed in conversion module :954.872
Current d vector calculated :0.999993
Current S =954.872
Current X =1727.79
Current Y =1143.55
new S = 955.322
Current S passed in conversion module :955.322
Current d vector calculated :0.999994
Current S =955.322
Current X =1728.24
Current Y =1143.51
new S = 955.772
Current S passed in conversion module :955.772
Current d vector calculated :0.999995
Current S =955.772
Current X =1728.69
Current Y =1143.48
new S = 956.222
Current S passed in conversion module :956.222
Current d vector calculated :0.999995
Current S =956.222
Current X =1729.14
Current Y =1143.45
new S = 956.672
Current S passed in conversion module :956.672
Current d vector calculated :0.999996
Current S =956.672
Current X =1729.59
Current Y =1143.41
new S = 957.122
Current S passed in conversion module :957.122
Current d vector calculated :0.999997
Current S =957.122
Current X =1730.04
Current Y =1143.38
Previous Path size :42
dist increment = 0.5
end S = 957.175
42
new S = 957.175
Current S passed in conversion module :957.175
Current d vector calculated :0.999997
Current S =957.175
Current X =1730.1
Current Y =1143.37
new S = 957.625
Current S passed in conversion module :957.625
Current d vector calculated :0.999998
Current S =957.625
Current X =1730.55
Current Y =1143.34
new S = 958.075
Current S passed in conversion module :958.075
Current d vector calculated :0.999999
Current S =958.075
Current X =1731
Current Y =1143.3
new S = 958.525
Current S passed in conversion module :958.525
Current d vector calculated :0.999999
Current S =958.525
Current X =1731.45
Current Y =1143.27
new S = 958.975
Current S passed in conversion module :958.975
Current d vector calculated :1
Current S =958.975
Current X =1731.9
Current Y =1143.24
new S = 959.425
Current S passed in conversion module :959.425
Current d vector calculated :1
Current S =959.425
Current X =1732.36
Current Y =1143.2
new S = 959.875
Current S passed in conversion module :959.875
Current d vector calculated :1
Current S =959.875
Current X =1732.82
Current Y =1143.17
new S = 960.325
Current S passed in conversion module :960.325
Current d vector calculated :1
Current S =960.325
Current X =1733.27
Current Y =1143.15
Previous Path size :43
dist increment = 0.5
end S = 960.407
43
new S = 960.407
Current S passed in conversion module :960.407
Current d vector calculated :1
Current S =960.407
Current X =1733.35
Current Y =1143.14
new S = 960.857
Current S passed in conversion module :960.857
Current d vector calculated :1
Current S =960.857
Current X =1733.8
Current Y =1143.12
new S = 961.307
Current S passed in conversion module :961.307
Current d vector calculated :1
Current S =961.307
Current X =1734.25
Current Y =1143.09
new S = 961.757
Current S passed in conversion module :961.757
Current d vector calculated :1
Current S =961.757
Current X =1734.7
Current Y =1143.07
new S = 962.207
Current S passed in conversion module :962.207
Current d vector calculated :1
Current S =962.207
Current X =1735.15
Current Y =1143.04
new S = 962.657
Current S passed in conversion module :962.657
Current d vector calculated :1
Current S =962.657
Current X =1735.6
Current Y =1143.02
new S = 963.107
Current S passed in conversion module :963.107
Current d vector calculated :1
Current S =963.107
Current X =1736.05
Current Y =1142.99
Previous Path size :42
dist increment = 0.5
end S = 963.065
42
new S = 963.065
Current S passed in conversion module :963.065
Current d vector calculated :1
Current S =963.065
Current X =1736.01
Current Y =1142.99
new S = 963.515
Current S passed in conversion module :963.515
Current d vector calculated :1
Current S =963.515
Current X =1736.46
Current Y =1142.97
new S = 963.965
Current S passed in conversion module :963.965
Current d vector calculated :0.999999
Current S =963.965
Current X =1736.91
Current Y =1142.94
new S = 964.415
Current S passed in conversion module :964.415
Current d vector calculated :0.999999
Current S =964.415
Current X =1737.36
Current Y =1142.91
new S = 964.865
Current S passed in conversion module :964.865
Current d vector calculated :0.999998
Current S =964.865
Current X =1737.81
Current Y =1142.89
new S = 965.315
Current S passed in conversion module :965.315
Current d vector calculated :0.999997
Current S =965.315
Current X =1738.26
Current Y =1142.86
new S = 965.765
Current S passed in conversion module :965.765
Current d vector calculated :0.999997
Current S =965.765
Current X =1738.71
Current Y =1142.84
new S = 966.215
Current S passed in conversion module :966.215
Current d vector calculated :0.999996
Current S =966.215
Current X =1739.16
Current Y =1142.81
Previous Path size :43
dist increment = 0.5
end S = 966.179
43
new S = 966.179
Current S passed in conversion module :966.179
Current d vector calculated :0.999996
Current S =966.179
Current X =1739.12
Current Y =1142.81
new S = 966.629
Current S passed in conversion module :966.629
Current d vector calculated :0.999995
Current S =966.629
Current X =1739.57
Current Y =1142.79
new S = 967.079
Current S passed in conversion module :967.079
Current d vector calculated :0.999994
Current S =967.079
Current X =1740.02
Current Y =1142.76
new S = 967.529
Current S passed in conversion module :967.529
Current d vector calculated :0.999993
Current S =967.529
Current X =1740.47
Current Y =1142.74
new S = 967.979
Current S passed in conversion module :967.979
Current d vector calculated :0.999992
Current S =967.979
Current X =1740.92
Current Y =1142.71
new S = 968.429
Current S passed in conversion module :968.429
Current d vector calculated :0.999991
Current S =968.429
Current X =1741.37
Current Y =1142.69
new S = 968.879
Current S passed in conversion module :968.879
Current d vector calculated :0.99999
Current S =968.879
Current X =1741.82
Current Y =1142.66
Previous Path size :42
dist increment = 0.5
end S = 968.847
42
new S = 968.847
Current S passed in conversion module :968.847
Current d vector calculated :0.99999
Current S =968.847
Current X =1741.79
Current Y =1142.66
new S = 969.297
Current S passed in conversion module :969.297
Current d vector calculated :0.999988
Current S =969.297
Current X =1742.24
Current Y =1142.64
new S = 969.747
Current S passed in conversion module :969.747
Current d vector calculated :0.999987
Current S =969.747
Current X =1742.69
Current Y =1142.61
new S = 970.197
Current S passed in conversion module :970.197
Current d vector calculated :0.999986
Current S =970.197
Current X =1743.14
Current Y =1142.58
new S = 970.647
Current S passed in conversion module :970.647
Current d vector calculated :0.999985
Current S =970.647
Current X =1743.59
Current Y =1142.56
new S = 971.097
Current S passed in conversion module :971.097
Current d vector calculated :0.999983
Current S =971.097
Current X =1744.04
Current Y =1142.53
new S = 971.547
Current S passed in conversion module :971.547
Current d vector calculated :0.999982
Current S =971.547
Current X =1744.49
Current Y =1142.51
new S = 971.997
Current S passed in conversion module :971.997
Current d vector calculated :0.999981
Current S =971.997
Current X =1744.94
Current Y =1142.48
Previous Path size :43
dist increment = 0.5
end S = 971.969
43
new S = 971.969
Current S passed in conversion module :971.969
Current d vector calculated :0.999981
Current S =971.969
Current X =1744.91
Current Y =1142.48
new S = 972.419
Current S passed in conversion module :972.419
Current d vector calculated :0.99998
Current S =972.419
Current X =1745.36
Current Y =1142.46
new S = 972.869
Current S passed in conversion module :972.869
Current d vector calculated :0.999978
Current S =972.869
Current X =1745.81
Current Y =1142.43
new S = 973.319
Current S passed in conversion module :973.319
Current d vector calculated :0.999977
Current S =973.319
Current X =1746.26
Current Y =1142.41
new S = 973.769
Current S passed in conversion module :973.769
Current d vector calculated :0.999976
Current S =973.769
Current X =1746.71
Current Y =1142.38
new S = 974.219
Current S passed in conversion module :974.219
Current d vector calculated :0.999974
Current S =974.219
Current X =1747.16
Current Y =1142.35
new S = 974.669
Current S passed in conversion module :974.669
Current d vector calculated :0.999973
Current S =974.669
Current X =1747.61
Current Y =1142.33
Previous Path size :42
dist increment = 0.5
end S = 974.643
42
new S = 974.643
Current S passed in conversion module :974.643
Current d vector calculated :0.999973
Current S =974.643
Current X =1747.58
Current Y =1142.33
new S = 975.093
Current S passed in conversion module :975.093
Current d vector calculated :0.999972
Current S =975.093
Current X =1748.03
Current Y =1142.3
new S = 975.543
Current S passed in conversion module :975.543
Current d vector calculated :0.999971
Current S =975.543
Current X =1748.48
Current Y =1142.28
new S = 975.993
Current S passed in conversion module :975.993
Current d vector calculated :0.99997
Current S =975.993
Current X =1748.93
Current Y =1142.25
new S = 976.442
Current S passed in conversion module :976.442
Current d vector calculated :0.999969
Current S =976.442
Current X =1749.38
Current Y =1142.23
new S = 976.893
Current S passed in conversion module :976.893
Current d vector calculated :0.999968
Current S =976.893
Current X =1749.83
Current Y =1142.2
new S = 977.343
Current S passed in conversion module :977.343
Current d vector calculated :0.999967
Current S =977.343
Current X =1750.28
Current Y =1142.18
new S = 977.793
Current S passed in conversion module :977.793
Current d vector calculated :0.999966
Current S =977.793
Current X =1750.73
Current Y =1142.15
Previous Path size :42
dist increment = 0.5
end S = 977.768
42
new S = 977.768
Current S passed in conversion module :977.768
Current d vector calculated :0.999966
Current S =977.768
Current X =1750.7
Current Y =1142.15
new S = 978.218
Current S passed in conversion module :978.218
Current d vector calculated :0.999965
Current S =978.218
Current X =1751.15
Current Y =1142.13
new S = 978.668
Current S passed in conversion module :978.668
Current d vector calculated :0.999964
Current S =978.668
Current X =1751.6
Current Y =1142.1
new S = 979.118
Current S passed in conversion module :979.118
Current d vector calculated :0.999964
Current S =979.118
Current X =1752.05
Current Y =1142.07
new S = 979.568
Current S passed in conversion module :979.568
Current d vector calculated :0.999963
Current S =979.568
Current X =1752.5
Current Y =1142.05
new S = 980.018
Current S passed in conversion module :980.018
Current d vector calculated :0.999963
Current S =980.018
Current X =1752.95
Current Y =1142.02
new S = 980.468
Current S passed in conversion module :980.468
Current d vector calculated :0.999963
Current S =980.468
Current X =1753.4
Current Y =1142
new S = 980.918
Current S passed in conversion module :980.918
Current d vector calculated :0.999962
Current S =980.918
Current X =1753.85
Current Y =1141.97
Previous Path size :43
dist increment = 0.5
end S = 980.894
43
new S = 980.894
Current S passed in conversion module :980.894
Current d vector calculated :0.999962
Current S =980.894
Current X =1753.83
Current Y =1141.97
new S = 981.344
Current S passed in conversion module :981.344
Current d vector calculated :0.999962
Current S =981.344
Current X =1754.28
Current Y =1141.95
new S = 981.794
Current S passed in conversion module :981.794
Current d vector calculated :0.999962
Current S =981.794
Current X =1754.72
Current Y =1141.92
new S = 982.244
Current S passed in conversion module :982.244
Current d vector calculated :0.999962
Current S =982.244
Current X =1755.17
Current Y =1141.9
new S = 982.694
Current S passed in conversion module :982.694
Current d vector calculated :0.999963
Current S =982.694
Current X =1755.62
Current Y =1141.87
new S = 983.144
Current S passed in conversion module :983.144
Current d vector calculated :0.999963
Current S =983.144
Current X =1756.07
Current Y =1141.84
new S = 983.594
Current S passed in conversion module :983.594
Current d vector calculated :0.999964
Current S =983.594
Current X =1756.52
Current Y =1141.82
Previous Path size :43
dist increment = 0.5
end S = 983.57
43
new S = 983.57
Current S passed in conversion module :983.57
Current d vector calculated :0.999964
Current S =983.57
Current X =1756.5
Current Y =1141.82
new S = 984.02
Current S passed in conversion module :984.02
Current d vector calculated :0.999964
Current S =984.02
Current X =1756.95
Current Y =1141.79
new S = 984.47
Current S passed in conversion module :984.47
Current d vector calculated :0.999965
Current S =984.47
Current X =1757.4
Current Y =1141.77
new S = 984.92
Current S passed in conversion module :984.92
Current d vector calculated :0.999966
Current S =984.92
Current X =1757.85
Current Y =1141.74
new S = 985.37
Current S passed in conversion module :985.37
Current d vector calculated :0.999968
Current S =985.37
Current X =1758.3
Current Y =1141.72
new S = 985.82
Current S passed in conversion module :985.82
Current d vector calculated :0.999969
Current S =985.82
Current X =1758.75
Current Y =1141.69
new S = 986.27
Current S passed in conversion module :986.27
Current d vector calculated :0.999971
Current S =986.27
Current X =1759.19
Current Y =1141.66
Previous Path size :42
dist increment = 0.5
end S = 986.246
42
new S = 986.246
Current S passed in conversion module :986.246
Current d vector calculated :0.999971
Current S =986.246
Current X =1759.17
Current Y =1141.67
new S = 986.696
Current S passed in conversion module :986.696
Current d vector calculated :0.999973
Current S =986.696
Current X =1759.62
Current Y =1141.64
new S = 987.146
Current S passed in conversion module :987.146
Current d vector calculated :0.999975
Current S =987.146
Current X =1760.07
Current Y =1141.61
new S = 987.596
Current S passed in conversion module :987.596
Current d vector calculated :0.999977
Current S =987.596
Current X =1760.52
Current Y =1141.59
new S = 988.046
Current S passed in conversion module :988.046
Current d vector calculated :0.999979
Current S =988.046
Current X =1760.97
Current Y =1141.56
new S = 988.496
Current S passed in conversion module :988.496
Current d vector calculated :0.999982
Current S =988.496
Current X =1761.42
Current Y =1141.54
new S = 988.946
Current S passed in conversion module :988.946
Current d vector calculated :0.999985
Current S =988.946
Current X =1761.87
Current Y =1141.51
new S = 989.396
Current S passed in conversion module :989.396
Current d vector calculated :0.999988
Current S =989.396
Current X =1762.32
Current Y =1141.49
Previous Path size :43
dist increment = 0.5
end S = 989.374
43
new S = 989.374
Current S passed in conversion module :989.374
Current d vector calculated :0.999988
Current S =989.374
Current X =1762.29
Current Y =1141.49
new S = 989.824
Current S passed in conversion module :989.824
Current d vector calculated :0.999991
Current S =989.824
Current X =1762.74
Current Y =1141.46
new S = 990.274
Current S passed in conversion module :990.274
Current d vector calculated :0.999995
Current S =990.274
Current X =1763.19
Current Y =1141.44
new S = 990.724
Current S passed in conversion module :990.724
Current d vector calculated :0.999999
Current S =990.724
Current X =1763.64
Current Y =1141.41
new S = 991.174
Current S passed in conversion module :991.174
Current d vector calculated :1
Current S =991.174
Current X =1764.08
Current Y =1141.38
new S = 991.624
Current S passed in conversion module :991.624
Current d vector calculated :1.00001
Current S =991.624
Current X =1764.53
Current Y =1141.35
new S = 992.074
Current S passed in conversion module :992.074
Current d vector calculated :1.00001
Current S =992.074
Current X =1764.98
Current Y =1141.32
Previous Path size :41
dist increment = 0.5
end S = 992.099
41
new S = 992.099
Current S passed in conversion module :992.099
Current d vector calculated :1.00001
Current S =992.099
Current X =1765.01
Current Y =1141.32
new S = 992.549
Current S passed in conversion module :992.549
Current d vector calculated :1.00002
Current S =992.549
Current X =1765.46
Current Y =1141.29
new S = 992.999
Current S passed in conversion module :992.999
Current d vector calculated :1.00002
Current S =992.999
Current X =1765.9
Current Y =1141.26
new S = 993.449
Current S passed in conversion module :993.449
Current d vector calculated :1.00003
Current S =993.449
Current X =1766.35
Current Y =1141.23
new S = 993.899
Current S passed in conversion module :993.899
Current d vector calculated :1.00003
Current S =993.899
Current X =1766.8
Current Y =1141.2
new S = 994.349
Current S passed in conversion module :994.349
Current d vector calculated :1.00004
Current S =994.349
Current X =1767.25
Current Y =1141.18
new S = 994.799
Current S passed in conversion module :994.799
Current d vector calculated :1.00004
Current S =994.799
Current X =1767.7
Current Y =1141.15
new S = 995.249
Current S passed in conversion module :995.249
Current d vector calculated :1.00005
Current S =995.249
Current X =1768.15
Current Y =1141.12
new S = 995.699
Current S passed in conversion module :995.699
Current d vector calculated :1.00005
Current S =995.699
Current X =1768.6
Current Y =1141.09
Previous Path size :42
dist increment = 0.5
end S = 995.726
42
new S = 995.726
Current S passed in conversion module :995.726
Current d vector calculated :1.00005
Current S =995.726
Current X =1768.63
Current Y =1141.09
new S = 996.176
Current S passed in conversion module :996.176
Current d vector calculated :1.00006
Current S =996.176
Current X =1769.08
Current Y =1141.06
new S = 996.626
Current S passed in conversion module :996.626
Current d vector calculated :1.00007
Current S =996.626
Current X =1769.53
Current Y =1141.03
new S = 997.076
Current S passed in conversion module :997.076
Current d vector calculated :1.00007
Current S =997.076
Current X =1769.98
Current Y =1141
new S = 997.526
Current S passed in conversion module :997.526
Current d vector calculated :1.00008
Current S =997.526
Current X =1770.42
Current Y =1140.97
new S = 997.976
Current S passed in conversion module :997.976
Current d vector calculated :1.00008
Current S =997.976
Current X =1770.87
Current Y =1140.94
new S = 998.426
Current S passed in conversion module :998.426
Current d vector calculated :1.00009
Current S =998.426
Current X =1771.32
Current Y =1140.91
new S = 998.876
Current S passed in conversion module :998.876
Current d vector calculated :1.00009
Current S =998.876
Current X =1771.77
Current Y =1140.88
Previous Path size :41
dist increment = 0.5
end S = 998.906
41
new S = 998.906
Current S passed in conversion module :998.906
Current d vector calculated :1.00009
Current S =998.906
Current X =1771.8
Current Y =1140.88
new S = 999.356
Current S passed in conversion module :999.356
Current d vector calculated :1.0001
Current S =999.356
Current X =1772.25
Current Y =1140.85
new S = 999.806
Current S passed in conversion module :999.806
Current d vector calculated :1.0001
Current S =999.806
Current X =1772.7
Current Y =1140.82
new S = 1000.26
Current S passed in conversion module :1000.26
Current d vector calculated :1.00011
Current S =1000.26
Current X =1773.15
Current Y =1140.79
new S = 1000.71
Current S passed in conversion module :1000.71
Current d vector calculated :1.00011
Current S =1000.71
Current X =1773.6
Current Y =1140.76
new S = 1001.16
Current S passed in conversion module :1001.16
Current d vector calculated :1.00012
Current S =1001.16
Current X =1774.05
Current Y =1140.73
new S = 1001.61
Current S passed in conversion module :1001.61
Current d vector calculated :1.00012
Current S =1001.61
Current X =1774.5
Current Y =1140.7
new S = 1002.06
Current S passed in conversion module :1002.06
Current d vector calculated :1.00012
Current S =1002.06
Current X =1774.95
Current Y =1140.67
new S = 1002.51
Current S passed in conversion module :1002.51
Current d vector calculated :1.00013
Current S =1002.51
Current X =1775.4
Current Y =1140.64
Previous Path size :42
dist increment = 0.5
end S = 1002.54
42
new S = 1002.54
Current S passed in conversion module :1002.54
Current d vector calculated :1.00013
Current S =1002.54
Current X =1775.44
Current Y =1140.64
new S = 1002.99
Current S passed in conversion module :1002.99
Current d vector calculated :1.00013
Current S =1002.99
Current X =1775.89
Current Y =1140.61
new S = 1003.44
Current S passed in conversion module :1003.44
Current d vector calculated :1.00013
Current S =1003.44
Current X =1776.34
Current Y =1140.58
new S = 1003.89
Current S passed in conversion module :1003.89
Current d vector calculated :1.00014
Current S =1003.89
Current X =1776.79
Current Y =1140.55
new S = 1004.34
Current S passed in conversion module :1004.34
Current d vector calculated :1.00014
Current S =1004.34
Current X =1777.24
Current Y =1140.52
new S = 1004.79
Current S passed in conversion module :1004.79
Current d vector calculated :1.00014
Current S =1004.79
Current X =1777.69
Current Y =1140.49
new S = 1005.24
Current S passed in conversion module :1005.24
Current d vector calculated :1.00014
Current S =1005.24
Current X =1778.14
Current Y =1140.46
new S = 1005.69
Current S passed in conversion module :1005.69
Current d vector calculated :1.00014
Current S =1005.69
Current X =1778.59
Current Y =1140.44
Previous Path size :42
dist increment = 0.5
end S = 1005.74
42
new S = 1005.74
Current S passed in conversion module :1005.74
Current d vector calculated :1.00014
Current S =1005.74
Current X =1778.64
Current Y =1140.43
new S = 1006.19
Current S passed in conversion module :1006.19
Current d vector calculated :1.00015
Current S =1006.19
Current X =1779.09
Current Y =1140.4
new S = 1006.64
Current S passed in conversion module :1006.64
Current d vector calculated :1.00015
Current S =1006.64
Current X =1779.54
Current Y =1140.37
new S = 1007.09
Current S passed in conversion module :1007.09
Current d vector calculated :1.00015
Current S =1007.09
Current X =1779.99
Current Y =1140.34
new S = 1007.54
Current S passed in conversion module :1007.54
Current d vector calculated :1.00015
Current S =1007.54
Current X =1780.44
Current Y =1140.31
new S = 1007.99
Current S passed in conversion module :1007.99
Current d vector calculated :1.00014
Current S =1007.99
Current X =1780.89
Current Y =1140.29
new S = 1008.44
Current S passed in conversion module :1008.44
Current d vector calculated :1.00014
Current S =1008.44
Current X =1781.34
Current Y =1140.26
new S = 1008.89
Current S passed in conversion module :1008.89
Current d vector calculated :1.00014
Current S =1008.89
Current X =1781.79
Current Y =1140.23
Previous Path size :42
dist increment = 0.5
end S = 1008.95
42
new S = 1008.95
Current S passed in conversion module :1008.95
Current d vector calculated :1.00014
Current S =1008.95
Current X =1781.85
Current Y =1140.22
new S = 1009.4
Current S passed in conversion module :1009.4
Current d vector calculated :1.00014
Current S =1009.4
Current X =1782.3
Current Y =1140.19
new S = 1009.85
Current S passed in conversion module :1009.85
Current d vector calculated :1.00014
Current S =1009.85
Current X =1782.76
Current Y =1140.16
new S = 1010.3
Current S passed in conversion module :1010.3
Current d vector calculated :1.00013
Current S =1010.3
Current X =1783.21
Current Y =1140.13
new S = 1010.75
Current S passed in conversion module :1010.75
Current d vector calculated :1.00013
Current S =1010.75
Current X =1783.66
Current Y =1140.1
new S = 1011.2
Current S passed in conversion module :1011.2
Current d vector calculated :1.00013
Current S =1011.2
Current X =1784.11
Current Y =1140.08
new S = 1011.65
Current S passed in conversion module :1011.65
Current d vector calculated :1.00012
Current S =1011.65
Current X =1784.56
Current Y =1140.05
new S = 1012.1
Current S passed in conversion module :1012.1
Current d vector calculated :1.00012
Current S =1012.1
Current X =1785.01
Current Y =1140.02
Previous Path size :41
dist increment = 0.5
end S = 1012.17
41
new S = 1012.17
Current S passed in conversion module :1012.17
Current d vector calculated :1.00012
Current S =1012.17
Current X =1785.09
Current Y =1140.01
new S = 1012.62
Current S passed in conversion module :1012.62
Current d vector calculated :1.00011
Current S =1012.62
Current X =1785.54
Current Y =1139.98
new S = 1013.07
Current S passed in conversion module :1013.07
Current d vector calculated :1.0001
Current S =1013.07
Current X =1786
Current Y =1139.95
new S = 1013.52
Current S passed in conversion module :1013.52
Current d vector calculated :1.0001
Current S =1013.52
Current X =1786.45
Current Y =1139.92
new S = 1013.97
Current S passed in conversion module :1013.97
Current d vector calculated :1.00009
Current S =1013.97
Current X =1786.9
Current Y =1139.89
new S = 1014.42
Current S passed in conversion module :1014.42
Current d vector calculated :1.00008
Current S =1014.42
Current X =1787.35
Current Y =1139.86
new S = 1014.88
Current S passed in conversion module :1014.88
Current d vector calculated :1.00008
Current S =1014.88
Current X =1787.81
Current Y =1139.84
new S = 1015.32
Current S passed in conversion module :1015.32
Current d vector calculated :1.00007
Current S =1015.32
Current X =1788.26
Current Y =1139.81
new S = 1015.77
Current S passed in conversion module :1015.77
Current d vector calculated :1.00006
Current S =1015.77
Current X =1788.71
Current Y =1139.78
Previous Path size :42
dist increment = 0.5
end S = 1015.88
42
new S = 1015.88
Current S passed in conversion module :1015.88
Current d vector calculated :1.00006
Current S =1015.88
Current X =1788.82
Current Y =1139.77
new S = 1016.33
Current S passed in conversion module :1016.33
Current d vector calculated :1.00005
Current S =1016.33
Current X =1789.27
Current Y =1139.74
new S = 1016.78
Current S passed in conversion module :1016.78
Current d vector calculated :1.00004
Current S =1016.78
Current X =1789.72
Current Y =1139.71
new S = 1017.23
Current S passed in conversion module :1017.23
Current d vector calculated :1.00003
Current S =1017.23
Current X =1790.18
Current Y =1139.68
new S = 1017.68
Current S passed in conversion module :1017.68
Current d vector calculated :1.00002
Current S =1017.68
Current X =1790.63
Current Y =1139.65
new S = 1018.13
Current S passed in conversion module :1018.13
Current d vector calculated :1.00001
Current S =1018.13
Current X =1791.08
Current Y =1139.62
new S = 1018.58
Current S passed in conversion module :1018.58
Current d vector calculated :1.00001
Current S =1018.58
Current X =1791.54
Current Y =1139.59
new S = 1019.03
Current S passed in conversion module :1019.03
Current d vector calculated :0.999995
Current S =1019.03
Current X =1792.04
Current Y =1139.57
Previous Path size :42
dist increment = 0.5
end S = 1019.21
42
new S = 1019.21
Current S passed in conversion module :1019.21
Current d vector calculated :0.999991
Current S =1019.21
Current X =1792.22
Current Y =1139.57
new S = 1019.66
Current S passed in conversion module :1019.66
Current d vector calculated :0.999982
Current S =1019.66
Current X =1792.68
Current Y =1139.56
new S = 1020.11
Current S passed in conversion module :1020.11
Current d vector calculated :0.999972
Current S =1020.11
Current X =1793.13
Current Y =1139.55
new S = 1020.56
Current S passed in conversion module :1020.56
Current d vector calculated :0.999962
Current S =1020.56
Current X =1793.59
Current Y =1139.54
new S = 1021.01
Current S passed in conversion module :1021.01
Current d vector calculated :0.999952
Current S =1021.01
Current X =1794.04
Current Y =1139.53
new S = 1021.46
Current S passed in conversion module :1021.46
Current d vector calculated :0.999942
Current S =1021.46
Current X =1794.5
Current Y =1139.52
new S = 1021.91
Current S passed in conversion module :1021.91
Current d vector calculated :0.999932
Current S =1021.91
Current X =1794.95
Current Y =1139.51
new S = 1022.36
Current S passed in conversion module :1022.36
Current d vector calculated :0.999923
Current S =1022.36
Current X =1795.41
Current Y =1139.5
Previous Path size :42
dist increment = 0.5
end S = 1022.27
42
new S = 1022.27
Current S passed in conversion module :1022.27
Current d vector calculated :0.999925
Current S =1022.27
Current X =1795.32
Current Y =1139.5
new S = 1022.72
Current S passed in conversion module :1022.72
Current d vector calculated :0.999915
Current S =1022.72
Current X =1795.77
Current Y =1139.49
new S = 1023.17
Current S passed in conversion module :1023.17
Current d vector calculated :0.999906
Current S =1023.17
Current X =1796.23
Current Y =1139.48
new S = 1023.62
Current S passed in conversion module :1023.62
Current d vector calculated :0.999897
Current S =1023.62
Current X =1796.68
Current Y =1139.47
new S = 1024.07
Current S passed in conversion module :1024.07
Current d vector calculated :0.999888
Current S =1024.07
Current X =1797.14
Current Y =1139.47
new S = 1024.52
Current S passed in conversion module :1024.52
Current d vector calculated :0.999879
Current S =1024.52
Current X =1797.6
Current Y =1139.46
new S = 1024.97
Current S passed in conversion module :1024.97
Current d vector calculated :0.999871
Current S =1024.97
Current X =1798.05
Current Y =1139.45
new S = 1025.42
Current S passed in conversion module :1025.42
Current d vector calculated :0.999863
Current S =1025.42
Current X =1798.51
Current Y =1139.44
Previous Path size :42
dist increment = 0.5
end S = 1025.37
42
new S = 1025.37
Current S passed in conversion module :1025.37
Current d vector calculated :0.999863
Current S =1025.37
Current X =1798.46
Current Y =1139.44
new S = 1025.82
Current S passed in conversion module :1025.82
Current d vector calculated :0.999856
Current S =1025.82
Current X =1798.92
Current Y =1139.43
new S = 1026.27
Current S passed in conversion module :1026.27
Current d vector calculated :0.999848
Current S =1026.27
Current X =1799.37
Current Y =1139.42
new S = 1026.72
Current S passed in conversion module :1026.72
Current d vector calculated :0.999841
Current S =1026.72
Current X =1799.83
Current Y =1139.41
new S = 1027.17
Current S passed in conversion module :1027.17
Current d vector calculated :0.999835
Current S =1027.17
Current X =1800.29
Current Y =1139.4
new S = 1027.62
Current S passed in conversion module :1027.62
Current d vector calculated :0.999829
Current S =1027.62
Current X =1800.74
Current Y =1139.39
new S = 1028.07
Current S passed in conversion module :1028.07
Current d vector calculated :0.999823
Current S =1028.07
Current X =1801.2
Current Y =1139.38
new S = 1028.52
Current S passed in conversion module :1028.52
Current d vector calculated :0.999818
Current S =1028.52
Current X =1801.66
Current Y =1139.37
Previous Path size :42
dist increment = 0.5
end S = 1028.53
42
new S = 1028.53
Current S passed in conversion module :1028.53
Current d vector calculated :0.999818
Current S =1028.53
Current X =1801.66
Current Y =1139.37
new S = 1028.98
Current S passed in conversion module :1028.98
Current d vector calculated :0.999813
Current S =1028.98
Current X =1802.12
Current Y =1139.36
new S = 1029.43
Current S passed in conversion module :1029.43
Current d vector calculated :0.999809
Current S =1029.43
Current X =1802.57
Current Y =1139.35
new S = 1029.88
Current S passed in conversion module :1029.88
Current d vector calculated :0.999805
Current S =1029.88
Current X =1803.03
Current Y =1139.34
new S = 1030.33
Current S passed in conversion module :1030.33
Current d vector calculated :0.999802
Current S =1030.33
Current X =1803.49
Current Y =1139.33
new S = 1030.78
Current S passed in conversion module :1030.78
Current d vector calculated :0.999799
Current S =1030.78
Current X =1803.95
Current Y =1139.32
new S = 1031.23
Current S passed in conversion module :1031.23
Current d vector calculated :0.999797
Current S =1031.23
Current X =1804.4
Current Y =1139.32
new S = 1031.68
Current S passed in conversion module :1031.68
Current d vector calculated :0.999796
Current S =1031.68
Current X =1804.86
Current Y =1139.31
Previous Path size :42
dist increment = 0.5
end S = 1031.73
42
new S = 1031.73
Current S passed in conversion module :1031.73
Current d vector calculated :0.999795
Current S =1031.73
Current X =1804.92
Current Y =1139.3
new S = 1032.18
Current S passed in conversion module :1032.18
Current d vector calculated :0.999795
Current S =1032.18
Current X =1805.37
Current Y =1139.3
new S = 1032.63
Current S passed in conversion module :1032.63
Current d vector calculated :0.999794
Current S =1032.63
Current X =1805.83
Current Y =1139.29
new S = 1033.08
Current S passed in conversion module :1033.08
Current d vector calculated :0.999795
Current S =1033.08
Current X =1806.29
Current Y =1139.28
new S = 1033.53
Current S passed in conversion module :1033.53
Current d vector calculated :0.999795
Current S =1033.53
Current X =1806.75
Current Y =1139.27
new S = 1033.98
Current S passed in conversion module :1033.98
Current d vector calculated :0.999797
Current S =1033.98
Current X =1807.21
Current Y =1139.26
new S = 1034.43
Current S passed in conversion module :1034.43
Current d vector calculated :0.999799
Current S =1034.43
Current X =1807.66
Current Y =1139.25
new S = 1034.88
Current S passed in conversion module :1034.88
Current d vector calculated :0.999801
Current S =1034.88
Current X =1808.12
Current Y =1139.24
Previous Path size :42
dist increment = 0.5
end S = 1034.99
42
new S = 1034.99
Current S passed in conversion module :1034.99
Current d vector calculated :0.999802
Current S =1034.99
Current X =1808.23
Current Y =1139.24
new S = 1035.44
Current S passed in conversion module :1035.44
Current d vector calculated :0.999805
Current S =1035.44
Current X =1808.69
Current Y =1139.23
new S = 1035.89
Current S passed in conversion module :1035.89
Current d vector calculated :0.999809
Current S =1035.89
Current X =1809.15
Current Y =1139.22
new S = 1036.34
Current S passed in conversion module :1036.34
Current d vector calculated :0.999813
Current S =1036.34
Current X =1809.61
Current Y =1139.21
new S = 1036.79
Current S passed in conversion module :1036.79
Current d vector calculated :0.999818
Current S =1036.79
Current X =1810.07
Current Y =1139.2
new S = 1037.24
Current S passed in conversion module :1037.24
Current d vector calculated :0.999823
Current S =1037.24
Current X =1810.53
Current Y =1139.19
new S = 1037.69
Current S passed in conversion module :1037.69
Current d vector calculated :0.999829
Current S =1037.69
Current X =1810.98
Current Y =1139.18
new S = 1038.14
Current S passed in conversion module :1038.14
Current d vector calculated :0.999835
Current S =1038.14
Current X =1811.44
Current Y =1139.17
Previous Path size :42
dist increment = 0.5
end S = 1038.31
42
new S = 1038.31
Current S passed in conversion module :1038.31
Current d vector calculated :0.999838
Current S =1038.31
Current X =1811.62
Current Y =1139.17
new S = 1038.76
Current S passed in conversion module :1038.76
Current d vector calculated :0.999845
Current S =1038.76
Current X =1812.08
Current Y =1139.16
new S = 1039.21
Current S passed in conversion module :1039.21
Current d vector calculated :0.999852
Current S =1039.21
Current X =1812.53
Current Y =1139.15
new S = 1039.66
Current S passed in conversion module :1039.66
Current d vector calculated :0.999859
Current S =1039.66
Current X =1812.99
Current Y =1139.14
new S = 1040.11
Current S passed in conversion module :1040.11
Current d vector calculated :0.999867
Current S =1040.11
Current X =1813.45
Current Y =1139.13
new S = 1040.56
Current S passed in conversion module :1040.56
Current d vector calculated :0.999875
Current S =1040.56
Current X =1813.91
Current Y =1139.12
new S = 1041.01
Current S passed in conversion module :1041.01
Current d vector calculated :0.999883
Current S =1041.01
Current X =1814.37
Current Y =1139.11
new S = 1041.46
Current S passed in conversion module :1041.46
Current d vector calculated :0.999892
Current S =1041.46
Current X =1814.83
Current Y =1139.1
Previous Path size :42
dist increment = 0.5
end S = 1041.7
42
new S = 1041.7
Current S passed in conversion module :1041.7
Current d vector calculated :0.999897
Current S =1041.7
Current X =1815.07
Current Y =1139.1
new S = 1042.15
Current S passed in conversion module :1042.15
Current d vector calculated :0.999905
Current S =1042.15
Current X =1815.53
Current Y =1139.09
new S = 1042.6
Current S passed in conversion module :1042.6
Current d vector calculated :0.999914
Current S =1042.6
Current X =1815.98
Current Y =1139.08
new S = 1043.05
Current S passed in conversion module :1043.05
Current d vector calculated :0.999923
Current S =1043.05
Current X =1816.44
Current Y =1139.07
new S = 1043.5
Current S passed in conversion module :1043.5
Current d vector calculated :0.999932
Current S =1043.5
Current X =1816.9
Current Y =1139.06
new S = 1043.95
Current S passed in conversion module :1043.95
Current d vector calculated :0.999941
Current S =1043.95
Current X =1817.36
Current Y =1139.05
new S = 1044.4
Current S passed in conversion module :1044.4
Current d vector calculated :0.99995
Current S =1044.4
Current X =1817.82
Current Y =1139.04
new S = 1044.85
Current S passed in conversion module :1044.85
Current d vector calculated :0.999958
Current S =1044.85
Current X =1818.28
Current Y =1139.03
Previous Path size :42
dist increment = 0.5
end S = 1045.15
42
new S = 1045.15
Current S passed in conversion module :1045.15
Current d vector calculated :0.999964
Current S =1045.15
Current X =1818.58
Current Y =1139.03
new S = 1045.6
Current S passed in conversion module :1045.6
Current d vector calculated :0.999972
Current S =1045.6
Current X =1819.04
Current Y =1139.02
new S = 1046.05
Current S passed in conversion module :1046.05
Current d vector calculated :0.999979
Current S =1046.05
Current X =1819.5
Current Y =1139.01
new S = 1046.5
Current S passed in conversion module :1046.5
Current d vector calculated :0.999987
Current S =1046.5
Current X =1819.96
Current Y =1139
new S = 1046.95
Current S passed in conversion module :1046.95
Current d vector calculated :0.999993
Current S =1046.95
Current X =1820.42
Current Y =1138.99
new S = 1047.4
Current S passed in conversion module :1047.4
Current d vector calculated :1
Current S =1047.4
Current X =1820.88
Current Y =1138.98
new S = 1047.85
Current S passed in conversion module :1047.85
Current d vector calculated :1.00001
Current S =1047.85
Current X =1821.45
Current Y =1139.03
new S = 1048.3
Current S passed in conversion module :1048.3
Current d vector calculated :1.00001
Current S =1048.3
Current X =1821.91
Current Y =1139.07
Previous Path size :43
dist increment = 0.5
end S = 1048.78
43
new S = 1048.78
Current S passed in conversion module :1048.78
Current d vector calculated :1.00001
Current S =1048.78
Current X =1822.39
Current Y =1139.12
new S = 1049.23
Current S passed in conversion module :1049.23
Current d vector calculated :1.00002
Current S =1049.23
Current X =1822.85
Current Y =1139.16
new S = 1049.68
Current S passed in conversion module :1049.68
Current d vector calculated :1.00002
Current S =1049.68
Current X =1823.31
Current Y =1139.21
new S = 1050.12
Current S passed in conversion module :1050.12
Current d vector calculated :1.00002
Current S =1050.12
Current X =1823.76
Current Y =1139.25
new S = 1050.58
Current S passed in conversion module :1050.58
Current d vector calculated :1.00003
Current S =1050.58
Current X =1824.22
Current Y =1139.3
new S = 1051.03
Current S passed in conversion module :1051.03
Current d vector calculated :1.00003
Current S =1051.03
Current X =1824.67
Current Y =1139.34
new S = 1051.48
Current S passed in conversion module :1051.48
Current d vector calculated :1.00003
Current S =1051.48
Current X =1825.13
Current Y =1139.38
Previous Path size :42
dist increment = 0.5
end S = 1051.19
42
new S = 1051.19
Current S passed in conversion module :1051.19
Current d vector calculated :1.00003
Current S =1051.19
Current X =1824.85
Current Y =1139.36
new S = 1051.64
Current S passed in conversion module :1051.64
Current d vector calculated :1.00003
Current S =1051.64
Current X =1825.3
Current Y =1139.4
new S = 1052.09
Current S passed in conversion module :1052.09
Current d vector calculated :1.00003
Current S =1052.09
Current X =1825.76
Current Y =1139.44
new S = 1052.54
Current S passed in conversion module :1052.54
Current d vector calculated :1.00003
Current S =1052.54
Current X =1826.21
Current Y =1139.49
new S = 1052.99
Current S passed in conversion module :1052.99
Current d vector calculated :1.00003
Current S =1052.99
Current X =1826.67
Current Y =1139.53
new S = 1053.44
Current S passed in conversion module :1053.44
Current d vector calculated :1.00003
Current S =1053.44
Current X =1827.13
Current Y =1139.58
new S = 1053.89
Current S passed in conversion module :1053.89
Current d vector calculated :1.00003
Current S =1053.89
Current X =1827.58
Current Y =1139.62
new S = 1054.34
Current S passed in conversion module :1054.34
Current d vector calculated :1.00003
Current S =1054.34
Current X =1828.04
Current Y =1139.67
Previous Path size :42
dist increment = 0.5
end S = 1054.12
42
new S = 1054.12
Current S passed in conversion module :1054.12
Current d vector calculated :1.00003
Current S =1054.12
Current X =1827.81
Current Y =1139.64
new S = 1054.57
Current S passed in conversion module :1054.57
Current d vector calculated :1.00003
Current S =1054.57
Current X =1828.26
Current Y =1139.69
new S = 1055.02
Current S passed in conversion module :1055.02
Current d vector calculated :1.00003
Current S =1055.02
Current X =1828.72
Current Y =1139.73
new S = 1055.47
Current S passed in conversion module :1055.47
Current d vector calculated :1.00003
Current S =1055.47
Current X =1829.18
Current Y =1139.78
new S = 1055.92
Current S passed in conversion module :1055.92
Current d vector calculated :1.00003
Current S =1055.92
Current X =1829.63
Current Y =1139.82
new S = 1056.37
Current S passed in conversion module :1056.37
Current d vector calculated :1.00002
Current S =1056.37
Current X =1830.09
Current Y =1139.86
new S = 1056.82
Current S passed in conversion module :1056.82
Current d vector calculated :1.00002
Current S =1056.82
Current X =1830.54
Current Y =1139.91
new S = 1057.27
Current S passed in conversion module :1057.27
Current d vector calculated :1.00002
Current S =1057.27
Current X =1831
Current Y =1139.95
Previous Path size :42
dist increment = 0.5
end S = 1057.09
42
new S = 1057.09
Current S passed in conversion module :1057.09
Current d vector calculated :1.00002
Current S =1057.09
Current X =1830.82
Current Y =1139.94
new S = 1057.54
Current S passed in conversion module :1057.54
Current d vector calculated :1.00002
Current S =1057.54
Current X =1831.28
Current Y =1139.98
new S = 1057.99
Current S passed in conversion module :1057.99
Current d vector calculated :1.00002
Current S =1057.99
Current X =1831.73
Current Y =1140.02
new S = 1058.44
Current S passed in conversion module :1058.44
Current d vector calculated :1.00001
Current S =1058.44
Current X =1832.19
Current Y =1140.07
new S = 1058.89
Current S passed in conversion module :1058.89
Current d vector calculated :1.00001
Current S =1058.89
Current X =1832.64
Current Y =1140.11
new S = 1059.34
Current S passed in conversion module :1059.34
Current d vector calculated :1.00001
Current S =1059.34
Current X =1833.1
Current Y =1140.16
new S = 1059.79
Current S passed in conversion module :1059.79
Current d vector calculated :1.00001
Current S =1059.79
Current X =1833.56
Current Y =1140.2
new S = 1060.24
Current S passed in conversion module :1060.24
Current d vector calculated :1
Current S =1060.24
Current X =1834.01
Current Y =1140.24
Previous Path size :42
dist increment = 0.5
end S = 1060.12
42
new S = 1060.12
Current S passed in conversion module :1060.12
Current d vector calculated :1
Current S =1060.12
Current X =1833.89
Current Y =1140.23
new S = 1060.57
Current S passed in conversion module :1060.57
Current d vector calculated :1
Current S =1060.57
Current X =1834.34
Current Y =1140.28
new S = 1061.02
Current S passed in conversion module :1061.02
Current d vector calculated :0.999998
Current S =1061.02
Current X =1834.8
Current Y =1140.32
new S = 1061.47
Current S passed in conversion module :1061.47
Current d vector calculated :0.999996
Current S =1061.47
Current X =1835.25
Current Y =1140.37
new S = 1061.92
Current S passed in conversion module :1061.92
Current d vector calculated :0.999993
Current S =1061.92
Current X =1835.71
Current Y =1140.41
new S = 1062.37
Current S passed in conversion module :1062.37
Current d vector calculated :0.999991
Current S =1062.37
Current X =1836.16
Current Y =1140.45
new S = 1062.82
Current S passed in conversion module :1062.82
Current d vector calculated :0.999988
Current S =1062.82
Current X =1836.62
Current Y =1140.5
new S = 1063.27
Current S passed in conversion module :1063.27
Current d vector calculated :0.999986
Current S =1063.27
Current X =1837.07
Current Y =1140.54
Previous Path size :43
dist increment = 0.5
end S = 1063.19
43
new S = 1063.19
Current S passed in conversion module :1063.19
Current d vector calculated :0.999986
Current S =1063.19
Current X =1837
Current Y =1140.54
new S = 1063.64
Current S passed in conversion module :1063.64
Current d vector calculated :0.999984
Current S =1063.64
Current X =1837.45
Current Y =1140.58
new S = 1064.09
Current S passed in conversion module :1064.09
Current d vector calculated :0.999982
Current S =1064.09
Current X =1837.91
Current Y =1140.62
new S = 1064.54
Current S passed in conversion module :1064.54
Current d vector calculated :0.99998
Current S =1064.54
Current X =1838.36
Current Y =1140.67
new S = 1064.99
Current S passed in conversion module :1064.99
Current d vector calculated :0.999978
Current S =1064.99
Current X =1838.82
Current Y =1140.71
new S = 1065.44
Current S passed in conversion module :1065.44
Current d vector calculated :0.999976
Current S =1065.44
Current X =1839.27
Current Y =1140.76
new S = 1065.89
Current S passed in conversion module :1065.89
Current d vector calculated :0.999975
Current S =1065.89
Current X =1839.73
Current Y =1140.8
Previous Path size :42
dist increment = 0.5
end S = 1065.86
42
new S = 1065.86
Current S passed in conversion module :1065.86
Current d vector calculated :0.999975
Current S =1065.86
Current X =1839.7
Current Y =1140.8
new S = 1066.31
Current S passed in conversion module :1066.31
Current d vector calculated :0.999973
Current S =1066.31
Current X =1840.15
Current Y =1140.84
new S = 1066.76
Current S passed in conversion module :1066.76
Current d vector calculated :0.999972
Current S =1066.76
Current X =1840.61
Current Y =1140.89
new S = 1067.21
Current S passed in conversion module :1067.21
Current d vector calculated :0.999971
Current S =1067.21
Current X =1841.06
Current Y =1140.93
new S = 1067.66
Current S passed in conversion module :1067.66
Current d vector calculated :0.99997
Current S =1067.66
Current X =1841.52
Current Y =1140.98
new S = 1068.11
Current S passed in conversion module :1068.11
Current d vector calculated :0.99997
Current S =1068.11
Current X =1841.97
Current Y =1141.02
new S = 1068.56
Current S passed in conversion module :1068.56
Current d vector calculated :0.999969
Current S =1068.56
Current X =1842.43
Current Y =1141.06
new S = 1069.01
Current S passed in conversion module :1069.01
Current d vector calculated :0.999969
Current S =1069.01
Current X =1842.88
Current Y =1141.11
Previous Path size :42
dist increment = 0.5
end S = 1069.03
42
new S = 1069.03
Current S passed in conversion module :1069.03
Current d vector calculated :0.999969
Current S =1069.03
Current X =1842.9
Current Y =1141.11
new S = 1069.48
Current S passed in conversion module :1069.48
Current d vector calculated :0.999969
Current S =1069.48
Current X =1843.35
Current Y =1141.16
new S = 1069.93
Current S passed in conversion module :1069.93
Current d vector calculated :0.99997
Current S =1069.93
Current X =1843.81
Current Y =1141.2
new S = 1070.38
Current S passed in conversion module :1070.38
Current d vector calculated :0.99997
Current S =1070.38
Current X =1844.26
Current Y =1141.24
new S = 1070.83
Current S passed in conversion module :1070.83
Current d vector calculated :0.999971
Current S =1070.83
Current X =1844.72
Current Y =1141.29
new S = 1071.28
Current S passed in conversion module :1071.28
Current d vector calculated :0.999973
Current S =1071.28
Current X =1845.17
Current Y =1141.33
new S = 1071.73
Current S passed in conversion module :1071.73
Current d vector calculated :0.999974
Current S =1071.73
Current X =1845.63
Current Y =1141.38
new S = 1072.18
Current S passed in conversion module :1072.18
Current d vector calculated :0.999976
Current S =1072.18
Current X =1846.08
Current Y =1141.42
Previous Path size :43
dist increment = 0.5
end S = 1072.24
43
new S = 1072.24
Current S passed in conversion module :1072.24
Current d vector calculated :0.999976
Current S =1072.24
Current X =1846.15
Current Y =1141.43
new S = 1072.69
Current S passed in conversion module :1072.69
Current d vector calculated :0.999979
Current S =1072.69
Current X =1846.6
Current Y =1141.47
new S = 1073.14
Current S passed in conversion module :1073.14
Current d vector calculated :0.999981
Current S =1073.14
Current X =1847.05
Current Y =1141.52
new S = 1073.59
Current S passed in conversion module :1073.59
Current d vector calculated :0.999984
Current S =1073.59
Current X =1847.51
Current Y =1141.56
new S = 1074.04
Current S passed in conversion module :1074.04
Current d vector calculated :0.999987
Current S =1074.04
Current X =1847.96
Current Y =1141.61
new S = 1074.49
Current S passed in conversion module :1074.49
Current d vector calculated :0.999991
Current S =1074.49
Current X =1848.42
Current Y =1141.65
new S = 1074.94
Current S passed in conversion module :1074.94
Current d vector calculated :0.999995
Current S =1074.94
Current X =1848.87
Current Y =1141.69
Previous Path size :42
dist increment = 0.5
end S = 1075.05
42
new S = 1075.05
Current S passed in conversion module :1075.05
Current d vector calculated :0.999996
Current S =1075.05
Current X =1848.97
Current Y =1141.7
new S = 1075.5
Current S passed in conversion module :1075.5
Current d vector calculated :1
Current S =1075.5
Current X =1849.46
Current Y =1141.75
new S = 1075.95
Current S passed in conversion module :1075.95
Current d vector calculated :1.00001
Current S =1075.95
Current X =1849.91
Current Y =1141.81
new S = 1076.4
Current S passed in conversion module :1076.4
Current d vector calculated :1.00001
Current S =1076.4
Current X =1850.36
Current Y =1141.87
new S = 1076.85
Current S passed in conversion module :1076.85
Current d vector calculated :1.00002
Current S =1076.85
Current X =1850.82
Current Y =1141.93
new S = 1077.3
Current S passed in conversion module :1077.3
Current d vector calculated :1.00002
Current S =1077.3
Current X =1851.27
Current Y =1141.99
new S = 1077.75
Current S passed in conversion module :1077.75
Current d vector calculated :1.00003
Current S =1077.75
Current X =1851.72
Current Y =1142.05
new S = 1078.2
Current S passed in conversion module :1078.2
Current d vector calculated :1.00003
Current S =1078.2
Current X =1852.17
Current Y =1142.11
Previous Path size :42
dist increment = 0.5
end S = 1078.37
42
new S = 1078.37
Current S passed in conversion module :1078.37
Current d vector calculated :1.00004
Current S =1078.37
Current X =1852.35
Current Y =1142.14
new S = 1078.82
Current S passed in conversion module :1078.82
Current d vector calculated :1.00004
Current S =1078.82
Current X =1852.8
Current Y =1142.2
new S = 1079.27
Current S passed in conversion module :1079.27
Current d vector calculated :1.00005
Current S =1079.27
Current X =1853.25
Current Y =1142.26
new S = 1079.72
Current S passed in conversion module :1079.72
Current d vector calculated :1.00006
Current S =1079.72
Current X =1853.7
Current Y =1142.32
new S = 1080.17
Current S passed in conversion module :1080.17
Current d vector calculated :1.00006
Current S =1080.17
Current X =1854.16
Current Y =1142.38
new S = 1080.62
Current S passed in conversion module :1080.62
Current d vector calculated :1.00007
Current S =1080.62
Current X =1854.61
Current Y =1142.44
new S = 1081.07
Current S passed in conversion module :1081.07
Current d vector calculated :1.00008
Current S =1081.07
Current X =1855.06
Current Y =1142.5
new S = 1081.52
Current S passed in conversion module :1081.52
Current d vector calculated :1.00008
Current S =1081.52
Current X =1855.51
Current Y =1142.56
Previous Path size :42
dist increment = 0.5
end S = 1081.5
42
new S = 1081.5
Current S passed in conversion module :1081.5
Current d vector calculated :1.00008
Current S =1081.5
Current X =1855.49
Current Y =1142.55
new S = 1081.95
Current S passed in conversion module :1081.95
Current d vector calculated :1.00009
Current S =1081.95
Current X =1855.94
Current Y =1142.61
new S = 1082.4
Current S passed in conversion module :1082.4
Current d vector calculated :1.00009
Current S =1082.4
Current X =1856.39
Current Y =1142.67
new S = 1082.85
Current S passed in conversion module :1082.85
Current d vector calculated :1.0001
Current S =1082.85
Current X =1856.84
Current Y =1142.73
new S = 1083.3
Current S passed in conversion module :1083.3
Current d vector calculated :1.00011
Current S =1083.3
Current X =1857.29
Current Y =1142.79
new S = 1083.75
Current S passed in conversion module :1083.75
Current d vector calculated :1.00011
Current S =1083.75
Current X =1857.74
Current Y =1142.85
new S = 1084.2
Current S passed in conversion module :1084.2
Current d vector calculated :1.00012
Current S =1084.2
Current X =1858.19
Current Y =1142.91
new S = 1084.65
Current S passed in conversion module :1084.65
Current d vector calculated :1.00012
Current S =1084.65
Current X =1858.64
Current Y =1142.97
Previous Path size :42
dist increment = 0.5
end S = 1084.66
42
new S = 1084.66
Current S passed in conversion module :1084.66
Current d vector calculated :1.00012
Current S =1084.66
Current X =1858.66
Current Y =1142.97
new S = 1085.11
Current S passed in conversion module :1085.11
Current d vector calculated :1.00013
Current S =1085.11
Current X =1859.11
Current Y =1143.03
new S = 1085.56
Current S passed in conversion module :1085.56
Current d vector calculated :1.00014
Current S =1085.56
Current X =1859.56
Current Y =1143.09
new S = 1086.01
Current S passed in conversion module :1086.01
Current d vector calculated :1.00014
Current S =1086.01
Current X =1860.01
Current Y =1143.15
new S = 1086.46
Current S passed in conversion module :1086.46
Current d vector calculated :1.00014
Current S =1086.46
Current X =1860.46
Current Y =1143.21
new S = 1086.91
Current S passed in conversion module :1086.91
Current d vector calculated :1.00015
Current S =1086.91
Current X =1860.91
Current Y =1143.27
new S = 1087.36
Current S passed in conversion module :1087.36
Current d vector calculated :1.00015
Current S =1087.36
Current X =1861.36
Current Y =1143.33
new S = 1087.81
Current S passed in conversion module :1087.81
Current d vector calculated :1.00016
Current S =1087.81
Current X =1861.81
Current Y =1143.39
Previous Path size :43
dist increment = 0.5
end S = 1087.86
43
new S = 1087.86
Current S passed in conversion module :1087.86
Current d vector calculated :1.00016
Current S =1087.86
Current X =1861.86
Current Y =1143.4
new S = 1088.31
Current S passed in conversion module :1088.31
Current d vector calculated :1.00016
Current S =1088.31
Current X =1862.31
Current Y =1143.46
new S = 1088.76
Current S passed in conversion module :1088.76
Current d vector calculated :1.00016
Current S =1088.76
Current X =1862.76
Current Y =1143.52
new S = 1089.21
Current S passed in conversion module :1089.21
Current d vector calculated :1.00017
Current S =1089.21
Current X =1863.21
Current Y =1143.58
new S = 1089.66
Current S passed in conversion module :1089.66
Current d vector calculated :1.00017
Current S =1089.66
Current X =1863.67
Current Y =1143.64
new S = 1090.11
Current S passed in conversion module :1090.11
Current d vector calculated :1.00017
Current S =1090.11
Current X =1864.12
Current Y =1143.7
new S = 1090.56
Current S passed in conversion module :1090.56
Current d vector calculated :1.00017
Current S =1090.56
Current X =1864.57
Current Y =1143.76
Previous Path size :42
dist increment = 0.5
end S = 1090.64
42
new S = 1090.64
Current S passed in conversion module :1090.64
Current d vector calculated :1.00017
Current S =1090.64
Current X =1864.65
Current Y =1143.77
new S = 1091.09
Current S passed in conversion module :1091.09
Current d vector calculated :1.00017
Current S =1091.09
Current X =1865.1
Current Y =1143.83
new S = 1091.54
Current S passed in conversion module :1091.54
Current d vector calculated :1.00017
Current S =1091.54
Current X =1865.55
Current Y =1143.89
new S = 1091.99
Current S passed in conversion module :1091.99
Current d vector calculated :1.00017
Current S =1091.99
Current X =1866
Current Y =1143.95
new S = 1092.44
Current S passed in conversion module :1092.44
Current d vector calculated :1.00017
Current S =1092.44
Current X =1866.45
Current Y =1144.01
new S = 1092.89
Current S passed in conversion module :1092.89
Current d vector calculated :1.00017
Current S =1092.89
Current X =1866.9
Current Y =1144.07
new S = 1093.34
Current S passed in conversion module :1093.34
Current d vector calculated :1.00017
Current S =1093.34
Current X =1867.35
Current Y =1144.13
new S = 1093.79
Current S passed in conversion module :1093.79
Current d vector calculated :1.00017
Current S =1093.79
Current X =1867.8
Current Y =1144.19
Previous Path size :42
dist increment = 0.5
end S = 1093.9
42
new S = 1093.9
Current S passed in conversion module :1093.9
Current d vector calculated :1.00017
Current S =1093.9
Current X =1867.91
Current Y =1144.21
new S = 1094.35
Current S passed in conversion module :1094.35
Current d vector calculated :1.00017
Current S =1094.35
Current X =1868.37
Current Y =1144.27
new S = 1094.8
Current S passed in conversion module :1094.8
Current d vector calculated :1.00017
Current S =1094.8
Current X =1868.82
Current Y =1144.33
new S = 1095.25
Current S passed in conversion module :1095.25
Current d vector calculated :1.00016
Current S =1095.25
Current X =1869.27
Current Y =1144.39
new S = 1095.7
Current S passed in conversion module :1095.7
Current d vector calculated :1.00016
Current S =1095.7
Current X =1869.72
Current Y =1144.45
new S = 1096.15
Current S passed in conversion module :1096.15
Current d vector calculated :1.00016
Current S =1096.15
Current X =1870.17
Current Y =1144.51
new S = 1096.6
Current S passed in conversion module :1096.6
Current d vector calculated :1.00015
Current S =1096.6
Current X =1870.62
Current Y =1144.57
new S = 1097.05
Current S passed in conversion module :1097.05
Current d vector calculated :1.00015
Current S =1097.05
Current X =1871.07
Current Y =1144.63
Previous Path size :42
dist increment = 0.5
end S = 1097.2
42
new S = 1097.2
Current S passed in conversion module :1097.2
Current d vector calculated :1.00015
Current S =1097.2
Current X =1871.22
Current Y =1144.65
new S = 1097.65
Current S passed in conversion module :1097.65
Current d vector calculated :1.00014
Current S =1097.65
Current X =1871.67
Current Y =1144.71
new S = 1098.1
Current S passed in conversion module :1098.1
Current d vector calculated :1.00014
Current S =1098.1
Current X =1872.12
Current Y =1144.77
new S = 1098.55
Current S passed in conversion module :1098.55
Current d vector calculated :1.00013
Current S =1098.55
Current X =1872.57
Current Y =1144.83
new S = 1099
Current S passed in conversion module :1099
Current d vector calculated :1.00012
Current S =1099
Current X =1873.03
Current Y =1144.89
new S = 1099.45
Current S passed in conversion module :1099.45
Current d vector calculated :1.00012
Current S =1099.45
Current X =1873.48
Current Y =1144.95
new S = 1099.9
Current S passed in conversion module :1099.9
Current d vector calculated :1.00011
Current S =1099.9
Current X =1873.93
Current Y =1145.01
new S = 1100.35
Current S passed in conversion module :1100.35
Current d vector calculated :1.0001
Current S =1100.35
Current X =1874.38
Current Y =1145.07
Previous Path size :43
dist increment = 0.5
end S = 1100.53
43
new S = 1100.53
Current S passed in conversion module :1100.53
Current d vector calculated :1.0001
Current S =1100.53
Current X =1874.57
Current Y =1145.09
new S = 1100.98
Current S passed in conversion module :1100.98
Current d vector calculated :1.00009
Current S =1100.98
Current X =1875.02
Current Y =1145.15
new S = 1101.43
Current S passed in conversion module :1101.43
Current d vector calculated :1.00009
Current S =1101.43
Current X =1875.47
Current Y =1145.21
new S = 1101.88
Current S passed in conversion module :1101.88
Current d vector calculated :1.00008
Current S =1101.88
Current X =1875.92
Current Y =1145.27
new S = 1102.33
Current S passed in conversion module :1102.33
Current d vector calculated :1.00007
Current S =1102.33
Current X =1876.37
Current Y =1145.33
new S = 1102.78
Current S passed in conversion module :1102.78
Current d vector calculated :1.00006
Current S =1102.78
Current X =1876.82
Current Y =1145.39
new S = 1103.23
Current S passed in conversion module :1103.23
Current d vector calculated :1.00005
Current S =1103.23
Current X =1877.27
Current Y =1145.45
Previous Path size :41
dist increment = 0.5
end S = 1103.45
41
new S = 1103.45
Current S passed in conversion module :1103.45
Current d vector calculated :1.00005
Current S =1103.45
Current X =1877.49
Current Y =1145.48
new S = 1103.9
Current S passed in conversion module :1103.9
Current d vector calculated :1.00004
Current S =1103.9
Current X =1877.95
Current Y =1145.54
new S = 1104.35
Current S passed in conversion module :1104.35
Current d vector calculated :1.00003
Current S =1104.35
Current X =1878.4
Current Y =1145.6
new S = 1104.8
Current S passed in conversion module :1104.8
Current d vector calculated :1.00002
Current S =1104.8
Current X =1878.85
Current Y =1145.66
new S = 1105.25
Current S passed in conversion module :1105.25
Current d vector calculated :1.00001
Current S =1105.25
Current X =1879.3
Current Y =1145.72
new S = 1105.7
Current S passed in conversion module :1105.7
Current d vector calculated :1
Current S =1105.7
Current X =1879.75
Current Y =1145.78
new S = 1106.15
Current S passed in conversion module :1106.15
Current d vector calculated :0.999993
Current S =1106.15
Current X =1880.28
Current Y =1145.89
new S = 1106.6
Current S passed in conversion module :1106.6
Current d vector calculated :0.999984
Current S =1106.6
Current X =1880.73
Current Y =1145.99
new S = 1107.05
Current S passed in conversion module :1107.05
Current d vector calculated :0.999974
Current S =1107.05
Current X =1881.17
Current Y =1146.09
Previous Path size :43
dist increment = 0.5
end S = 1107.4
43
new S = 1107.4
Current S passed in conversion module :1107.4
Current d vector calculated :0.999967
Current S =1107.4
Current X =1881.52
Current Y =1146.16
new S = 1107.85
Current S passed in conversion module :1107.85
Current d vector calculated :0.999957
Current S =1107.85
Current X =1881.97
Current Y =1146.26
new S = 1108.3
Current S passed in conversion module :1108.3
Current d vector calculated :0.999948
Current S =1108.3
Current X =1882.41
Current Y =1146.36
new S = 1108.75
Current S passed in conversion module :1108.75
Current d vector calculated :0.999938
Current S =1108.75
Current X =1882.86
Current Y =1146.46
new S = 1109.2
Current S passed in conversion module :1109.2
Current d vector calculated :0.999929
Current S =1109.2
Current X =1883.3
Current Y =1146.56
new S = 1109.65
Current S passed in conversion module :1109.65
Current d vector calculated :0.99992
Current S =1109.65
Current X =1883.75
Current Y =1146.66
new S = 1110.1
Current S passed in conversion module :1110.1
Current d vector calculated :0.999911
Current S =1110.1
Current X =1884.19
Current Y =1146.76
Previous Path size :42
dist increment = 0.5
end S = 1109.89
42
new S = 1109.89
Current S passed in conversion module :1109.89
Current d vector calculated :0.999915
Current S =1109.89
Current X =1883.98
Current Y =1146.71
new S = 1110.34
Current S passed in conversion module :1110.34
Current d vector calculated :0.999907
Current S =1110.34
Current X =1884.42
Current Y =1146.81
new S = 1110.79
Current S passed in conversion module :1110.79
Current d vector calculated :0.999898
Current S =1110.79
Current X =1884.87
Current Y =1146.91
new S = 1111.24
Current S passed in conversion module :1111.24
Current d vector calculated :0.99989
Current S =1111.24
Current X =1885.31
Current Y =1147.01
new S = 1111.69
Current S passed in conversion module :1111.69
Current d vector calculated :0.999881
Current S =1111.69
Current X =1885.76
Current Y =1147.11
new S = 1112.14
Current S passed in conversion module :1112.14
Current d vector calculated :0.999874
Current S =1112.14
Current X =1886.2
Current Y =1147.21
new S = 1112.59
Current S passed in conversion module :1112.59
Current d vector calculated :0.999866
Current S =1112.59
Current X =1886.65
Current Y =1147.31
new S = 1113.04
Current S passed in conversion module :1113.04
Current d vector calculated :0.999859
Current S =1113.04
Current X =1887.09
Current Y =1147.41
Previous Path size :42
dist increment = 0.5
end S = 1112.86
42
new S = 1112.86
Current S passed in conversion module :1112.86
Current d vector calculated :0.999862
Current S =1112.86
Current X =1886.92
Current Y =1147.37
new S = 1113.31
Current S passed in conversion module :1113.31
Current d vector calculated :0.999854
Current S =1113.31
Current X =1887.36
Current Y =1147.47
new S = 1113.76
Current S passed in conversion module :1113.76
Current d vector calculated :0.999848
Current S =1113.76
Current X =1887.81
Current Y =1147.57
new S = 1114.21
Current S passed in conversion module :1114.21
Current d vector calculated :0.999841
Current S =1114.21
Current X =1888.26
Current Y =1147.67
new S = 1114.66
Current S passed in conversion module :1114.66
Current d vector calculated :0.999835
Current S =1114.66
Current X =1888.7
Current Y =1147.77
new S = 1115.11
Current S passed in conversion module :1115.11
Current d vector calculated :0.99983
Current S =1115.11
Current X =1889.15
Current Y =1147.86
new S = 1115.56
Current S passed in conversion module :1115.56
Current d vector calculated :0.999824
Current S =1115.56
Current X =1889.59
Current Y =1147.96
new S = 1116.01
Current S passed in conversion module :1116.01
Current d vector calculated :0.999819
Current S =1116.01
Current X =1890.04
Current Y =1148.06
Previous Path size :42
dist increment = 0.5
end S = 1115.88
42
new S = 1115.88
Current S passed in conversion module :1115.88
Current d vector calculated :0.999821
Current S =1115.88
Current X =1889.91
Current Y =1148.03
new S = 1116.33
Current S passed in conversion module :1116.33
Current d vector calculated :0.999816
Current S =1116.33
Current X =1890.35
Current Y =1148.13
new S = 1116.78
Current S passed in conversion module :1116.78
Current d vector calculated :0.999812
Current S =1116.78
Current X =1890.8
Current Y =1148.23
new S = 1117.23
Current S passed in conversion module :1117.23
Current d vector calculated :0.999808
Current S =1117.23
Current X =1891.24
Current Y =1148.33
new S = 1117.68
Current S passed in conversion module :1117.68
Current d vector calculated :0.999805
Current S =1117.68
Current X =1891.69
Current Y =1148.43
new S = 1118.13
Current S passed in conversion module :1118.13
Current d vector calculated :0.999802
Current S =1118.13
Current X =1892.13
Current Y =1148.53
new S = 1118.58
Current S passed in conversion module :1118.58
Current d vector calculated :0.9998
Current S =1118.58
Current X =1892.58
Current Y =1148.63
new S = 1119.03
Current S passed in conversion module :1119.03
Current d vector calculated :0.999798
Current S =1119.03
Current X =1893.02
Current Y =1148.73
Previous Path size :43
dist increment = 0.5
end S = 1118.94
43
new S = 1118.94
Current S passed in conversion module :1118.94
Current d vector calculated :0.999798
Current S =1118.94
Current X =1892.94
Current Y =1148.71
new S = 1119.39
Current S passed in conversion module :1119.39
Current d vector calculated :0.999797
Current S =1119.39
Current X =1893.38
Current Y =1148.81
new S = 1119.84
Current S passed in conversion module :1119.84
Current d vector calculated :0.999796
Current S =1119.84
Current X =1893.83
Current Y =1148.91
new S = 1120.29
Current S passed in conversion module :1120.29
Current d vector calculated :0.999796
Current S =1120.29
Current X =1894.27
Current Y =1149.01
new S = 1120.74
Current S passed in conversion module :1120.74
Current d vector calculated :0.999796
Current S =1120.74
Current X =1894.72
Current Y =1149.11
new S = 1121.19
Current S passed in conversion module :1121.19
Current d vector calculated :0.999796
Current S =1121.19
Current X =1895.17
Current Y =1149.21
new S = 1121.64
Current S passed in conversion module :1121.64
Current d vector calculated :0.999797
Current S =1121.64
Current X =1895.61
Current Y =1149.31
Previous Path size :43
dist increment = 0.5
end S = 1121.59
43
new S = 1121.59
Current S passed in conversion module :1121.59
Current d vector calculated :0.999797
Current S =1121.59
Current X =1895.56
Current Y =1149.3
new S = 1122.04
Current S passed in conversion module :1122.04
Current d vector calculated :0.999798
Current S =1122.04
Current X =1896.01
Current Y =1149.4
new S = 1122.49
Current S passed in conversion module :1122.49
Current d vector calculated :0.9998
Current S =1122.49
Current X =1896.45
Current Y =1149.5
new S = 1122.94
Current S passed in conversion module :1122.94
Current d vector calculated :0.999803
Current S =1122.94
Current X =1896.9
Current Y =1149.6
new S = 1123.39
Current S passed in conversion module :1123.39
Current d vector calculated :0.999806
Current S =1123.39
Current X =1897.35
Current Y =1149.69
new S = 1123.84
Current S passed in conversion module :1123.84
Current d vector calculated :0.999809
Current S =1123.84
Current X =1897.79
Current Y =1149.79
new S = 1124.29
Current S passed in conversion module :1124.29
Current d vector calculated :0.999813
Current S =1124.29
Current X =1898.24
Current Y =1149.89
Previous Path size :43
dist increment = 0.5
end S = 1124.28
43
new S = 1124.28
Current S passed in conversion module :1124.28
Current d vector calculated :0.999813
Current S =1124.28
Current X =1898.23
Current Y =1149.89
new S = 1124.73
Current S passed in conversion module :1124.73
Current d vector calculated :0.999818
Current S =1124.73
Current X =1898.67
Current Y =1149.99
new S = 1125.18
Current S passed in conversion module :1125.18
Current d vector calculated :0.999823
Current S =1125.18
Current X =1899.12
Current Y =1150.09
new S = 1125.63
Current S passed in conversion module :1125.63
Current d vector calculated :0.999828
Current S =1125.63
Current X =1899.56
Current Y =1150.19
new S = 1126.08
Current S passed in conversion module :1126.08
Current d vector calculated :0.999834
Current S =1126.08
Current X =1900.01
Current Y =1150.29
new S = 1126.53
Current S passed in conversion module :1126.53
Current d vector calculated :0.999841
Current S =1126.53
Current X =1900.46
Current Y =1150.39
new S = 1126.98
Current S passed in conversion module :1126.98
Current d vector calculated :0.999848
Current S =1126.98
Current X =1900.9
Current Y =1150.49
Previous Path size :43
dist increment = 0.5
end S = 1127.01
43
new S = 1127.01
Current S passed in conversion module :1127.01
Current d vector calculated :0.999848
Current S =1127.01
Current X =1900.93
Current Y =1150.5
new S = 1127.46
Current S passed in conversion module :1127.46
Current d vector calculated :0.999855
Current S =1127.46
Current X =1901.38
Current Y =1150.6
new S = 1127.91
Current S passed in conversion module :1127.91
Current d vector calculated :0.999863
Current S =1127.91
Current X =1901.82
Current Y =1150.7
new S = 1128.36
Current S passed in conversion module :1128.36
Current d vector calculated :0.999871
Current S =1128.36
Current X =1902.27
Current Y =1150.8
new S = 1128.81
Current S passed in conversion module :1128.81
Current d vector calculated :0.99988
Current S =1128.81
Current X =1902.72
Current Y =1150.89
new S = 1129.26
Current S passed in conversion module :1129.26
Current d vector calculated :0.999889
Current S =1129.26
Current X =1903.16
Current Y =1150.99
new S = 1129.71
Current S passed in conversion module :1129.71
Current d vector calculated :0.999899
Current S =1129.71
Current X =1903.61
Current Y =1151.09
Previous Path size :42
dist increment = 0.5
end S = 1129.78
42
new S = 1129.78
Current S passed in conversion module :1129.78
Current d vector calculated :0.9999
Current S =1129.78
Current X =1903.68
Current Y =1151.11
new S = 1130.23
Current S passed in conversion module :1130.23
Current d vector calculated :0.99991
Current S =1130.23
Current X =1904.12
Current Y =1151.21
new S = 1130.68
Current S passed in conversion module :1130.68
Current d vector calculated :0.99992
Current S =1130.68
Current X =1904.57
Current Y =1151.31
new S = 1131.13
Current S passed in conversion module :1131.13
Current d vector calculated :0.999931
Current S =1131.13
Current X =1905.02
Current Y =1151.41
new S = 1131.58
Current S passed in conversion module :1131.58
Current d vector calculated :0.999942
Current S =1131.58
Current X =1905.46
Current Y =1151.51
new S = 1132.03
Current S passed in conversion module :1132.03
Current d vector calculated :0.999953
Current S =1132.03
Current X =1905.91
Current Y =1151.61
new S = 1132.48
Current S passed in conversion module :1132.48
Current d vector calculated :0.999965
Current S =1132.48
Current X =1906.35
Current Y =1151.71
new S = 1132.93
Current S passed in conversion module :1132.93
Current d vector calculated :0.999977
Current S =1132.93
Current X =1906.8
Current Y =1151.81
Previous Path size :43
dist increment = 0.5
end S = 1133.05
43
new S = 1133.05
Current S passed in conversion module :1133.05
Current d vector calculated :0.99998
Current S =1133.05
Current X =1906.92
Current Y =1151.83
new S = 1133.5
Current S passed in conversion module :1133.5
Current d vector calculated :0.999992
Current S =1133.5
Current X =1907.36
Current Y =1151.93
new S = 1133.95
Current S passed in conversion module :1133.95
Current d vector calculated :1
Current S =1133.95
Current X =1907.85
Current Y =1152.05
new S = 1134.4
Current S passed in conversion module :1134.4
Current d vector calculated :1.00002
Current S =1134.4
Current X =1908.29
Current Y =1152.17
new S = 1134.85
Current S passed in conversion module :1134.85
Current d vector calculated :1.00003
Current S =1134.85
Current X =1908.73
Current Y =1152.29
new S = 1135.3
Current S passed in conversion module :1135.3
Current d vector calculated :1.00004
Current S =1135.3
Current X =1909.17
Current Y =1152.41
new S = 1135.75
Current S passed in conversion module :1135.75
Current d vector calculated :1.00005
Current S =1135.75
Current X =1909.61
Current Y =1152.53
Previous Path size :43
dist increment = 0.5
end S = 1135.95
43
new S = 1135.95
Current S passed in conversion module :1135.95
Current d vector calculated :1.00006
Current S =1135.95
Current X =1909.81
Current Y =1152.58
new S = 1136.4
Current S passed in conversion module :1136.4
Current d vector calculated :1.00007
Current S =1136.4
Current X =1910.25
Current Y =1152.7
new S = 1136.85
Current S passed in conversion module :1136.85
Current d vector calculated :1.00009
Current S =1136.85
Current X =1910.69
Current Y =1152.82
new S = 1137.3
Current S passed in conversion module :1137.3
Current d vector calculated :1.0001
Current S =1137.3
Current X =1911.13
Current Y =1152.94
new S = 1137.75
Current S passed in conversion module :1137.75
Current d vector calculated :1.00011
Current S =1137.75
Current X =1911.57
Current Y =1153.06
new S = 1138.2
Current S passed in conversion module :1138.2
Current d vector calculated :1.00012
Current S =1138.2
Current X =1912.01
Current Y =1153.18
new S = 1138.65
Current S passed in conversion module :1138.65
Current d vector calculated :1.00013
Current S =1138.65
Current X =1912.45
Current Y =1153.3
Previous Path size :42
dist increment = 0.5
end S = 1138.58
42
new S = 1138.58
Current S passed in conversion module :1138.58
Current d vector calculated :1.00013
Current S =1138.58
Current X =1912.39
Current Y =1153.28
new S = 1139.03
Current S passed in conversion module :1139.03
Current d vector calculated :1.00014
Current S =1139.03
Current X =1912.83
Current Y =1153.4
new S = 1139.48
Current S passed in conversion module :1139.48
Current d vector calculated :1.00015
Current S =1139.48
Current X =1913.27
Current Y =1153.52
new S = 1139.93
Current S passed in conversion module :1139.93
Current d vector calculated :1.00017
Current S =1139.93
Current X =1913.71
Current Y =1153.64
new S = 1140.38
Current S passed in conversion module :1140.38
Current d vector calculated :1.00018
Current S =1140.38
Current X =1914.15
Current Y =1153.76
new S = 1140.83
Current S passed in conversion module :1140.83
Current d vector calculated :1.00019
Current S =1140.83
Current X =1914.59
Current Y =1153.88
new S = 1141.28
Current S passed in conversion module :1141.28
Current d vector calculated :1.00019
Current S =1141.28
Current X =1915.03
Current Y =1154
new S = 1141.73
Current S passed in conversion module :1141.73
Current d vector calculated :1.0002
Current S =1141.73
Current X =1915.47
Current Y =1154.12
Previous Path size :43
dist increment = 0.5
end S = 1141.71
43
new S = 1141.71
Current S passed in conversion module :1141.71
Current d vector calculated :1.0002
Current S =1141.71
Current X =1915.44
Current Y =1154.11
new S = 1142.16
Current S passed in conversion module :1142.16
Current d vector calculated :1.00021
Current S =1142.16
Current X =1915.88
Current Y =1154.23
new S = 1142.61
Current S passed in conversion module :1142.61
Current d vector calculated :1.00022
Current S =1142.61
Current X =1916.33
Current Y =1154.35
new S = 1143.06
Current S passed in conversion module :1143.06
Current d vector calculated :1.00023
Current S =1143.06
Current X =1916.77
Current Y =1154.47
new S = 1143.51
Current S passed in conversion module :1143.51
Current d vector calculated :1.00023
Current S =1143.51
Current X =1917.21
Current Y =1154.59
new S = 1143.96
Current S passed in conversion module :1143.96
Current d vector calculated :1.00024
Current S =1143.96
Current X =1917.65
Current Y =1154.71
new S = 1144.41
Current S passed in conversion module :1144.41
Current d vector calculated :1.00024
Current S =1144.41
Current X =1918.09
Current Y =1154.83
Previous Path size :42
dist increment = 0.5
end S = 1144.42
42
new S = 1144.42
Current S passed in conversion module :1144.42
Current d vector calculated :1.00024
Current S =1144.42
Current X =1918.1
Current Y =1154.83
new S = 1144.87
Current S passed in conversion module :1144.87
Current d vector calculated :1.00025
Current S =1144.87
Current X =1918.54
Current Y =1154.95
new S = 1145.32
Current S passed in conversion module :1145.32
Current d vector calculated :1.00025
Current S =1145.32
Current X =1918.98
Current Y =1155.07
new S = 1145.77
Current S passed in conversion module :1145.77
Current d vector calculated :1.00025
Current S =1145.77
Current X =1919.42
Current Y =1155.19
new S = 1146.22
Current S passed in conversion module :1146.22
Current d vector calculated :1.00026
Current S =1146.22
Current X =1919.86
Current Y =1155.31
new S = 1146.67
Current S passed in conversion module :1146.67
Current d vector calculated :1.00026
Current S =1146.67
Current X =1920.3
Current Y =1155.43
new S = 1147.12
Current S passed in conversion module :1147.12
Current d vector calculated :1.00026
Current S =1147.12
Current X =1920.75
Current Y =1155.55
new S = 1147.57
Current S passed in conversion module :1147.57
Current d vector calculated :1.00026
Current S =1147.57
Current X =1921.19
Current Y =1155.67
Previous Path size :43
dist increment = 0.5
end S = 1147.63
43
new S = 1147.63
Current S passed in conversion module :1147.63
Current d vector calculated :1.00026
Current S =1147.63
Current X =1921.25
Current Y =1155.69
new S = 1148.08
Current S passed in conversion module :1148.08
Current d vector calculated :1.00026
Current S =1148.08
Current X =1921.69
Current Y =1155.81
new S = 1148.53
Current S passed in conversion module :1148.53
Current d vector calculated :1.00025
Current S =1148.53
Current X =1922.13
Current Y =1155.93
new S = 1148.98
Current S passed in conversion module :1148.98
Current d vector calculated :1.00025
Current S =1148.98
Current X =1922.57
Current Y =1156.05
new S = 1149.43
Current S passed in conversion module :1149.43
Current d vector calculated :1.00025
Current S =1149.43
Current X =1923.01
Current Y =1156.17
new S = 1149.88
Current S passed in conversion module :1149.88
Current d vector calculated :1.00024
Current S =1149.88
Current X =1923.45
Current Y =1156.29
new S = 1150.33
Current S passed in conversion module :1150.33
Current d vector calculated :1.00024
Current S =1150.33
Current X =1923.89
Current Y =1156.41
Previous Path size :43
dist increment = 0.5
end S = 1150.43
43
new S = 1150.43
Current S passed in conversion module :1150.43
Current d vector calculated :1.00024
Current S =1150.43
Current X =1923.99
Current Y =1156.43
new S = 1150.88
Current S passed in conversion module :1150.88
Current d vector calculated :1.00023
Current S =1150.88
Current X =1924.44
Current Y =1156.55
new S = 1151.34
Current S passed in conversion module :1151.34
Current d vector calculated :1.00023
Current S =1151.34
Current X =1924.88
Current Y =1156.67
new S = 1151.78
Current S passed in conversion module :1151.78
Current d vector calculated :1.00022
Current S =1151.78
Current X =1925.32
Current Y =1156.79
new S = 1152.23
Current S passed in conversion module :1152.23
Current d vector calculated :1.00021
Current S =1152.23
Current X =1925.76
Current Y =1156.91
new S = 1152.68
Current S passed in conversion module :1152.68
Current d vector calculated :1.0002
Current S =1152.68
Current X =1926.2
Current Y =1157.03
new S = 1153.13
Current S passed in conversion module :1153.13
Current d vector calculated :1.00019
Current S =1153.13
Current X =1926.64
Current Y =1157.15
Previous Path size :42
dist increment = 0.5
end S = 1153.29
42
new S = 1153.29
Current S passed in conversion module :1153.29
Current d vector calculated :1.00019
Current S =1153.29
Current X =1926.79
Current Y =1157.2
new S = 1153.74
Current S passed in conversion module :1153.74
Current d vector calculated :1.00018
Current S =1153.74
Current X =1927.23
Current Y =1157.32
new S = 1154.19
Current S passed in conversion module :1154.19
Current d vector calculated :1.00017
Current S =1154.19
Current X =1927.68
Current Y =1157.44
new S = 1154.64
Current S passed in conversion module :1154.64
Current d vector calculated :1.00016
Current S =1154.64
Current X =1928.12
Current Y =1157.56
new S = 1155.09
Current S passed in conversion module :1155.09
Current d vector calculated :1.00015
Current S =1155.09
Current X =1928.56
Current Y =1157.68
new S = 1155.54
Current S passed in conversion module :1155.54
Current d vector calculated :1.00014
Current S =1155.54
Current X =1929
Current Y =1157.8
new S = 1155.99
Current S passed in conversion module :1155.99
Current d vector calculated :1.00012
Current S =1155.99
Current X =1929.44
Current Y =1157.92
new S = 1156.44
Current S passed in conversion module :1156.44
Current d vector calculated :1.00011
Current S =1156.44
Current X =1929.89
Current Y =1158.04
Previous Path size :43
dist increment = 0.5
end S = 1156.65
43
new S = 1156.65
Current S passed in conversion module :1156.65
Current d vector calculated :1.00011
Current S =1156.65
Current X =1930.09
Current Y =1158.09
new S = 1157.1
Current S passed in conversion module :1157.1
Current d vector calculated :1.00009
Current S =1157.1
Current X =1930.54
Current Y =1158.21
new S = 1157.55
Current S passed in conversion module :1157.55
Current d vector calculated :1.00008
Current S =1157.55
Current X =1930.98
Current Y =1158.34
new S = 1158
Current S passed in conversion module :1158
Current d vector calculated :1.00007
Current S =1158
Current X =1931.42
Current Y =1158.46
new S = 1158.45
Current S passed in conversion module :1158.45
Current d vector calculated :1.00005
Current S =1158.45
Current X =1931.86
Current Y =1158.58
new S = 1158.9
Current S passed in conversion module :1158.9
Current d vector calculated :1.00004
Current S =1158.9
Current X =1932.31
Current Y =1158.7
new S = 1159.35
Current S passed in conversion module :1159.35
Current d vector calculated :1.00002
Current S =1159.35
Current X =1932.75
Current Y =1158.82
Previous Path size :42
dist increment = 0.5
end S = 1159.61
42
new S = 1159.61
Current S passed in conversion module :1159.61
Current d vector calculated :1.00002
Current S =1159.61
Current X =1933.01
Current Y =1158.89
new S = 1160.06
Current S passed in conversion module :1160.06
Current d vector calculated :1
Current S =1160.06
Current X =1933.45
Current Y =1159.01
new S = 1160.51
Current S passed in conversion module :1160.51
Current d vector calculated :0.999988
Current S =1160.51
Current X =1933.97
Current Y =1159.19
new S = 1160.96
Current S passed in conversion module :1160.96
Current d vector calculated :0.999975
Current S =1160.96
Current X =1934.4
Current Y =1159.35
new S = 1161.41
Current S passed in conversion module :1161.41
Current d vector calculated :0.999961
Current S =1161.41
Current X =1934.83
Current Y =1159.51
new S = 1161.86
Current S passed in conversion module :1161.86
Current d vector calculated :0.999948
Current S =1161.86
Current X =1935.27
Current Y =1159.67
new S = 1162.31
Current S passed in conversion module :1162.31
Current d vector calculated :0.999936
Current S =1162.31
Current X =1935.7
Current Y =1159.83
new S = 1162.76
Current S passed in conversion module :1162.76
Current d vector calculated :0.999923
Current S =1162.76
Current X =1936.13
Current Y =1159.99
Previous Path size :42
dist increment = 0.5
end S = 1163.18
42
new S = 1163.18
Current S passed in conversion module :1163.18
Current d vector calculated :0.999912
Current S =1163.18
Current X =1936.53
Current Y =1160.14
new S = 1163.63
Current S passed in conversion module :1163.63
Current d vector calculated :0.9999
Current S =1163.63
Current X =1936.96
Current Y =1160.3
new S = 1164.08
Current S passed in conversion module :1164.08
Current d vector calculated :0.999889
Current S =1164.08
Current X =1937.39
Current Y =1160.47
new S = 1164.53
Current S passed in conversion module :1164.53
Current d vector calculated :0.999878
Current S =1164.53
Current X =1937.83
Current Y =1160.63
new S = 1164.98
Current S passed in conversion module :1164.98
Current d vector calculated :0.999868
Current S =1164.98
Current X =1938.26
Current Y =1160.79
new S = 1165.43
Current S passed in conversion module :1165.43
Current d vector calculated :0.999858
Current S =1165.43
Current X =1938.69
Current Y =1160.95
new S = 1165.88
Current S passed in conversion module :1165.88
Current d vector calculated :0.999848
Current S =1165.88
Current X =1939.12
Current Y =1161.11
new S = 1166.33
Current S passed in conversion module :1166.33
Current d vector calculated :0.999839
Current S =1166.33
Current X =1939.55
Current Y =1161.27
Previous Path size :43
dist increment = 0.5
end S = 1166.21
43
new S = 1166.21
Current S passed in conversion module :1166.21
Current d vector calculated :0.999841
Current S =1166.21
Current X =1939.43
Current Y =1161.22
new S = 1166.66
Current S passed in conversion module :1166.66
Current d vector calculated :0.999833
Current S =1166.66
Current X =1939.87
Current Y =1161.38
new S = 1167.11
Current S passed in conversion module :1167.11
Current d vector calculated :0.999824
Current S =1167.11
Current X =1940.3
Current Y =1161.54
new S = 1167.56
Current S passed in conversion module :1167.56
Current d vector calculated :0.999816
Current S =1167.56
Current X =1940.73
Current Y =1161.71
new S = 1168.01
Current S passed in conversion module :1168.01
Current d vector calculated :0.999809
Current S =1168.01
Current X =1941.16
Current Y =1161.87
new S = 1168.46
Current S passed in conversion module :1168.46
Current d vector calculated :0.999803
Current S =1168.46
Current X =1941.59
Current Y =1162.03
new S = 1168.91
Current S passed in conversion module :1168.91
Current d vector calculated :0.999796
Current S =1168.91
Current X =1942.03
Current Y =1162.19
Previous Path size :42
dist increment = 0.5
end S = 1168.85
42
new S = 1168.85
Current S passed in conversion module :1168.85
Current d vector calculated :0.999797
Current S =1168.85
Current X =1941.97
Current Y =1162.17
new S = 1169.3
Current S passed in conversion module :1169.3
Current d vector calculated :0.999792
Current S =1169.3
Current X =1942.4
Current Y =1162.33
new S = 1169.75
Current S passed in conversion module :1169.75
Current d vector calculated :0.999787
Current S =1169.75
Current X =1942.84
Current Y =1162.49
new S = 1170.2
Current S passed in conversion module :1170.2
Current d vector calculated :0.999782
Current S =1170.2
Current X =1943.27
Current Y =1162.65
new S = 1170.65
Current S passed in conversion module :1170.65
Current d vector calculated :0.999778
Current S =1170.65
Current X =1943.7
Current Y =1162.81
new S = 1171.1
Current S passed in conversion module :1171.1
Current d vector calculated :0.999775
Current S =1171.1
Current X =1944.13
Current Y =1162.97
new S = 1171.55
Current S passed in conversion module :1171.55
Current d vector calculated :0.999772
Current S =1171.55
Current X =1944.57
Current Y =1163.13
new S = 1172
Current S passed in conversion module :1172
Current d vector calculated :0.99977
Current S =1172
Current X =1945
Current Y =1163.29
Previous Path size :43
dist increment = 0.5
end S = 1172.02
43
new S = 1172.02
Current S passed in conversion module :1172.02
Current d vector calculated :0.99977
Current S =1172.02
Current X =1945.02
Current Y =1163.3
new S = 1172.47
Current S passed in conversion module :1172.47
Current d vector calculated :0.999769
Current S =1172.47
Current X =1945.45
Current Y =1163.46
new S = 1172.92
Current S passed in conversion module :1172.92
Current d vector calculated :0.999768
Current S =1172.92
Current X =1945.89
Current Y =1163.62
new S = 1173.37
Current S passed in conversion module :1173.37
Current d vector calculated :0.999768
Current S =1173.37
Current X =1946.32
Current Y =1163.79
new S = 1173.82
Current S passed in conversion module :1173.82
Current d vector calculated :0.999769
Current S =1173.82
Current X =1946.75
Current Y =1163.95
new S = 1174.27
Current S passed in conversion module :1174.27
Current d vector calculated :0.99977
Current S =1174.27
Current X =1947.19
Current Y =1164.11
new S = 1174.72
Current S passed in conversion module :1174.72
Current d vector calculated :0.999771
Current S =1174.72
Current X =1947.62
Current Y =1164.27
Previous Path size :42
dist increment = 0.5
end S = 1174.82
42
new S = 1174.82
Current S passed in conversion module :1174.82
Current d vector calculated :0.999772
Current S =1174.82
Current X =1947.71
Current Y =1164.3
new S = 1175.27
Current S passed in conversion module :1175.27
Current d vector calculated :0.999774
Current S =1175.27
Current X =1948.15
Current Y =1164.47
new S = 1175.72
Current S passed in conversion module :1175.72
Current d vector calculated :0.999777
Current S =1175.72
Current X =1948.58
Current Y =1164.63
new S = 1176.17
Current S passed in conversion module :1176.17
Current d vector calculated :0.999781
Current S =1176.17
Current X =1949.01
Current Y =1164.79
new S = 1176.62
Current S passed in conversion module :1176.62
Current d vector calculated :0.999785
Current S =1176.62
Current X =1949.45
Current Y =1164.95
new S = 1177.07
Current S passed in conversion module :1177.07
Current d vector calculated :0.999789
Current S =1177.07
Current X =1949.88
Current Y =1165.11
new S = 1177.52
Current S passed in conversion module :1177.52
Current d vector calculated :0.999794
Current S =1177.52
Current X =1950.31
Current Y =1165.27
new S = 1177.97
Current S passed in conversion module :1177.97
Current d vector calculated :0.9998
Current S =1177.97
Current X =1950.75
Current Y =1165.44
Previous Path size :43
dist increment = 0.5
end S = 1178.16
43
new S = 1178.16
Current S passed in conversion module :1178.16
Current d vector calculated :0.999802
Current S =1178.16
Current X =1950.93
Current Y =1165.5
new S = 1178.61
Current S passed in conversion module :1178.61
Current d vector calculated :0.999809
Current S =1178.61
Current X =1951.36
Current Y =1165.67
new S = 1179.06
Current S passed in conversion module :1179.06
Current d vector calculated :0.999816
Current S =1179.06
Current X =1951.79
Current Y =1165.83
new S = 1179.51
Current S passed in conversion module :1179.51
Current d vector calculated :0.999823
Current S =1179.51
Current X =1952.23
Current Y =1165.99
new S = 1179.96
Current S passed in conversion module :1179.96
Current d vector calculated :0.99983
Current S =1179.96
Current X =1952.66
Current Y =1166.15
new S = 1180.41
Current S passed in conversion module :1180.41
Current d vector calculated :0.999838
Current S =1180.41
Current X =1953.1
Current Y =1166.31
new S = 1180.86
Current S passed in conversion module :1180.86
Current d vector calculated :0.999847
Current S =1180.86
Current X =1953.53
Current Y =1166.48
Previous Path size :42
dist increment = 0.5
end S = 1181.13
42
new S = 1181.13
Current S passed in conversion module :1181.13
Current d vector calculated :0.999852
Current S =1181.13
Current X =1953.79
Current Y =1166.57
new S = 1181.58
Current S passed in conversion module :1181.58
Current d vector calculated :0.999861
Current S =1181.58
Current X =1954.23
Current Y =1166.73
new S = 1182.03
Current S passed in conversion module :1182.03
Current d vector calculated :0.99987
Current S =1182.03
Current X =1954.66
Current Y =1166.9
new S = 1182.48
Current S passed in conversion module :1182.48
Current d vector calculated :0.999879
Current S =1182.48
Current X =1955.09
Current Y =1167.06
new S = 1182.93
Current S passed in conversion module :1182.93
Current d vector calculated :0.999888
Current S =1182.93
Current X =1955.53
Current Y =1167.22
new S = 1183.38
Current S passed in conversion module :1183.38
Current d vector calculated :0.999898
Current S =1183.38
Current X =1955.96
Current Y =1167.38
new S = 1183.83
Current S passed in conversion module :1183.83
Current d vector calculated :0.999907
Current S =1183.83
Current X =1956.4
Current Y =1167.55
new S = 1184.28
Current S passed in conversion module :1184.28
Current d vector calculated :0.999917
Current S =1184.28
Current X =1956.83
Current Y =1167.71
Previous Path size :42
dist increment = 0.5
end S = 1184.65
42
new S = 1184.65
Current S passed in conversion module :1184.65
Current d vector calculated :0.999925
Current S =1184.65
Current X =1957.19
Current Y =1167.84
new S = 1185.1
Current S passed in conversion module :1185.1
Current d vector calculated :0.999935
Current S =1185.1
Current X =1957.63
Current Y =1168.01
new S = 1185.55
Current S passed in conversion module :1185.55
Current d vector calculated :0.999944
Current S =1185.55
Current X =1958.06
Current Y =1168.17
new S = 1186
Current S passed in conversion module :1186
Current d vector calculated :0.999954
Current S =1186
Current X =1958.49
Current Y =1168.33
new S = 1186.45
Current S passed in conversion module :1186.45
Current d vector calculated :0.999963
Current S =1186.45
Current X =1958.93
Current Y =1168.49
new S = 1186.9
Current S passed in conversion module :1186.9
Current d vector calculated :0.999972
Current S =1186.9
Current X =1959.36
Current Y =1168.66
new S = 1187.35
Current S passed in conversion module :1187.35
Current d vector calculated :0.99998
Current S =1187.35
Current X =1959.8
Current Y =1168.82
new S = 1187.8
Current S passed in conversion module :1187.8
Current d vector calculated :0.999988
Current S =1187.8
Current X =1960.23
Current Y =1168.98
Previous Path size :43
dist increment = 0.5
end S = 1188.28
43
new S = 1188.28
Current S passed in conversion module :1188.28
Current d vector calculated :0.999996
Current S =1188.28
Current X =1960.7
Current Y =1169.16
new S = 1188.73
Current S passed in conversion module :1188.73
Current d vector calculated :1
Current S =1188.73
Current X =1961.26
Current Y =1169.42
new S = 1189.18
Current S passed in conversion module :1189.18
Current d vector calculated :1.00001
Current S =1189.18
Current X =1961.67
Current Y =1169.66
new S = 1189.63
Current S passed in conversion module :1189.63
Current d vector calculated :1.00002
Current S =1189.63
Current X =1962.07
Current Y =1169.89
new S = 1190.08
Current S passed in conversion module :1190.08
Current d vector calculated :1.00002
Current S =1190.08
Current X =1962.47
Current Y =1170.12
new S = 1190.53
Current S passed in conversion module :1190.53
Current d vector calculated :1.00003
Current S =1190.53
Current X =1962.87
Current Y =1170.35
new S = 1190.98
Current S passed in conversion module :1190.98
Current d vector calculated :1.00003
Current S =1190.98
Current X =1963.28
Current Y =1170.58
Previous Path size :42
dist increment = 0.5
end S = 1191.69
42
new S = 1191.69
Current S passed in conversion module :1191.69
Current d vector calculated :1.00004
Current S =1191.69
Current X =1963.91
Current Y =1170.94
new S = 1192.14
Current S passed in conversion module :1192.14
Current d vector calculated :1.00004
Current S =1192.14
Current X =1964.32
Current Y =1171.17
new S = 1192.59
Current S passed in conversion module :1192.59
Current d vector calculated :1.00004
Current S =1192.59
Current X =1964.72
Current Y =1171.4
new S = 1193.04
Current S passed in conversion module :1193.04
Current d vector calculated :1.00005
Current S =1193.04
Current X =1965.12
Current Y =1171.64
new S = 1193.49
Current S passed in conversion module :1193.49
Current d vector calculated :1.00005
Current S =1193.49
Current X =1965.52
Current Y =1171.87
new S = 1193.94
Current S passed in conversion module :1193.94
Current d vector calculated :1.00005
Current S =1193.94
Current X =1965.93
Current Y =1172.1
new S = 1194.39
Current S passed in conversion module :1194.39
Current d vector calculated :1.00005
Current S =1194.39
Current X =1966.33
Current Y =1172.33
new S = 1194.84
Current S passed in conversion module :1194.84
Current d vector calculated :1.00005
Current S =1194.84
Current X =1966.73
Current Y =1172.56
Previous Path size :43
dist increment = 0.5
end S = 1194.55
43
new S = 1194.55
Current S passed in conversion module :1194.55
Current d vector calculated :1.00005
Current S =1194.55
Current X =1966.47
Current Y =1172.41
new S = 1195
Current S passed in conversion module :1195
Current d vector calculated :1.00005
Current S =1195
Current X =1966.87
Current Y =1172.64
new S = 1195.45
Current S passed in conversion module :1195.45
Current d vector calculated :1.00005
Current S =1195.45
Current X =1967.27
Current Y =1172.87
new S = 1195.9
Current S passed in conversion module :1195.9
Current d vector calculated :1.00005
Current S =1195.9
Current X =1967.67
Current Y =1173.1
new S = 1196.35
Current S passed in conversion module :1196.35
Current d vector calculated :1.00005
Current S =1196.35
Current X =1968.08
Current Y =1173.33
new S = 1196.8
Current S passed in conversion module :1196.8
Current d vector calculated :1.00005
Current S =1196.8
Current X =1968.48
Current Y =1173.56
new S = 1197.25
Current S passed in conversion module :1197.25
Current d vector calculated :1.00005
Current S =1197.25
Current X =1968.88
Current Y =1173.79
Previous Path size :43
dist increment = 0.5
end S = 1197.03
43
new S = 1197.03
Current S passed in conversion module :1197.03
Current d vector calculated :1.00005
Current S =1197.03
Current X =1968.69
Current Y =1173.68
new S = 1197.48
Current S passed in conversion module :1197.48
Current d vector calculated :1.00005
Current S =1197.48
Current X =1969.09
Current Y =1173.91
new S = 1197.93
Current S passed in conversion module :1197.93
Current d vector calculated :1.00005
Current S =1197.93
Current X =1969.49
Current Y =1174.14
new S = 1198.38
Current S passed in conversion module :1198.38
Current d vector calculated :1.00005
Current S =1198.38
Current X =1969.9
Current Y =1174.38
new S = 1198.83
Current S passed in conversion module :1198.83
Current d vector calculated :1.00004
Current S =1198.83
Current X =1970.3
Current Y =1174.61
new S = 1199.28
Current S passed in conversion module :1199.28
Current d vector calculated :1.00004
Current S =1199.28
Current X =1970.7
Current Y =1174.84
new S = 1199.73
Current S passed in conversion module :1199.73
Current d vector calculated :1.00004
Current S =1199.73
Current X =1971.1
Current Y =1175.07
Previous Path size :43
dist increment = 0.5
end S = 1199.59
43
new S = 1199.59
Current S passed in conversion module :1199.59
Current d vector calculated :1.00004
Current S =1199.59
Current X =1970.98
Current Y =1175
new S = 1200.04
Current S passed in conversion module :1200.04
Current d vector calculated :1.00004
Current S =1200.04
Current X =1971.38
Current Y =1175.23
new S = 1200.49
Current S passed in conversion module :1200.49
Current d vector calculated :1.00004
Current S =1200.49
Current X =1971.79
Current Y =1175.46
new S = 1200.94
Current S passed in conversion module :1200.94
Current d vector calculated :1.00003
Current S =1200.94
Current X =1972.19
Current Y =1175.69
new S = 1201.39
Current S passed in conversion module :1201.39
Current d vector calculated :1.00003
Current S =1201.39
Current X =1972.59
Current Y =1175.93
new S = 1201.84
Current S passed in conversion module :1201.84
Current d vector calculated :1.00003
Current S =1201.84
Current X =1972.99
Current Y =1176.16
new S = 1202.29
Current S passed in conversion module :1202.29
Current d vector calculated :1.00003
Current S =1202.29
Current X =1973.4
Current Y =1176.39
Previous Path size :43
dist increment = 0.5
end S = 1202.23
43
new S = 1202.23
Current S passed in conversion module :1202.23
Current d vector calculated :1.00003
Current S =1202.23
Current X =1973.35
Current Y =1176.36
new S = 1202.68
Current S passed in conversion module :1202.68
Current d vector calculated :1.00002
Current S =1202.68
Current X =1973.75
Current Y =1176.59
new S = 1203.13
Current S passed in conversion module :1203.13
Current d vector calculated :1.00002
Current S =1203.13
Current X =1974.15
Current Y =1176.83
new S = 1203.58
Current S passed in conversion module :1203.58
Current d vector calculated :1.00002
Current S =1203.58
Current X =1974.56
Current Y =1177.06
new S = 1204.03
Current S passed in conversion module :1204.03
Current d vector calculated :1.00001
Current S =1204.03
Current X =1974.96
Current Y =1177.29
new S = 1204.48
Current S passed in conversion module :1204.48
Current d vector calculated :1.00001
Current S =1204.48
Current X =1975.36
Current Y =1177.52
new S = 1204.93
Current S passed in conversion module :1204.93
Current d vector calculated :1.00001
Current S =1204.93
Current X =1975.76
Current Y =1177.75
Previous Path size :43
dist increment = 0.5
end S = 1204.97
43
new S = 1204.97
Current S passed in conversion module :1204.97
Current d vector calculated :1.00001
Current S =1204.97
Current X =1975.79
Current Y =1177.77
new S = 1205.42
Current S passed in conversion module :1205.42
Current d vector calculated :1
Current S =1205.42
Current X =1976.2
Current Y =1178
new S = 1205.87
Current S passed in conversion module :1205.87
Current d vector calculated :1
Current S =1205.87
Current X =1976.6
Current Y =1178.23
new S = 1206.32
Current S passed in conversion module :1206.32
Current d vector calculated :0.999998
Current S =1206.32
Current X =1977
Current Y =1178.47
new S = 1206.77
Current S passed in conversion module :1206.77
Current d vector calculated :0.999995
Current S =1206.77
Current X =1977.4
Current Y =1178.7
new S = 1207.22
Current S passed in conversion module :1207.22
Current d vector calculated :0.999992
Current S =1207.22
Current X =1977.81
Current Y =1178.93
new S = 1207.67
Current S passed in conversion module :1207.67
Current d vector calculated :0.999989
Current S =1207.67
Current X =1978.21
Current Y =1179.16
Previous Path size :43
dist increment = 0.5
end S = 1207.79
43
new S = 1207.79
Current S passed in conversion module :1207.79
Current d vector calculated :0.999988
Current S =1207.79
Current X =1978.32
Current Y =1179.23
new S = 1208.24
Current S passed in conversion module :1208.24
Current d vector calculated :0.999986
Current S =1208.24
Current X =1978.72
Current Y =1179.46
new S = 1208.69
Current S passed in conversion module :1208.69
Current d vector calculated :0.999984
Current S =1208.69
Current X =1979.13
Current Y =1179.69
new S = 1209.14
Current S passed in conversion module :1209.14
Current d vector calculated :0.999981
Current S =1209.14
Current X =1979.53
Current Y =1179.93
new S = 1209.59
Current S passed in conversion module :1209.59
Current d vector calculated :0.999979
Current S =1209.59
Current X =1979.93
Current Y =1180.16
new S = 1210.04
Current S passed in conversion module :1210.04
Current d vector calculated :0.999978
Current S =1210.04
Current X =1980.33
Current Y =1180.39
new S = 1210.49
Current S passed in conversion module :1210.49
Current d vector calculated :0.999976
Current S =1210.49
Current X =1980.74
Current Y =1180.62
Previous Path size :43
dist increment = 0.5
end S = 1210.71
43
new S = 1210.71
Current S passed in conversion module :1210.71
Current d vector calculated :0.999976
Current S =1210.71
Current X =1980.93
Current Y =1180.74
new S = 1211.16
Current S passed in conversion module :1211.16
Current d vector calculated :0.999975
Current S =1211.16
Current X =1981.34
Current Y =1180.97
new S = 1211.61
Current S passed in conversion module :1211.61
Current d vector calculated :0.999974
Current S =1211.61
Current X =1981.74
Current Y =1181.2
new S = 1212.06
Current S passed in conversion module :1212.06
Current d vector calculated :0.999973
Current S =1212.06
Current X =1982.14
Current Y =1181.43
new S = 1212.51
Current S passed in conversion module :1212.51
Current d vector calculated :0.999973
Current S =1212.51
Current X =1982.54
Current Y =1181.67
new S = 1212.96
Current S passed in conversion module :1212.96
Current d vector calculated :0.999974
Current S =1212.96
Current X =1982.95
Current Y =1181.9
new S = 1213.41
Current S passed in conversion module :1213.41
Current d vector calculated :0.999974
Current S =1213.41
Current X =1983.35
Current Y =1182.13
Previous Path size :44
dist increment = 0.5
end S = 1213.73
44
new S = 1213.73
Current S passed in conversion module :1213.73
Current d vector calculated :0.999975
Current S =1213.73
Current X =1983.63
Current Y =1182.3
new S = 1214.18
Current S passed in conversion module :1214.18
Current d vector calculated :0.999976
Current S =1214.18
Current X =1984.04
Current Y =1182.53
new S = 1214.63
Current S passed in conversion module :1214.63
Current d vector calculated :0.999978
Current S =1214.63
Current X =1984.44
Current Y =1182.76
new S = 1215.08
Current S passed in conversion module :1215.08
Current d vector calculated :0.99998
Current S =1215.08
Current X =1984.84
Current Y =1183
new S = 1215.53
Current S passed in conversion module :1215.53
Current d vector calculated :0.999983
Current S =1215.53
Current X =1985.25
Current Y =1183.23
new S = 1215.98
Current S passed in conversion module :1215.98
Current d vector calculated :0.999987
Current S =1215.98
Current X =1985.65
Current Y =1183.46
Previous Path size :43
dist increment = 0.5
end S = 1216.38
43
new S = 1216.38
Current S passed in conversion module :1216.38
Current d vector calculated :0.99999
Current S =1216.38
Current X =1986.01
Current Y =1183.67
new S = 1216.83
Current S passed in conversion module :1216.83
Current d vector calculated :0.999994
Current S =1216.83
Current X =1986.42
Current Y =1183.91
new S = 1217.28
Current S passed in conversion module :1217.28
Current d vector calculated :0.999999
Current S =1217.28
Current X =1986.82
Current Y =1184.14
new S = 1217.73
Current S passed in conversion module :1217.73
Current d vector calculated :1
Current S =1217.73
Current X =1987.32
Current Y =1184.51
new S = 1218.18
Current S passed in conversion module :1218.18
Current d vector calculated :1.00001
Current S =1218.18
Current X =1987.68
Current Y =1184.8
new S = 1218.63
Current S passed in conversion module :1218.63
Current d vector calculated :1.00002
Current S =1218.63
Current X =1988.04
Current Y =1185.1
new S = 1219.08
Current S passed in conversion module :1219.08
Current d vector calculated :1.00002
Current S =1219.08
Current X =1988.41
Current Y =1185.39
Previous Path size :43
dist increment = 0.5
end S = 1219.73
43
new S = 1219.73
Current S passed in conversion module :1219.73
Current d vector calculated :1.00004
Current S =1219.73
Current X =1988.93
Current Y =1185.81
new S = 1220.18
Current S passed in conversion module :1220.18
Current d vector calculated :1.00004
Current S =1220.18
Current X =1989.29
Current Y =1186.1
new S = 1220.63
Current S passed in conversion module :1220.63
Current d vector calculated :1.00005
Current S =1220.63
Current X =1989.66
Current Y =1186.39
new S = 1221.08
Current S passed in conversion module :1221.08
Current d vector calculated :1.00006
Current S =1221.08
Current X =1990.02
Current Y =1186.68
new S = 1221.53
Current S passed in conversion module :1221.53
Current d vector calculated :1.00007
Current S =1221.53
Current X =1990.38
Current Y =1186.97
new S = 1221.98
Current S passed in conversion module :1221.98
Current d vector calculated :1.00008
Current S =1221.98
Current X =1990.75
Current Y =1187.27
new S = 1222.43
Current S passed in conversion module :1222.43
Current d vector calculated :1.00009
Current S =1222.43
Current X =1991.11
Current Y =1187.56
Previous Path size :43
dist increment = 0.5
end S = 1222.13
43
new S = 1222.13
Current S passed in conversion module :1222.13
Current d vector calculated :1.00008
Current S =1222.13
Current X =1990.87
Current Y =1187.36
new S = 1222.58
Current S passed in conversion module :1222.58
Current d vector calculated :1.00009
Current S =1222.58
Current X =1991.23
Current Y =1187.65
new S = 1223.03
Current S passed in conversion module :1223.03
Current d vector calculated :1.0001
Current S =1223.03
Current X =1991.59
Current Y =1187.95
new S = 1223.48
Current S passed in conversion module :1223.48
Current d vector calculated :1.00011
Current S =1223.48
Current X =1991.96
Current Y =1188.24
new S = 1223.93
Current S passed in conversion module :1223.93
Current d vector calculated :1.00012
Current S =1223.93
Current X =1992.32
Current Y =1188.53
new S = 1224.38
Current S passed in conversion module :1224.38
Current d vector calculated :1.00013
Current S =1224.38
Current X =1992.68
Current Y =1188.82
new S = 1224.83
Current S passed in conversion module :1224.83
Current d vector calculated :1.00014
Current S =1224.83
Current X =1993.05
Current Y =1189.11
Previous Path size :43
dist increment = 0.5
end S = 1224.61
43
new S = 1224.61
Current S passed in conversion module :1224.61
Current d vector calculated :1.00013
Current S =1224.61
Current X =1992.87
Current Y =1188.97
new S = 1225.06
Current S passed in conversion module :1225.06
Current d vector calculated :1.00014
Current S =1225.06
Current X =1993.24
Current Y =1189.27
new S = 1225.51
Current S passed in conversion module :1225.51
Current d vector calculated :1.00015
Current S =1225.51
Current X =1993.6
Current Y =1189.56
new S = 1225.96
Current S passed in conversion module :1225.96
Current d vector calculated :1.00016
Current S =1225.96
Current X =1993.96
Current Y =1189.85
new S = 1226.41
Current S passed in conversion module :1226.41
Current d vector calculated :1.00017
Current S =1226.41
Current X =1994.33
Current Y =1190.14
new S = 1226.86
Current S passed in conversion module :1226.86
Current d vector calculated :1.00018
Current S =1226.86
Current X =1994.69
Current Y =1190.44
new S = 1227.31
Current S passed in conversion module :1227.31
Current d vector calculated :1.00019
Current S =1227.31
Current X =1995.05
Current Y =1190.73
Previous Path size :43
dist increment = 0.5
end S = 1227.19
43
new S = 1227.19
Current S passed in conversion module :1227.19
Current d vector calculated :1.00019
Current S =1227.19
Current X =1994.95
Current Y =1190.65
new S = 1227.64
Current S passed in conversion module :1227.64
Current d vector calculated :1.0002
Current S =1227.64
Current X =1995.31
Current Y =1190.94
new S = 1228.09
Current S passed in conversion module :1228.09
Current d vector calculated :1.0002
Current S =1228.09
Current X =1995.68
Current Y =1191.23
new S = 1228.54
Current S passed in conversion module :1228.54
Current d vector calculated :1.00021
Current S =1228.54
Current X =1996.04
Current Y =1191.52
new S = 1228.99
Current S passed in conversion module :1228.99
Current d vector calculated :1.00022
Current S =1228.99
Current X =1996.4
Current Y =1191.82
new S = 1229.44
Current S passed in conversion module :1229.44
Current d vector calculated :1.00023
Current S =1229.44
Current X =1996.77
Current Y =1192.11
new S = 1229.89
Current S passed in conversion module :1229.89
Current d vector calculated :1.00023
Current S =1229.89
Current X =1997.13
Current Y =1192.4
Previous Path size :43
dist increment = 0.5
end S = 1229.86
43
new S = 1229.86
Current S passed in conversion module :1229.86
Current d vector calculated :1.00023
Current S =1229.86
Current X =1997.1
Current Y =1192.38
new S = 1230.31
Current S passed in conversion module :1230.31
Current d vector calculated :1.00024
Current S =1230.31
Current X =1997.47
Current Y =1192.67
new S = 1230.76
Current S passed in conversion module :1230.76
Current d vector calculated :1.00024
Current S =1230.76
Current X =1997.83
Current Y =1192.97
new S = 1231.2
Current S passed in conversion module :1231.2
Current d vector calculated :1.00025
Current S =1231.2
Current X =1998.19
Current Y =1193.26
new S = 1231.65
Current S passed in conversion module :1231.65
Current d vector calculated :1.00025
Current S =1231.65
Current X =1998.56
Current Y =1193.55
new S = 1232.11
Current S passed in conversion module :1232.11
Current d vector calculated :1.00026
Current S =1232.11
Current X =1998.92
Current Y =1193.85
new S = 1232.56
Current S passed in conversion module :1232.56
Current d vector calculated :1.00026
Current S =1232.56
Current X =1999.28
Current Y =1194.14
Previous Path size :43
dist increment = 0.5
end S = 1232.62
43
new S = 1232.62
Current S passed in conversion module :1232.62
Current d vector calculated :1.00026
Current S =1232.62
Current X =1999.34
Current Y =1194.18
new S = 1233.07
Current S passed in conversion module :1233.07
Current d vector calculated :1.00026
Current S =1233.07
Current X =1999.7
Current Y =1194.48
new S = 1233.52
Current S passed in conversion module :1233.52
Current d vector calculated :1.00027
Current S =1233.52
Current X =2000.07
Current Y =1194.77
new S = 1233.97
Current S passed in conversion module :1233.97
Current d vector calculated :1.00027
Current S =1233.97
Current X =2000.43
Current Y =1195.06
new S = 1234.42
Current S passed in conversion module :1234.42
Current d vector calculated :1.00027
Current S =1234.42
Current X =2000.79
Current Y =1195.36
new S = 1234.87
Current S passed in conversion module :1234.87
Current d vector calculated :1.00027
Current S =1234.87
Current X =2001.16
Current Y =1195.65
new S = 1235.32
Current S passed in conversion module :1235.32
Current d vector calculated :1.00026
Current S =1235.32
Current X =2001.52
Current Y =1195.94
Previous Path size :44
dist increment = 0.5
end S = 1235.5
44
new S = 1235.5
Current S passed in conversion module :1235.5
Current d vector calculated :1.00026
Current S =1235.5
Current X =2001.66
Current Y =1196.06
new S = 1235.95
Current S passed in conversion module :1235.95
Current d vector calculated :1.00026
Current S =1235.95
Current X =2002.02
Current Y =1196.35
new S = 1236.4
Current S passed in conversion module :1236.4
Current d vector calculated :1.00026
Current S =1236.4
Current X =2002.38
Current Y =1196.64
new S = 1236.85
Current S passed in conversion module :1236.85
Current d vector calculated :1.00025
Current S =1236.85
Current X =2002.75
Current Y =1196.94
new S = 1237.3
Current S passed in conversion module :1237.3
Current d vector calculated :1.00025
Current S =1237.3
Current X =2003.11
Current Y =1197.23
new S = 1237.75
Current S passed in conversion module :1237.75
Current d vector calculated :1.00024
Current S =1237.75
Current X =2003.47
Current Y =1197.53
Previous Path size :43
dist increment = 0.5
end S = 1238.01
43
new S = 1238.01
Current S passed in conversion module :1238.01
Current d vector calculated :1.00024
Current S =1238.01
Current X =2003.69
Current Y =1197.7
new S = 1238.46
Current S passed in conversion module :1238.46
Current d vector calculated :1.00023
Current S =1238.46
Current X =2004.05
Current Y =1197.99
new S = 1238.91
Current S passed in conversion module :1238.91
Current d vector calculated :1.00022
Current S =1238.91
Current X =2004.41
Current Y =1198.29
new S = 1239.36
Current S passed in conversion module :1239.36
Current d vector calculated :1.00021
Current S =1239.36
Current X =2004.78
Current Y =1198.58
new S = 1239.81
Current S passed in conversion module :1239.81
Current d vector calculated :1.0002
Current S =1239.81
Current X =2005.14
Current Y =1198.88
new S = 1240.26
Current S passed in conversion module :1240.26
Current d vector calculated :1.00018
Current S =1240.26
Current X =2005.5
Current Y =1199.17
new S = 1240.71
Current S passed in conversion module :1240.71
Current d vector calculated :1.00017
Current S =1240.71
Current X =2005.87
Current Y =1199.47
Previous Path size :43
dist increment = 0.5
end S = 1241.09
43
new S = 1241.09
Current S passed in conversion module :1241.09
Current d vector calculated :1.00016
Current S =1241.09
Current X =2006.17
Current Y =1199.71
new S = 1241.54
Current S passed in conversion module :1241.54
Current d vector calculated :1.00014
Current S =1241.54
Current X =2006.54
Current Y =1200.01
new S = 1241.99
Current S passed in conversion module :1241.99
Current d vector calculated :1.00012
Current S =1241.99
Current X =2006.9
Current Y =1200.3
new S = 1242.44
Current S passed in conversion module :1242.44
Current d vector calculated :1.00011
Current S =1242.44
Current X =2007.26
Current Y =1200.6
new S = 1242.89
Current S passed in conversion module :1242.89
Current d vector calculated :1.00009
Current S =1242.89
Current X =2007.63
Current Y =1200.89
new S = 1243.34
Current S passed in conversion module :1243.34
Current d vector calculated :1.00007
Current S =1243.34
Current X =2007.99
Current Y =1201.19
new S = 1243.79
Current S passed in conversion module :1243.79
Current d vector calculated :1.00004
Current S =1243.79
Current X =2008.35
Current Y =1201.48
Previous Path size :43
dist increment = 0.5
end S = 1244.29
43
new S = 1244.29
Current S passed in conversion module :1244.29
Current d vector calculated :1.00002
Current S =1244.29
Current X =2008.75
Current Y =1201.81
new S = 1244.74
Current S passed in conversion module :1244.74
Current d vector calculated :0.999991
Current S =1244.74
Current X =2009.23
Current Y =1202.25
new S = 1245.19
Current S passed in conversion module :1245.19
Current d vector calculated :0.999965
Current S =1245.19
Current X =2009.53
Current Y =1202.6
new S = 1245.64
Current S passed in conversion module :1245.64
Current d vector calculated :0.999937
Current S =1245.64
Current X =2009.84
Current Y =1202.95
new S = 1246.09
Current S passed in conversion module :1246.09
Current d vector calculated :0.999908
Current S =1246.09
Current X =2010.15
Current Y =1203.3
new S = 1246.54
Current S passed in conversion module :1246.54
Current d vector calculated :0.999879
Current S =1246.54
Current X =2010.46
Current Y =1203.65
new S = 1246.99
Current S passed in conversion module :1246.99
Current d vector calculated :0.999849
Current S =1246.99
Current X =2010.77
Current Y =1204.01
Previous Path size :44
dist increment = 0.5
end S = 1247.76
44
new S = 1247.76
Current S passed in conversion module :1247.76
Current d vector calculated :0.999798
Current S =1247.76
Current X =2011.29
Current Y =1204.61
new S = 1248.21
Current S passed in conversion module :1248.21
Current d vector calculated :0.999767
Current S =1248.21
Current X =2011.6
Current Y =1204.96
new S = 1248.66
Current S passed in conversion module :1248.66
Current d vector calculated :0.999737
Current S =1248.66
Current X =2011.91
Current Y =1205.31
new S = 1249.11
Current S passed in conversion module :1249.11
Current d vector calculated :0.999706
Current S =1249.11
Current X =2012.22
Current Y =1205.66
new S = 1249.56
Current S passed in conversion module :1249.56
Current d vector calculated :0.999676
Current S =1249.56
Current X =2012.52
Current Y =1206.01
new S = 1250.01
Current S passed in conversion module :1250.01
Current d vector calculated :0.999647
Current S =1250.01
Current X =2012.83
Current Y =1206.37
Previous Path size :43
dist increment = 0.5
end S = 1249.7
43
new S = 1249.7
Current S passed in conversion module :1249.7
Current d vector calculated :0.999667
Current S =1249.7
Current X =2012.62
Current Y =1206.13
new S = 1250.15
Current S passed in conversion module :1250.15
Current d vector calculated :0.999637
Current S =1250.15
Current X =2012.93
Current Y =1206.48
new S = 1250.6
Current S passed in conversion module :1250.6
Current d vector calculated :0.999609
Current S =1250.6
Current X =2013.24
Current Y =1206.84
new S = 1251.05
Current S passed in conversion module :1251.05
Current d vector calculated :0.999581
Current S =1251.05
Current X =2013.55
Current Y =1207.19
new S = 1251.5
Current S passed in conversion module :1251.5
Current d vector calculated :0.999554
Current S =1251.5
Current X =2013.86
Current Y =1207.54
new S = 1251.95
Current S passed in conversion module :1251.95
Current d vector calculated :0.999528
Current S =1251.95
Current X =2014.16
Current Y =1207.89
new S = 1252.4
Current S passed in conversion module :1252.4
Current d vector calculated :0.999503
Current S =1252.4
Current X =2014.47
Current Y =1208.25
Previous Path size :43
dist increment = 0.5
end S = 1252.2
43
new S = 1252.2
Current S passed in conversion module :1252.2
Current d vector calculated :0.999514
Current S =1252.2
Current X =2014.33
Current Y =1208.08
new S = 1252.65
Current S passed in conversion module :1252.65
Current d vector calculated :0.99949
Current S =1252.65
Current X =2014.64
Current Y =1208.44
new S = 1253.1
Current S passed in conversion module :1253.1
Current d vector calculated :0.999467
Current S =1253.1
Current X =2014.95
Current Y =1208.79
new S = 1253.55
Current S passed in conversion module :1253.55
Current d vector calculated :0.999445
Current S =1253.55
Current X =2015.25
Current Y =1209.14
new S = 1254
Current S passed in conversion module :1254
Current d vector calculated :0.999424
Current S =1254
Current X =2015.56
Current Y =1209.5
new S = 1254.45
Current S passed in conversion module :1254.45
Current d vector calculated :0.999406
Current S =1254.45
Current X =2015.87
Current Y =1209.85
new S = 1254.9
Current S passed in conversion module :1254.9
Current d vector calculated :0.999388
Current S =1254.9
Current X =2016.18
Current Y =1210.2
Previous Path size :44
dist increment = 0.5
end S = 1254.79
44
new S = 1254.79
Current S passed in conversion module :1254.79
Current d vector calculated :0.999392
Current S =1254.79
Current X =2016.11
Current Y =1210.12
new S = 1255.24
Current S passed in conversion module :1255.24
Current d vector calculated :0.999376
Current S =1255.24
Current X =2016.41
Current Y =1210.47
new S = 1255.69
Current S passed in conversion module :1255.69
Current d vector calculated :0.999362
Current S =1255.69
Current X =2016.72
Current Y =1210.83
new S = 1256.14
Current S passed in conversion module :1256.14
Current d vector calculated :0.999349
Current S =1256.14
Current X =2017.03
Current Y =1211.18
new S = 1256.59
Current S passed in conversion module :1256.59
Current d vector calculated :0.999338
Current S =1256.59
Current X =2017.34
Current Y =1211.53
new S = 1257.04
Current S passed in conversion module :1257.04
Current d vector calculated :0.999329
Current S =1257.04
Current X =2017.64
Current Y =1211.88
Previous Path size :43
dist increment = 0.5
end S = 1257.02
43
new S = 1257.02
Current S passed in conversion module :1257.02
Current d vector calculated :0.999329
Current S =1257.02
Current X =2017.63
Current Y =1211.87
new S = 1257.47
Current S passed in conversion module :1257.47
Current d vector calculated :0.999322
Current S =1257.47
Current X =2017.94
Current Y =1212.22
new S = 1257.92
Current S passed in conversion module :1257.92
Current d vector calculated :0.999316
Current S =1257.92
Current X =2018.24
Current Y =1212.58
new S = 1258.37
Current S passed in conversion module :1258.37
Current d vector calculated :0.999313
Current S =1258.37
Current X =2018.55
Current Y =1212.93
new S = 1258.82
Current S passed in conversion module :1258.82
Current d vector calculated :0.999311
Current S =1258.82
Current X =2018.86
Current Y =1213.28
new S = 1259.27
Current S passed in conversion module :1259.27
Current d vector calculated :0.999311
Current S =1259.27
Current X =2019.17
Current Y =1213.63
new S = 1259.72
Current S passed in conversion module :1259.72
Current d vector calculated :0.999313
Current S =1259.72
Current X =2019.47
Current Y =1213.99
Previous Path size :43
dist increment = 0.5
end S = 1259.81
43
new S = 1259.81
Current S passed in conversion module :1259.81
Current d vector calculated :0.999314
Current S =1259.81
Current X =2019.53
Current Y =1214.06
new S = 1260.26
Current S passed in conversion module :1260.26
Current d vector calculated :0.999318
Current S =1260.26
Current X =2019.84
Current Y =1214.41
new S = 1260.71
Current S passed in conversion module :1260.71
Current d vector calculated :0.999325
Current S =1260.71
Current X =2020.15
Current Y =1214.76
new S = 1261.16
Current S passed in conversion module :1261.16
Current d vector calculated :0.999333
Current S =1261.16
Current X =2020.45
Current Y =1215.11
new S = 1261.61
Current S passed in conversion module :1261.61
Current d vector calculated :0.999343
Current S =1261.61
Current X =2020.76
Current Y =1215.47
new S = 1262.06
Current S passed in conversion module :1262.06
Current d vector calculated :0.999355
Current S =1262.06
Current X =2021.07
Current Y =1215.82
new S = 1262.51
Current S passed in conversion module :1262.51
Current d vector calculated :0.999369
Current S =1262.51
Current X =2021.37
Current Y =1216.17
Previous Path size :44
dist increment = 0.5
end S = 1262.71
44
new S = 1262.71
Current S passed in conversion module :1262.71
Current d vector calculated :0.999375
Current S =1262.71
Current X =2021.51
Current Y =1216.32
new S = 1263.16
Current S passed in conversion module :1263.16
Current d vector calculated :0.999391
Current S =1263.16
Current X =2021.81
Current Y =1216.68
new S = 1263.61
Current S passed in conversion module :1263.61
Current d vector calculated :0.999409
Current S =1263.61
Current X =2022.12
Current Y =1217.03
new S = 1264.06
Current S passed in conversion module :1264.06
Current d vector calculated :0.999429
Current S =1264.06
Current X =2022.43
Current Y =1217.38
new S = 1264.51
Current S passed in conversion module :1264.51
Current d vector calculated :0.99945
Current S =1264.51
Current X =2022.73
Current Y =1217.73
new S = 1264.96
Current S passed in conversion module :1264.96
Current d vector calculated :0.999473
Current S =1264.96
Current X =2023.04
Current Y =1218.09
Previous Path size :43
dist increment = 0.5
end S = 1265.24
43
new S = 1265.24
Current S passed in conversion module :1265.24
Current d vector calculated :0.999488
Current S =1265.24
Current X =2023.23
Current Y =1218.31
new S = 1265.69
Current S passed in conversion module :1265.69
Current d vector calculated :0.999513
Current S =1265.69
Current X =2023.54
Current Y =1218.66
new S = 1266.14
Current S passed in conversion module :1266.14
Current d vector calculated :0.99954
Current S =1266.14
Current X =2023.84
Current Y =1219.02
new S = 1266.59
Current S passed in conversion module :1266.59
Current d vector calculated :0.999568
Current S =1266.59
Current X =2024.15
Current Y =1219.37
new S = 1267.04
Current S passed in conversion module :1267.04
Current d vector calculated :0.999596
Current S =1267.04
Current X =2024.46
Current Y =1219.72
new S = 1267.49
Current S passed in conversion module :1267.49
Current d vector calculated :0.999627
Current S =1267.49
Current X =2024.76
Current Y =1220.07
new S = 1267.94
Current S passed in conversion module :1267.94
Current d vector calculated :0.999658
Current S =1267.94
Current X =2025.07
Current Y =1220.43
Previous Path size :44
dist increment = 0.5
end S = 1268.34
44
new S = 1268.34
Current S passed in conversion module :1268.34
Current d vector calculated :0.999686
Current S =1268.34
Current X =2025.34
Current Y =1220.73
new S = 1268.79
Current S passed in conversion module :1268.79
Current d vector calculated :0.999719
Current S =1268.79
Current X =2025.64
Current Y =1221.09
new S = 1269.24
Current S passed in conversion module :1269.24
Current d vector calculated :0.999752
Current S =1269.24
Current X =2025.95
Current Y =1221.44
new S = 1269.69
Current S passed in conversion module :1269.69
Current d vector calculated :0.999786
Current S =1269.69
Current X =2026.25
Current Y =1221.79
new S = 1270.14
Current S passed in conversion module :1270.14
Current d vector calculated :0.999821
Current S =1270.14
Current X =2026.56
Current Y =1222.14
new S = 1270.59
Current S passed in conversion module :1270.59
Current d vector calculated :0.999856
Current S =1270.59
Current X =2026.86
Current Y =1222.49
Previous Path size :44
dist increment = 0.5
end S = 1271.08
44
new S = 1271.08
Current S passed in conversion module :1271.08
Current d vector calculated :0.999894
Current S =1271.08
Current X =2027.19
Current Y =1222.88
new S = 1271.53
Current S passed in conversion module :1271.53
Current d vector calculated :0.999929
Current S =1271.53
Current X =2027.5
Current Y =1223.23
new S = 1271.98
Current S passed in conversion module :1271.98
Current d vector calculated :0.999964
Current S =1271.98
Current X =2027.8
Current Y =1223.58
new S = 1272.43
Current S passed in conversion module :1272.43
Current d vector calculated :1
Current S =1272.43
Current X =2028.11
Current Y =1223.93
new S = 1272.88
Current S passed in conversion module :1272.88
Current d vector calculated :1.00003
Current S =1272.88
Current X =2028.45
Current Y =1224.47
new S = 1273.33
Current S passed in conversion module :1273.33
Current d vector calculated :1.00007
Current S =1273.33
Current X =2028.69
Current Y =1224.86
Previous Path size :43
dist increment = 0.5
end S = 1274.07
43
new S = 1274.07
Current S passed in conversion module :1274.07
Current d vector calculated :1.00012
Current S =1274.07
Current X =2029.09
Current Y =1225.51
new S = 1274.52
Current S passed in conversion module :1274.52
Current d vector calculated :1.00016
Current S =1274.52
Current X =2029.33
Current Y =1225.91
new S = 1274.97
Current S passed in conversion module :1274.97
Current d vector calculated :1.00019
Current S =1274.97
Current X =2029.57
Current Y =1226.3
new S = 1275.41
Current S passed in conversion module :1275.41
Current d vector calculated :1.00022
Current S =1275.41
Current X =2029.81
Current Y =1226.7
new S = 1275.87
Current S passed in conversion module :1275.87
Current d vector calculated :1.00025
Current S =1275.87
Current X =2030.05
Current Y =1227.1
new S = 1276.32
Current S passed in conversion module :1276.32
Current d vector calculated :1.00028
Current S =1276.32
Current X =2030.29
Current Y =1227.49
new S = 1276.77
Current S passed in conversion module :1276.77
Current d vector calculated :1.00031
Current S =1276.77
Current X =2030.53
Current Y =1227.89
Previous Path size :43
dist increment = 0.5
end S = 1277.56
43
new S = 1277.56
Current S passed in conversion module :1277.56
Current d vector calculated :1.00036
Current S =1277.56
Current X =2030.96
Current Y =1228.59
new S = 1278.01
Current S passed in conversion module :1278.01
Current d vector calculated :1.00039
Current S =1278.01
Current X =2031.2
Current Y =1228.98
new S = 1278.46
Current S passed in conversion module :1278.46
Current d vector calculated :1.00041
Current S =1278.46
Current X =2031.44
Current Y =1229.38
new S = 1278.91
Current S passed in conversion module :1278.91
Current d vector calculated :1.00043
Current S =1278.91
Current X =2031.68
Current Y =1229.77
new S = 1279.36
Current S passed in conversion module :1279.36
Current d vector calculated :1.00046
Current S =1279.36
Current X =2031.92
Current Y =1230.17
new S = 1279.81
Current S passed in conversion module :1279.81
Current d vector calculated :1.00048
Current S =1279.81
Current X =2032.16
Current Y =1230.56
new S = 1280.26
Current S passed in conversion module :1280.26
Current d vector calculated :1.0005
Current S =1280.26
Current X =2032.4
Current Y =1230.96
Previous Path size :44
dist increment = 0.5
end S = 1280.01
44
new S = 1280.01
Current S passed in conversion module :1280.01
Current d vector calculated :1.00049
Current S =1280.01
Current X =2032.26
Current Y =1230.74
new S = 1280.46
Current S passed in conversion module :1280.46
Current d vector calculated :1.00051
Current S =1280.46
Current X =2032.5
Current Y =1231.14
new S = 1280.91
Current S passed in conversion module :1280.91
Current d vector calculated :1.00053
Current S =1280.91
Current X =2032.74
Current Y =1231.53
new S = 1281.36
Current S passed in conversion module :1281.36
Current d vector calculated :1.00054
Current S =1281.36
Current X =2032.98
Current Y =1231.93
new S = 1281.81
Current S passed in conversion module :1281.81
Current d vector calculated :1.00056
Current S =1281.81
Current X =2033.22
Current Y =1232.32
new S = 1282.26
Current S passed in conversion module :1282.26
Current d vector calculated :1.00057
Current S =1282.26
Current X =2033.46
Current Y =1232.72
Previous Path size :43
dist increment = 0.5
end S = 1282.06
43
new S = 1282.06
Current S passed in conversion module :1282.06
Current d vector calculated :1.00057
Current S =1282.06
Current X =2033.36
Current Y =1232.54
new S = 1282.51
Current S passed in conversion module :1282.51
Current d vector calculated :1.00058
Current S =1282.51
Current X =2033.6
Current Y =1232.94
new S = 1282.96
Current S passed in conversion module :1282.96
Current d vector calculated :1.00059
Current S =1282.96
Current X =2033.84
Current Y =1233.33
new S = 1283.41
Current S passed in conversion module :1283.41
Current d vector calculated :1.0006
Current S =1283.41
Current X =2034.08
Current Y =1233.73
new S = 1283.86
Current S passed in conversion module :1283.86
Current d vector calculated :1.00061
Current S =1283.86
Current X =2034.31
Current Y =1234.12
new S = 1284.31
Current S passed in conversion module :1284.31
Current d vector calculated :1.00062
Current S =1284.31
Current X =2034.55
Current Y =1234.52
new S = 1284.76
Current S passed in conversion module :1284.76
Current d vector calculated :1.00063
Current S =1284.76
Current X =2034.79
Current Y =1234.91
Previous Path size :43
dist increment = 0.5
end S = 1284.63
43
new S = 1284.63
Current S passed in conversion module :1284.63
Current d vector calculated :1.00062
Current S =1284.63
Current X =2034.72
Current Y =1234.8
new S = 1285.08
Current S passed in conversion module :1285.08
Current d vector calculated :1.00063
Current S =1285.08
Current X =2034.96
Current Y =1235.19
new S = 1285.53
Current S passed in conversion module :1285.53
Current d vector calculated :1.00063
Current S =1285.53
Current X =2035.2
Current Y =1235.59
new S = 1285.98
Current S passed in conversion module :1285.98
Current d vector calculated :1.00064
Current S =1285.98
Current X =2035.44
Current Y =1235.98
new S = 1286.43
Current S passed in conversion module :1286.43
Current d vector calculated :1.00064
Current S =1286.43
Current X =2035.68
Current Y =1236.38
new S = 1286.88
Current S passed in conversion module :1286.88
Current d vector calculated :1.00064
Current S =1286.88
Current X =2035.92
Current Y =1236.77
new S = 1287.33
Current S passed in conversion module :1287.33
Current d vector calculated :1.00063
Current S =1287.33
Current X =2036.16
Current Y =1237.16
Previous Path size :44
dist increment = 0.5
end S = 1287.26
44
new S = 1287.26
Current S passed in conversion module :1287.26
Current d vector calculated :1.00064
Current S =1287.26
Current X =2036.12
Current Y =1237.11
new S = 1287.71
Current S passed in conversion module :1287.71
Current d vector calculated :1.00063
Current S =1287.71
Current X =2036.36
Current Y =1237.5
new S = 1288.16
Current S passed in conversion module :1288.16
Current d vector calculated :1.00063
Current S =1288.16
Current X =2036.6
Current Y =1237.89
new S = 1288.61
Current S passed in conversion module :1288.61
Current d vector calculated :1.00062
Current S =1288.61
Current X =2036.83
Current Y =1238.29
new S = 1289.06
Current S passed in conversion module :1289.06
Current d vector calculated :1.00062
Current S =1289.06
Current X =2037.07
Current Y =1238.68
new S = 1289.51
Current S passed in conversion module :1289.51
Current d vector calculated :1.00061
Current S =1289.51
Current X =2037.31
Current Y =1239.08
Previous Path size :43
dist increment = 0.5
end S = 1289.5
43
new S = 1289.5
Current S passed in conversion module :1289.5
Current d vector calculated :1.00061
Current S =1289.5
Current X =2037.3
Current Y =1239.06
new S = 1289.95
Current S passed in conversion module :1289.95
Current d vector calculated :1.0006
Current S =1289.95
Current X =2037.54
Current Y =1239.46
new S = 1290.4
Current S passed in conversion module :1290.4
Current d vector calculated :1.00059
Current S =1290.4
Current X =2037.78
Current Y =1239.85
new S = 1290.85
Current S passed in conversion module :1290.85
Current d vector calculated :1.00058
Current S =1290.85
Current X =2038.02
Current Y =1240.24
new S = 1291.3
Current S passed in conversion module :1291.3
Current d vector calculated :1.00057
Current S =1291.3
Current X =2038.25
Current Y =1240.64
new S = 1291.75
Current S passed in conversion module :1291.75
Current d vector calculated :1.00055
Current S =1291.75
Current X =2038.49
Current Y =1241.03
new S = 1292.2
Current S passed in conversion module :1292.2
Current d vector calculated :1.00054
Current S =1292.2
Current X =2038.73
Current Y =1241.42
Previous Path size :44
dist increment = 0.5
end S = 1292.24
44
new S = 1292.24
Current S passed in conversion module :1292.24
Current d vector calculated :1.00054
Current S =1292.24
Current X =2038.75
Current Y =1241.46
new S = 1292.69
Current S passed in conversion module :1292.69
Current d vector calculated :1.00052
Current S =1292.69
Current X =2038.99
Current Y =1241.86
new S = 1293.14
Current S passed in conversion module :1293.14
Current d vector calculated :1.00051
Current S =1293.14
Current X =2039.23
Current Y =1242.25
new S = 1293.59
Current S passed in conversion module :1293.59
Current d vector calculated :1.00049
Current S =1293.59
Current X =2039.47
Current Y =1242.64
new S = 1294.04
Current S passed in conversion module :1294.04
Current d vector calculated :1.00047
Current S =1294.04
Current X =2039.7
Current Y =1243.04
new S = 1294.49
Current S passed in conversion module :1294.49
Current d vector calculated :1.00045
Current S =1294.49
Current X =2039.94
Current Y =1243.43
Previous Path size :43
dist increment = 0.5
end S = 1294.58
43
new S = 1294.58
Current S passed in conversion module :1294.58
Current d vector calculated :1.00045
Current S =1294.58
Current X =2039.99
Current Y =1243.51
new S = 1295.03
Current S passed in conversion module :1295.03
Current d vector calculated :1.00043
Current S =1295.03
Current X =2040.23
Current Y =1243.9
new S = 1295.48
Current S passed in conversion module :1295.48
Current d vector calculated :1.00041
Current S =1295.48
Current X =2040.46
Current Y =1244.3
new S = 1295.93
Current S passed in conversion module :1295.93
Current d vector calculated :1.00039
Current S =1295.93
Current X =2040.7
Current Y =1244.69
new S = 1296.38
Current S passed in conversion module :1296.38
Current d vector calculated :1.00037
Current S =1296.38
Current X =2040.94
Current Y =1245.08
new S = 1296.83
Current S passed in conversion module :1296.83
Current d vector calculated :1.00035
Current S =1296.83
Current X =2041.18
Current Y =1245.48
new S = 1297.28
Current S passed in conversion module :1297.28
Current d vector calculated :1.00032
Current S =1297.28
Current X =2041.41
Current Y =1245.87
Previous Path size :44
dist increment = 0.5
end S = 1297.43
44
new S = 1297.43
Current S passed in conversion module :1297.43
Current d vector calculated :1.00032
Current S =1297.43
Current X =2041.49
Current Y =1246
new S = 1297.88
Current S passed in conversion module :1297.88
Current d vector calculated :1.00029
Current S =1297.88
Current X =2041.73
Current Y =1246.39
new S = 1298.33
Current S passed in conversion module :1298.33
Current d vector calculated :1.00027
Current S =1298.33
Current X =2041.97
Current Y =1246.79
new S = 1298.78
Current S passed in conversion module :1298.78
Current d vector calculated :1.00025
Current S =1298.78
Current X =2042.21
Current Y =1247.18
new S = 1299.23
Current S passed in conversion module :1299.23
Current d vector calculated :1.00023
Current S =1299.23
Current X =2042.44
Current Y =1247.57
new S = 1299.68
Current S passed in conversion module :1299.68
Current d vector calculated :1.0002
Current S =1299.68
Current X =2042.68
Current Y =1247.97
Previous Path size :43
dist increment = 0.5
end S = 1299.88
43
new S = 1299.88
Current S passed in conversion module :1299.88
Current d vector calculated :1.00019
Current S =1299.88
Current X =2042.78
Current Y =1248.14
new S = 1300.33
Current S passed in conversion module :1300.33
Current d vector calculated :1.00017
Current S =1300.33
Current X =2043.02
Current Y =1248.53
new S = 1300.78
Current S passed in conversion module :1300.78
Current d vector calculated :1.00015
Current S =1300.78
Current X =2043.26
Current Y =1248.92
new S = 1301.23
Current S passed in conversion module :1301.23
Current d vector calculated :1.00013
Current S =1301.23
Current X =2043.49
Current Y =1249.32
new S = 1301.68
Current S passed in conversion module :1301.68
Current d vector calculated :1.0001
Current S =1301.68
Current X =2043.73
Current Y =1249.71
new S = 1302.13
Current S passed in conversion module :1302.13
Current d vector calculated :1.00008
Current S =1302.13
Current X =2043.97
Current Y =1250.1
new S = 1302.58
Current S passed in conversion module :1302.58
Current d vector calculated :1.00006
Current S =1302.58
Current X =2044.2
Current Y =1250.49
Previous Path size :43
dist increment = 0.5
end S = 1302.83
43
new S = 1302.83
Current S passed in conversion module :1302.83
Current d vector calculated :1.00005
Current S =1302.83
Current X =2044.34
Current Y =1250.72
new S = 1303.28
Current S passed in conversion module :1303.28
Current d vector calculated :1.00003
Current S =1303.28
Current X =2044.58
Current Y =1251.11
new S = 1303.73
Current S passed in conversion module :1303.73
Current d vector calculated :1.00001
Current S =1303.73
Current X =2044.81
Current Y =1251.5
new S = 1304.18
Current S passed in conversion module :1304.18
Current d vector calculated :0.999994
Current S =1304.18
Current X =2045.08
Current Y =1251.98
new S = 1304.63
Current S passed in conversion module :1304.63
Current d vector calculated :0.999976
Current S =1304.63
Current X =2045.28
Current Y =1252.39
new S = 1305.08
Current S passed in conversion module :1305.08
Current d vector calculated :0.99996
Current S =1305.08
Current X =2045.48
Current Y =1252.81
new S = 1305.53
Current S passed in conversion module :1305.53
Current d vector calculated :0.999945
Current S =1305.53
Current X =2045.68
Current Y =1253.22
Previous Path size :44
dist increment = 0.5
end S = 1305.93
44
new S = 1305.93
Current S passed in conversion module :1305.93
Current d vector calculated :0.999932
Current S =1305.93
Current X =2045.86
Current Y =1253.58
new S = 1306.38
Current S passed in conversion module :1306.38
Current d vector calculated :0.999918
Current S =1306.38
Current X =2046.06
Current Y =1253.99
new S = 1306.83
Current S passed in conversion module :1306.83
Current d vector calculated :0.999905
Current S =1306.83
Current X =2046.26
Current Y =1254.4
new S = 1307.28
Current S passed in conversion module :1307.28
Current d vector calculated :0.999893
Current S =1307.28
Current X =2046.46
Current Y =1254.82
new S = 1307.73
Current S passed in conversion module :1307.73
Current d vector calculated :0.999881
Current S =1307.73
Current X =2046.66
Current Y =1255.23
new S = 1308.18
Current S passed in conversion module :1308.18
Current d vector calculated :0.999871
Current S =1308.18
Current X =2046.86
Current Y =1255.64
Previous Path size :43
dist increment = 0.5
end S = 1307.98
43
new S = 1307.98
Current S passed in conversion module :1307.98
Current d vector calculated :0.999875
Current S =1307.98
Current X =2046.77
Current Y =1255.46
new S = 1308.43
Current S passed in conversion module :1308.43
Current d vector calculated :0.999865
Current S =1308.43
Current X =2046.97
Current Y =1255.87
new S = 1308.88
Current S passed in conversion module :1308.88
Current d vector calculated :0.999856
Current S =1308.88
Current X =2047.17
Current Y =1256.29
new S = 1309.33
Current S passed in conversion module :1309.33
Current d vector calculated :0.999847
Current S =1309.33
Current X =2047.37
Current Y =1256.7
new S = 1309.78
Current S passed in conversion module :1309.78
Current d vector calculated :0.999839
Current S =1309.78
Current X =2047.57
Current Y =1257.11
new S = 1310.23
Current S passed in conversion module :1310.23
Current d vector calculated :0.999831
Current S =1310.23
Current X =2047.77
Current Y =1257.52
new S = 1310.68
Current S passed in conversion module :1310.68
Current d vector calculated :0.999825
Current S =1310.68
Current X =2047.97
Current Y =1257.93
